板块: 3193只 | 再平衡: 每20日(119期, 2016-11-30~2026-08-19) | top10 | 买<=-4%/卖>=+4% @MA20
选股: 217549 个(期×股)有效股息率, 用时18s
每期选中 10 只(中位), 选中股息率中位数 12.1%
高抛低吸回测: 706笔, 用时16s
==============================================================
个股层(已扣成本): 706笔  胜率48.4%  平均净+0.07%  PF1.02  平均持15根
==============================================================

按出场方式:
出场         笔数      占比      平均收益       胜率
HIGH      242   34.3%     9.39%    99.6%
SL        252   35.7%    -8.43%     0.0%
TIME       86   12.2%    -1.33%    38.4%
DESEL     126   17.8%     0.15%    54.0%

逐年(交易层):
  2016:     5笔  平均净+3.67%  胜率100%
  2017:    41笔  平均净+0.44%  胜率63%
  2018:   107笔  平均净-0.71%  胜率42%
  2019:    77笔  平均净+0.15%  胜率52%
  2020:    66笔  平均净-0.84%  胜率41%
  2021:    76笔  平均净+1.41%  胜率53%
  2022:    94笔  平均净+0.40%  胜率50%
  2023:    57笔  平均净-0.10%  胜率49%
  2024:    80笔  平均净-0.39%  胜率42%
  2025:    51笔  平均净+1.05%  胜率53%
  2026:    52笔  平均净-0.54%  胜率44%

交易明细: trades_dividend_band.csv

==============================================================
组合模拟(资金 100万, 每笔 10万, top10只高股息)
==============================================================
期末净值        : 105.3万  (初始 100万)
总收益率        : +5.3%    年化(CAGR) +0.5%
期间            : 2016-08-29 ~ 2026-08-25
最大回撤(日频)  : 22.9%
建仓 694 笔 / 跳过 12 笔 (命中率 98.3%)
并发持仓: 最大 10 | 平均 4.0 | 期末 0
日频夏普(年化)  : 0.10

==============================================================
基准: 买入持有高股息篮子(等权, hfq 全收益, 同期)
==============================================================
期末净值        : 1.46  (初始1)
总收益率        : +46.1%    年化(CAGR) +4.0%
最大回撤        : 29.7%
高抛低吸 vs 持有: +5.3% vs +46.1% → 持有篮子胜

逐年资金归属(高抛低吸, 日频净值):
  2016: 收益+0.2%  年内回撤0.6%  期末100万
  2017: 收益+2.6%  年内回撤5.7%  期末103万
  2018: 收益-9.7%  年内回撤19.0%  期末93万
  2019: 收益+1.5%  年内回撤17.1%  期末94万
  2020: 收益-2.2%  年内回撤10.4%  期末93万
  2021: 收益+4.6%  年内回撤11.2%  期末97万
  2022: 收益+2.9%  年内回撤11.5%  期末100万
  2023: 收益+5.6%  年内回撤7.0%  期末106万
  2024: 收益-1.1%  年内回撤11.0%  期末105万
  2025: 收益+3.0%  年内回撤4.5%  期末107万
  2026: 收益-2.5%  年内回撤13.0%  期末105万
净值曲线已保存: trades_dividend_band_nav_100w.csv
