login success!
2026-08-26 14:37:28,369 | INFO  | baostock 登录成功
2026-08-26 14:37:29,428 | INFO  | 数据区间: 2016-08-28 ~ 2026-08-25
2026-08-26 14:37:36,071 | INFO  | 共 5212 只 A 股
2026-08-26 14:37:42,022 | INFO  | [102/5212] sh.600136 ST明诚 取到2425条 | 已用6s ETA 298s
2026-08-26 14:37:47,766 | INFO  | [103/5212] sh.600137 浪莎股份 取到2425条 | 已用12s ETA 580s
2026-08-26 14:37:52,125 | INFO  | [104/5212] sh.600138 中青旅 取到2425条 | 已用16s ETA 788s
2026-08-26 14:37:59,489 | INFO  | [109/5212] sh.600150 中国船舶 取到2425条 | 已用23s ETA 1096s
2026-08-26 14:38:08,178 | INFO  | [110/5212] sh.600151 航天机电 取到2425条 | 已用32s ETA 1489s
2026-08-26 14:38:14,372 | INFO  | [111/5212] sh.600152 维科技术 取到2425条 | 已用38s ETA 1760s
2026-08-26 14:38:22,130 | INFO  | [112/5212] sh.600153 建发股份 取到2425条 | 已用46s ETA 2097s
2026-08-26 14:38:31,292 | INFO  | [117/5212] sh.600159 大龙地产 取到2425条 | 已用55s ETA 2404s
2026-08-26 14:38:36,550 | INFO  | [118/5212] sh.600160 巨化股份 取到2425条 | 已用60s ETA 2611s
2026-08-26 14:38:42,649 | INFO  | [119/5212] sh.600161 天坛生物 取到2425条 | 已用67s ETA 2849s
2026-08-26 14:38:49,034 | INFO  | [120/5212] sh.600162 香江控股 取到2425条 | 已用73s ETA 3096s
2026-08-26 14:38:54,247 | INFO  | [123/5212] sh.600166 福田汽车 取到2425条 | 已用78s ETA 3234s
2026-08-26 14:39:01,144 | INFO  | [124/5212] sh.600167 联美控股 取到2425条 | 已用85s ETA 3490s
2026-08-26 14:39:05,946 | INFO  | [125/5212] sh.600168 武汉控股 取到2425条 | 已用90s ETA 3657s
2026-08-26 14:39:10,017 | INFO  | [126/5212] sh.600169 ST太重 取到2425条 | 已用94s ETA 3792s
2026-08-26 14:39:16,682 | INFO  | [127/5212] sh.600170 上海建工 取到2425条 | 已用101s ETA 4028s
2026-08-26 14:39:29,829 | INFO  | [128/5212] sh.600171 上海贝岭 取到2425条 | 已用114s ETA 4518s
2026-08-26 14:39:49,040 | INFO  | [129/5212] sh.600172 黄河旋风 取到2425条 | 已用133s ETA 5239s
2026-08-26 14:39:53,936 | INFO  | [130/5212] sh.600173 卧龙新能 取到2425条 | 已用138s ETA 5389s
2026-08-26 14:40:02,953 | INFO  | [131/5212] sh.600176 中国巨石 取到2425条 | 已用147s ETA 5697s
2026-08-26 14:40:08,063 | INFO  | [132/5212] sh.600177 雅戈尔 取到2425条 | 已用152s ETA 5849s
2026-08-26 14:40:11,172 | INFO  | [133/5212] sh.600178 东安动力 取到2425条 | 已用155s ETA 5923s
2026-08-26 14:40:18,365 | INFO  | [134/5212] sh.600179 安通控股 取到2425条 | 已用162s ETA 6150s
2026-08-26 14:40:27,022 | INFO  | [135/5212] sh.600180 *ST瑞茂 取到2425条 | 已用171s ETA 6429s
2026-08-26 14:40:34,848 | INFO  | [136/5212] sh.600182 S佳通 取到2425条 | 已用179s ETA 6672s
2026-08-26 14:40:39,402 | INFO  | [137/5212] sh.600183 生益科技 取到2425条 | 已用183s ETA 6791s
2026-08-26 14:40:48,128 | INFO  | [138/5212] sh.600184 光电股份 取到2425条 | 已用192s ETA 7061s
2026-08-26 14:40:54,066 | INFO  | [139/5212] sh.600185 珠免集团 取到2425条 | 已用198s ETA 7226s
2026-08-26 14:40:59,531 | INFO  | [140/5212] sh.600186 莲花控股 取到2425条 | 已用203s ETA 7371s
2026-08-26 14:41:03,986 | INFO  | [141/5212] sh.600187 *ST国中 取到2425条 | 已用208s ETA 7477s
2026-08-26 14:41:17,080 | INFO  | [142/5212] sh.600188 兖矿能源 取到2425条 | 已用221s ETA 7891s
2026-08-26 14:41:20,849 | INFO  | [143/5212] sh.600189 泉阳泉 取到2425条 | 已用225s ETA 7968s
2026-08-26 14:41:26,430 | INFO  | [144/5212] sh.600191 华资实业 取到2425条 | 已用230s ETA 8107s
2026-08-26 14:41:36,425 | INFO  | [145/5212] sh.600192 长城电工 取到2425条 | 已用240s ETA 8399s
2026-08-26 14:41:41,417 | INFO  | [146/5212] sh.600195 中牧股份 取到2425条 | 已用245s ETA 8513s
2026-08-26 14:41:48,744 | INFO  | [147/5212] sh.600196 复星医药 取到2425条 | 已用253s ETA 8706s
2026-08-26 14:42:19,718 | INFO  | [148/5212] sh.600197 伊力特 取到2425条 | 已用284s ETA 9705s
2026-08-26 14:42:57,550 | INFO  | [149/5212] sh.600198 大唐电信 取到2425条 | 已用321s ETA 10924s
2026-08-26 14:43:05,510 | INFO  | [150/5212] sh.600199 金种子酒 取到2425条 | 已用329s ETA 11117s
2026-08-26 14:43:14,698 | INFO  | [151/5212] sh.600201 生物股份 取到2425条 | 已用339s ETA 11349s
2026-08-26 14:43:17,735 | INFO  | [152/5212] sh.600202 哈空调 取到2425条 | 已用342s ETA 11374s
2026-08-26 14:43:24,637 | INFO  | [153/5212] sh.600203 福日电子 取到2425条 | 已用349s ETA 11525s
2026-08-26 14:43:30,185 | INFO  | [154/5212] sh.600206 有研新材 取到2425条 | 已用354s ETA 11630s
2026-08-26 14:43:36,552 | INFO  | [155/5212] sh.600207 安彩高科 取到2425条 | 已用360s ETA 11761s
2026-08-26 14:43:40,595 | INFO  | [156/5212] sh.600208 衢州发展 取到2425条 | 已用365s ETA 11814s
2026-08-26 14:43:49,102 | INFO  | [157/5212] sh.600210 紫江企业 取到2425条 | 已用373s ETA 12010s
2026-08-26 14:43:52,986 | INFO  | [158/5212] sh.600211 西藏药业 取到2425条 | 已用377s ETA 12056s
2026-08-26 14:44:00,034 | INFO  | [159/5212] sh.600212 绿能慧充 取到2425条 | 已用384s ETA 12202s
2026-08-26 14:44:03,673 | INFO  | [160/5212] sh.600215 派斯林 取到2425条 | 已用388s ETA 12238s
2026-08-26 14:45:05,088 | INFO  | [161/5212] sh.600216 浙江医药 取到2425条 | 已用449s ETA 14087s
2026-08-26 14:45:09,061 | INFO  | [162/5212] sh.600217 中再资环 取到2425条 | 已用453s ETA 14121s
2026-08-26 14:45:13,728 | INFO  | [163/5212] sh.600218 全柴动力 取到2425条 | 已用458s ETA 14176s
2026-08-26 14:45:18,232 | INFO  | [164/5212] sh.600219 南山铝业 取到2425条 | 已用462s ETA 14225s
2026-08-26 14:45:24,038 | INFO  | [165/5212] sh.600221 海航控股 取到2425条 | 已用468s ETA 14314s
2026-08-26 14:45:32,434 | INFO  | [166/5212] sh.600222 太龙药业 取到2425条 | 已用476s ETA 14480s
2026-08-26 14:45:35,869 | INFO  | [167/5212] sh.600223 福瑞达 取到2425条 | 已用480s ETA 14494s
2026-08-26 14:45:39,324 | INFO  | [168/5212] sh.600226 亨通股份 取到2425条 | 已用483s ETA 14509s
2026-08-26 14:45:44,723 | INFO  | [169/5212] sh.600227 赤天化 取到2425条 | 已用489s ETA 14581s
2026-08-26 14:45:50,102 | INFO  | [170/5212] sh.600228 返利科技 取到2425条 | 已用494s ETA 14652s
2026-08-26 14:45:55,006 | INFO  | [171/5212] sh.600229 城市传媒 取到2425条 | 已用499s ETA 14708s
2026-08-26 14:46:02,638 | INFO  | [172/5212] sh.600230 沧州大化 取到2425条 | 已用507s ETA 14843s
2026-08-26 14:46:07,103 | INFO  | [173/5212] sh.600231 凌钢股份 取到2425条 | 已用511s ETA 14885s
2026-08-26 14:46:11,180 | INFO  | [174/5212] sh.600232 金鹰股份 取到2425条 | 已用515s ETA 14914s
2026-08-26 14:46:20,088 | INFO  | [175/5212] sh.600233 圆通速递 取到2425条 | 已用524s ETA 15083s
2026-08-26 14:46:24,158 | INFO  | [176/5212] sh.600234 科新发展 取到2425条 | 已用528s ETA 15110s
2026-08-26 14:46:27,435 | INFO  | [177/5212] sh.600235 民丰特纸 取到2425条 | 已用531s ETA 15115s
2026-08-26 14:46:31,992 | INFO  | [178/5212] sh.600236 桂冠电力 取到2425条 | 已用536s ETA 15156s
2026-08-26 14:46:39,463 | INFO  | [179/5212] sh.600237 铜峰电子 取到2425条 | 已用543s ETA 15279s
2026-08-26 14:46:44,666 | INFO  | [180/5212] sh.600238 ST椰岛 取到2425条 | 已用549s ETA 15336s
2026-08-26 14:46:49,352 | INFO  | [181/5212] sh.600239 ST云城 取到2425条 | 已用553s ETA 15379s
2026-08-26 14:46:54,454 | INFO  | [182/5212] sh.600241 时代万恒 取到2425条 | 已用558s ETA 15432s
2026-08-26 14:47:03,331 | INFO  | [183/5212] sh.600243 *ST海华 取到2425条 | 已用567s ETA 15589s
2026-08-26 14:47:07,643 | INFO  | [184/5212] sh.600246 万通发展 取到2425条 | 已用572s ETA 15619s
2026-08-26 14:47:16,002 | INFO  | [185/5212] sh.600248 陕建股份 取到2425条 | 已用580s ETA 15758s
2026-08-26 14:47:22,598 | INFO  | [186/5212] sh.600249 两面针 取到2425条 | 已用587s ETA 15849s
2026-08-26 14:47:26,552 | INFO  | [187/5212] sh.600250 南京商旅 取到2425条 | 已用590s ETA 15867s
2026-08-26 14:47:34,317 | INFO  | [188/5212] sh.600251 冠农股份 取到2425条 | 已用598s ETA 15987s
2026-08-26 14:47:38,618 | INFO  | [189/5212] sh.600252 中恒集团 取到2425条 | 已用603s ETA 16014s
2026-08-26 14:47:41,346 | INFO  | [190/5212] sh.600255 鑫科材料 取到2425条 | 已用605s ETA 15998s
2026-08-26 14:47:47,919 | INFO  | [191/5212] sh.600256 广汇能源 取到2425条 | 已用612s ETA 16084s
2026-08-26 14:47:53,017 | INFO  | [192/5212] sh.600257 大湖股份 取到2425条 | 已用617s ETA 16130s
2026-08-26 14:47:57,110 | INFO  | [193/5212] sh.600258 首旅酒店 取到2425条 | 已用621s ETA 16150s
2026-08-26 14:48:00,471 | INFO  | [194/5212] sh.600259 中稀有色 取到2425条 | 已用624s ETA 16151s
2026-08-26 14:48:05,746 | INFO  | [195/5212] sh.600261 阳光照明 取到2425条 | 已用630s ETA 16200s
2026-08-26 14:48:16,982 | INFO  | [196/5212] sh.600262 北方股份 取到2425条 | 已用641s ETA 16402s
2026-08-26 14:48:29,479 | INFO  | [197/5212] sh.600265 *ST景谷 取到2425条 | 已用653s ETA 16634s
2026-08-26 14:48:38,517 | INFO  | [198/5212] sh.600266 城建发展 取到2425条 | 已用662s ETA 16775s
2026-08-26 14:48:41,894 | INFO  | [199/5212] sh.600267 海正药业 取到2425条 | 已用666s ETA 16773s
2026-08-26 14:48:45,095 | INFO  | [200/5212] sh.600268 国电南自 取到2425条 | 已用669s ETA 16766s
2026-08-26 14:48:49,591 | INFO  | [201/5212] sh.600269 赣粤高速 取到2425条 | 已用674s ETA 16791s
2026-08-26 14:49:01,861 | INFO  | [202/5212] sh.600271 航天信息 取到2425条 | 已用686s ETA 17009s
2026-08-26 14:49:06,438 | INFO  | [203/5212] sh.600272 开开实业 取到2425条 | 已用690s ETA 17035s
2026-08-26 14:49:11,024 | INFO  | [204/5212] sh.600273 嘉化能源 取到2425条 | 已用695s ETA 17060s
2026-08-26 14:49:21,006 | INFO  | [205/5212] sh.600276 恒瑞医药 取到2425条 | 已用705s ETA 17217s
2026-08-26 14:49:33,176 | INFO  | [206/5212] sh.600278 东方创业 取到2425条 | 已用717s ETA 17426s
2026-08-26 14:49:49,219 | INFO  | [207/5212] sh.600279 重庆港 取到2425条 | 已用733s ETA 17726s
2026-08-26 14:49:56,905 | INFO  | [208/5212] sh.600280 中央商场 取到2425条 | 已用741s ETA 17823s
2026-08-26 14:50:02,379 | INFO  | [209/5212] sh.600281 华阳新材 取到2425条 | 已用746s ETA 17865s
2026-08-26 14:50:10,291 | INFO  | [210/5212] sh.600282 南钢股份 取到2425条 | 已用754s ETA 17965s
2026-08-26 14:50:16,805 | INFO  | [211/5212] sh.600283 钱江水利 取到2425条 | 已用761s ETA 18030s
2026-08-26 14:50:20,879 | INFO  | [212/5212] sh.600284 浦东建设 取到2425条 | 已用765s ETA 18038s
2026-08-26 14:50:30,438 | INFO  | [213/5212] sh.600285 羚锐制药 取到2425条 | 已用774s ETA 18174s
2026-08-26 14:50:38,249 | INFO  | [214/5212] sh.600287 苏豪时尚 取到2425条 | 已用782s ETA 18268s
2026-08-26 14:50:45,617 | INFO  | [215/5212] sh.600288 大恒科技 取到2425条 | 已用790s ETA 18350s
2026-08-26 14:50:49,337 | INFO  | [216/5212] sh.600289 ST信通 取到2425条 | 已用793s ETA 18348s
2026-08-26 14:50:59,517 | INFO  | [217/5212] sh.600292 电投水电 取到2425条 | 已用803s ETA 18494s
2026-08-26 14:51:05,013 | INFO  | [218/5212] sh.600293 三峡新材 取到2425条 | 已用809s ETA 18531s
2026-08-26 14:51:13,182 | INFO  | [219/5212] sh.600295 鄂尔多斯 取到2425条 | 已用817s ETA 18629s
2026-08-26 14:51:18,878 | INFO  | [220/5212] sh.600298 安琪酵母 取到2425条 | 已用823s ETA 18670s
2026-08-26 14:51:26,786 | INFO  | [221/5212] sh.600299 安迪苏 取到2425条 | 已用831s ETA 18761s
2026-08-26 14:51:29,944 | INFO  | [222/5212] sh.600300 维维股份 取到2425条 | 已用834s ETA 18743s
2026-08-26 14:51:34,857 | INFO  | [223/5212] sh.600301 华锡有色 取到2425条 | 已用839s ETA 18765s
2026-08-26 14:51:38,388 | INFO  | [224/5212] sh.600302 ST标准 取到2425条 | 已用842s ETA 18756s
2026-08-26 14:51:42,534 | INFO  | [225/5212] sh.600303 曙光股份 取到2425条 | 已用846s ETA 18761s
2026-08-26 14:51:48,044 | INFO  | [226/5212] sh.600305 恒顺醋业 取到2425条 | 已用852s ETA 18796s
2026-08-26 14:51:55,335 | INFO  | [227/5212] sh.600307 酒钢宏兴 取到2425条 | 已用859s ETA 18870s
2026-08-26 14:51:58,322 | INFO  | [228/5212] sh.600308 华泰股份 取到2425条 | 已用862s ETA 18848s
2026-08-26 14:52:09,808 | INFO  | [229/5212] sh.600309 万华化学 取到2425条 | 已用874s ETA 19012s
2026-08-26 14:52:15,321 | INFO  | [230/5212] sh.600310 广西能源 取到2425条 | 已用879s ETA 19045s
2026-08-26 14:52:20,463 | INFO  | [231/5212] sh.600312 平高电气 取到2425条 | 已用884s ETA 19070s
2026-08-26 14:52:25,161 | INFO  | [232/5212] sh.600313 农发种业 取到2425条 | 已用889s ETA 19085s
2026-08-26 14:52:29,604 | INFO  | [233/5212] sh.600315 上海家化 取到2425条 | 已用894s ETA 19094s
2026-08-26 14:52:36,342 | INFO  | [234/5212] sh.600316 洪都航空 取到2425条 | 已用900s ETA 19152s
2026-08-26 14:52:39,361 | INFO  | [235/5212] sh.600318 新力金融 取到2425条 | 已用903s ETA 19130s
2026-08-26 14:52:41,785 | INFO  | [236/5212] sh.600319 亚星化学 取到2425条 | 已用906s ETA 19097s
2026-08-26 14:52:50,550 | INFO  | [237/5212] sh.600320 振华重工 取到2425条 | 已用914s ETA 19196s
2026-08-26 14:52:54,559 | INFO  | [238/5212] sh.600322 津投城开 取到2425条 | 已用918s ETA 19196s
2026-08-26 14:53:07,974 | INFO  | [239/5212] sh.600323 瀚蓝环境 取到2425条 | 已用932s ETA 19390s
2026-08-26 14:53:16,413 | INFO  | [240/5212] sh.600325 华发股份 取到2425条 | 已用940s ETA 19481s
2026-08-26 14:53:23,076 | INFO  | [241/5212] sh.600326 西藏天路 取到2425条 | 已用947s ETA 19533s
2026-08-26 14:53:27,831 | INFO  | [242/5212] sh.600327 大东方 取到2425条 | 已用952s ETA 19546s
2026-08-26 14:53:32,562 | INFO  | [243/5212] sh.600328 中盐化工 取到2425条 | 已用956s ETA 19559s
2026-08-26 14:53:38,831 | INFO  | [244/5212] sh.600329 达仁堂 取到2425条 | 已用963s ETA 19602s
2026-08-26 14:53:48,009 | INFO  | [245/5212] sh.600330 天通股份 取到2425条 | 已用972s ETA 19704s
2026-08-26 14:53:53,241 | INFO  | [246/5212] sh.600331 宏达股份 取到2425条 | 已用977s ETA 19726s
2026-08-26 14:53:58,633 | INFO  | [247/5212] sh.600332 白云山 取到2425条 | 已用983s ETA 19751s
2026-08-26 14:54:07,115 | INFO  | [248/5212] sh.600333 长春燃气 取到2425条 | 已用991s ETA 19837s
2026-08-26 14:54:11,692 | INFO  | [249/5212] sh.600335 国机汽车 取到2425条 | 已用996s ETA 19844s
2026-08-26 14:54:14,108 | INFO  | [250/5212] sh.600336 澳柯玛 取到2425条 | 已用998s ETA 19809s
2026-08-26 14:54:18,520 | INFO  | [251/5212] sh.600337 ST美克 取到2425条 | 已用1002s ETA 19813s
2026-08-26 14:54:28,399 | INFO  | [252/5212] sh.600338 西藏珠峰 取到2425条 | 已用1012s ETA 19925s
2026-08-26 14:54:36,762 | INFO  | [253/5212] sh.600339 中油工程 取到2425条 | 已用1021s ETA 20006s
2026-08-26 14:54:45,390 | INFO  | [254/5212] sh.600340 *ST华幸 取到2425条 | 已用1029s ETA 20092s
2026-08-26 14:54:56,971 | INFO  | [255/5212] sh.600343 航天动力 取到2425条 | 已用1041s ETA 20234s
2026-08-26 14:55:02,931 | INFO  | [256/5212] sh.600345 长江通信 取到2425条 | 已用1047s ETA 20266s
2026-08-26 14:55:06,898 | INFO  | [257/5212] sh.600346 恒力石化 取到2425条 | 已用1051s ETA 20260s
2026-08-26 14:55:13,340 | INFO  | [258/5212] sh.600348 华阳股份 取到2425条 | 已用1057s ETA 20301s
2026-08-26 14:55:17,434 | INFO  | [259/5212] sh.600350 山东高速 取到2425条 | 已用1061s ETA 20297s
2026-08-26 14:55:22,708 | INFO  | [260/5212] sh.600351 亚宝药业 取到2425条 | 已用1067s ETA 20315s
2026-08-26 14:55:29,700 | INFO  | [261/5212] sh.600352 浙江龙盛 取到2425条 | 已用1074s ETA 20366s
2026-08-26 14:55:39,759 | INFO  | [262/5212] sh.600353 旭光电子 取到2425条 | 已用1084s ETA 20474s
2026-08-26 14:55:44,033 | INFO  | [263/5212] sh.600354 敦煌种业 取到2425条 | 已用1088s ETA 20473s
2026-08-26 14:55:51,073 | INFO  | [264/5212] sh.600356 恒丰纸业 取到2425条 | 已用1095s ETA 20523s
2026-08-26 14:56:28,173 | INFO  | [265/5212] sh.600358 国旅联合 取到2425条 | 已用1132s ETA 21134s
2026-08-26 14:56:34,206 | INFO  | [266/5212] sh.600359 新农开发 取到2425条 | 已用1138s ETA 21162s
2026-08-26 14:56:42,665 | INFO  | [267/5212] sh.600360 华微电子 取到2425条 | 已用1147s ETA 21236s
2026-08-26 14:56:48,143 | INFO  | [268/5212] sh.600361 创新新材 取到2425条 | 已用1152s ETA 21253s
2026-08-26 14:56:53,709 | INFO  | [269/5212] sh.600362 江西铜业 取到2425条 | 已用1158s ETA 21272s
2026-08-26 14:57:03,832 | INFO  | [270/5212] sh.600363 联创光电 取到2425条 | 已用1168s ETA 21374s
2026-08-26 14:57:07,738 | INFO  | [271/5212] sh.600365 ST通葡 取到2425条 | 已用1172s ETA 21362s
2026-08-26 14:57:12,378 | INFO  | [272/5212] sh.600366 宁波韵升 取到2425条 | 已用1176s ETA 21364s
2026-08-26 14:57:25,745 | INFO  | [273/5212] sh.600367 红星发展 取到2425条 | 已用1190s ETA 21523s
2026-08-26 14:57:32,285 | INFO  | [274/5212] sh.600368 五洲交通 取到2425条 | 已用1196s ETA 21558s
2026-08-26 14:57:37,141 | INFO  | [275/5212] sh.600369 西南证券 取到2425条 | 已用1201s ETA 21562s
2026-08-26 14:57:41,061 | INFO  | [276/5212] sh.600370 *ST三房 取到2425条 | 已用1205s ETA 21550s
2026-08-26 14:57:46,401 | INFO  | [277/5212] sh.600371 万向德农 取到2425条 | 已用1210s ETA 21563s
2026-08-26 14:57:49,829 | INFO  | [278/5212] sh.600372 中航机载 取到2425条 | 已用1214s ETA 21542s
2026-08-26 14:57:57,395 | INFO  | [279/5212] sh.600373 中文传媒 取到2425条 | 已用1221s ETA 21594s
2026-08-26 14:58:09,963 | INFO  | [280/5212] sh.600375 汉马科技 取到2425条 | 已用1234s ETA 21734s
2026-08-26 14:58:15,561 | INFO  | [281/5212] sh.600376 首开股份 取到2425条 | 已用1239s ETA 21751s
2026-08-26 14:58:19,718 | INFO  | [282/5212] sh.600377 宁沪高速 取到2425条 | 已用1244s ETA 21742s
2026-08-26 14:58:27,948 | INFO  | [283/5212] sh.600378 昊华科技 取到2425条 | 已用1252s ETA 21804s
2026-08-26 14:58:31,698 | INFO  | [284/5212] sh.600379 宝光股份 取到2425条 | 已用1256s ETA 21788s
2026-08-26 14:59:04,154 | INFO  | [285/5212] sh.600380 健康元 取到2425条 | 已用1288s ETA 22268s
2026-08-26 14:59:11,073 | INFO  | [286/5212] sh.600381 *ST春天 取到2425条 | 已用1295s ETA 22305s
2026-08-26 14:59:18,878 | INFO  | [287/5212] sh.600382 广东明珠 取到2425条 | 已用1303s ETA 22356s
2026-08-26 14:59:37,570 | INFO  | [288/5212] sh.600383 金地集团 取到2425条 | 已用1321s ETA 22594s
2026-08-26 14:59:44,494 | INFO  | [289/5212] sh.600386 北巴传媒 取到2425条 | 已用1328s ETA 22629s
2026-08-26 14:59:48,856 | INFO  | [290/5212] sh.600388 紫金龙净 取到2425条 | 已用1333s ETA 22620s
2026-08-26 14:59:56,442 | INFO  | [291/5212] sh.600389 江山股份 取到2425条 | 已用1340s ETA 22666s
2026-08-26 15:00:02,883 | INFO  | [292/5212] sh.600390 五矿资本 取到2425条 | 已用1347s ETA 22693s
2026-08-26 15:00:14,967 | INFO  | [293/5212] sh.600391 航发科技 取到2425条 | 已用1359s ETA 22814s
2026-08-26 15:00:22,765 | INFO  | [294/5212] sh.600392 盛和资源 取到2425条 | 已用1367s ETA 22862s
2026-08-26 15:00:34,609 | INFO  | [295/5212] sh.600395 盘江股份 取到2425条 | 已用1379s ETA 22977s
2026-08-26 15:00:41,894 | INFO  | [296/5212] sh.600396 华电辽能 取到2425条 | 已用1386s ETA 23016s
2026-08-26 15:00:45,903 | INFO  | [297/5212] sh.600397 江钨装备 取到2425条 | 已用1390s ETA 23000s
2026-08-26 15:00:49,883 | INFO  | [298/5212] sh.600398 海澜之家 取到2425条 | 已用1394s ETA 22984s
2026-08-26 15:00:57,449 | INFO  | [299/5212] sh.600399 抚顺特钢 取到2425条 | 已用1401s ETA 23027s
2026-08-26 15:01:03,057 | INFO  | [300/5212] sh.600400 红豆股份 取到2425条 | 已用1407s ETA 23037s
2026-08-26 15:01:09,119 | INFO  | [301/5212] sh.600403 大有能源 取到2425条 | 已用1413s ETA 23055s
2026-08-26 15:01:14,725 | INFO  | [302/5212] sh.600405 动力源 取到2425条 | 已用1419s ETA 23065s
2026-08-26 15:01:38,882 | INFO  | [303/5212] sh.600406 国电南瑞 取到2425条 | 已用1443s ETA 23375s
2026-08-26 15:01:45,468 | INFO  | [304/5212] sh.600408 安泰集团 取到2425条 | 已用1449s ETA 23400s
2026-08-26 15:01:49,570 | INFO  | [305/5212] sh.600409 三友化工 取到2425条 | 已用1453s ETA 23385s
2026-08-26 15:01:57,827 | INFO  | [306/5212] sh.600410 华胜天成 取到2425条 | 已用1462s ETA 23436s
2026-08-26 15:02:08,128 | INFO  | [307/5212] sh.600415 小商品城 取到2425条 | 已用1472s ETA 23519s
2026-08-26 15:02:13,471 | INFO  | [308/5212] sh.600416 湘电股份 取到2425条 | 已用1477s ETA 23523s
2026-08-26 15:02:20,553 | INFO  | [309/5212] sh.600418 江淮汽车 取到2425条 | 已用1484s ETA 23555s
2026-08-26 15:02:28,064 | INFO  | [310/5212] sh.600419 天润乳业 取到2425条 | 已用1492s ETA 23593s
2026-08-26 15:02:34,543 | INFO  | [311/5212] sh.600420 国药现代 取到2425条 | 已用1498s ETA 23614s
2026-08-26 15:02:43,556 | INFO  | [312/5212] sh.600422 昆药集团 取到2425条 | 已用1507s ETA 23675s
2026-08-26 15:02:52,829 | INFO  | [313/5212] sh.600423 *ST柳化 取到2425条 | 已用1517s ETA 23740s
2026-08-26 15:03:11,193 | INFO  | [314/5212] sh.600425 青松建化 取到2425条 | 已用1535s ETA 23946s
2026-08-26 15:03:20,744 | INFO  | [315/5212] sh.600426 华鲁恒升 取到2425条 | 已用1545s ETA 24013s
2026-08-26 15:03:27,975 | INFO  | [316/5212] sh.600428 中远海特 取到2425条 | 已用1552s ETA 24045s
2026-08-26 15:03:32,453 | INFO  | [317/5212] sh.600429 三元股份 取到2425条 | 已用1556s ETA 24033s
2026-08-26 15:03:40,244 | INFO  | [318/5212] sh.600433 冠豪高新 取到2425条 | 已用1564s ETA 24072s
2026-08-26 15:03:51,334 | INFO  | [319/5212] sh.600435 北方导航 取到2425条 | 已用1575s ETA 24162s
2026-08-26 15:03:57,978 | INFO  | [320/5212] sh.600436 片仔癀 取到2425条 | 已用1582s ETA 24183s
2026-08-26 15:04:02,682 | INFO  | [321/5212] sh.600438 通威股份 取到2425条 | 已用1587s ETA 24175s
2026-08-26 15:04:04,982 | INFO  | [322/5212] sh.600439 ST瑞贝卡 取到2425条 | 已用1589s ETA 24130s
2026-08-26 15:04:15,485 | INFO  | [323/5212] sh.600444 国机通用 取到2425条 | 已用1599s ETA 24209s
2026-08-26 15:04:21,499 | INFO  | [324/5212] sh.600446 金证股份 取到2425条 | 已用1605s ETA 24220s
2026-08-26 15:04:27,050 | INFO  | [325/5212] sh.600448 华纺股份 取到2425条 | 已用1611s ETA 24224s
2026-08-26 15:04:41,622 | INFO  | [326/5212] sh.600449 宁夏建材 取到2425条 | 已用1626s ETA 24363s
2026-08-26 15:04:56,069 | INFO  | [327/5212] sh.600452 涪陵电力 取到2425条 | 已用1640s ETA 24500s
2026-08-26 15:05:01,007 | INFO  | [328/5212] sh.600455 博通股份 取到2425条 | 已用1645s ETA 24493s
2026-08-26 15:05:07,072 | INFO  | [329/5212] sh.600456 宝钛股份 取到2425条 | 已用1651s ETA 24504s
2026-08-26 15:05:14,265 | INFO  | [330/5212] sh.600458 时代新材 取到2425条 | 已用1658s ETA 24531s
2026-08-26 15:05:46,781 | INFO  | [331/5212] sh.600459 贵研铂业 取到2425条 | 已用1691s ETA 24932s
2026-08-26 15:06:04,067 | INFO  | [332/5212] sh.600460 士兰微 取到2425条 | 已用1708s ETA 25105s
2026-08-26 15:06:21,207 | INFO  | [333/5212] sh.600461 洪城环境 取到2425条 | 已用1725s ETA 25276s
2026-08-26 15:06:30,604 | INFO  | [334/5212] sh.600463 空港股份 取到2425条 | 已用1735s ETA 25332s
2026-08-26 15:06:40,988 | INFO  | [335/5212] sh.600467 好当家 取到2425条 | 已用1745s ETA 25403s
2026-08-26 15:06:46,698 | INFO  | [336/5212] sh.600468 百利电气 取到2425条 | 已用1751s ETA 25405s
2026-08-26 15:06:49,430 | INFO  | [337/5212] sh.600469 风神股份 取到2425条 | 已用1753s ETA 25364s
2026-08-26 15:06:58,954 | INFO  | [338/5212] sh.600470 六国化工 取到2425条 | 已用1763s ETA 25421s
2026-08-26 15:07:20,323 | INFO  | [339/5212] sh.600475 华光环能 取到2425条 | 已用1784s ETA 25648s
2026-08-26 15:07:31,062 | INFO  | [340/5212] sh.600476 *ST湘邮 取到2425条 | 已用1795s ETA 25721s
2026-08-26 15:07:36,879 | INFO  | [341/5212] sh.600477 杭萧钢构 取到2425条 | 已用1801s ETA 25723s
2026-08-26 15:07:43,963 | INFO  | [342/5212] sh.600478 科力远 取到2425条 | 已用1808s ETA 25744s
2026-08-26 15:07:55,373 | INFO  | [343/5212] sh.600479 千金药业 取到2425条 | 已用1819s ETA 25826s
2026-08-26 15:07:59,045 | INFO  | [344/5212] sh.600480 凌云股份 取到2425条 | 已用1823s ETA 25797s
2026-08-26 15:08:04,650 | INFO  | [345/5212] sh.600481 双良节能 取到2425条 | 已用1829s ETA 25796s
2026-08-26 15:08:12,440 | INFO  | [346/5212] sh.600482 中国动力 取到2425条 | 已用1836s ETA 25826s
2026-08-26 15:08:19,407 | INFO  | [347/5212] sh.600483 福能股份 取到2425条 | 已用1843s ETA 25844s
2026-08-26 15:08:24,190 | INFO  | [348/5212] sh.600486 扬农化工 取到2425条 | 已用1848s ETA 25831s
2026-08-26 15:08:32,148 | INFO  | [349/5212] sh.600487 亨通光电 取到2425条 | 已用1856s ETA 25863s
2026-08-26 15:08:39,646 | INFO  | [350/5212] sh.600488 津药药业 取到2425条 | 已用1864s ETA 25888s
2026-08-26 15:08:45,711 | INFO  | [351/5212] sh.600489 中金黄金 取到2425条 | 已用1870s ETA 25893s
