2026-08-26 19:58:11,635 | INFO  | baostock 登录成功
2026-08-26 19:58:14,460 | INFO  | 数据区间: 2016-08-28 ~ 2026-08-25
2026-08-26 19:58:24,062 | INFO  | 共 5212 只 A 股
2026-08-26 19:58:25,435 | INFO  | worker 登录成功
2026-08-26 19:58:27,147 | INFO  | worker 登录成功
2026-08-26 19:58:34,750 | INFO  | [4088/5212] sz.300303 聚飞光电 取到2425条 | 已用11s ETA 3s
2026-08-26 19:58:38,225 | INFO  | [4096/5212] sz.300313 天山生物 取到2425条 | 已用14s ETA 4s
2026-08-26 19:59:59,784 | INFO  | [4097/5212] sz.300322 硕贝德 取到2425条 | 已用96s ETA 26s
2026-08-26 19:59:59,784 | INFO  | [4098/5212] sz.300323 华灿光电 取到2425条 | 已用96s ETA 26s
2026-08-26 19:59:59,784 | INFO  | [4099/5212] sz.300324 旋极信息 取到2425条 | 已用96s ETA 26s
2026-08-26 19:59:59,785 | INFO  | [4100/5212] sz.300326 ST凯利 取到2425条 | 已用96s ETA 26s
2026-08-26 19:59:59,785 | INFO  | [4101/5212] sz.300327 中颖电子 取到2425条 | 已用96s ETA 26s
2026-08-26 19:59:59,785 | INFO  | [4102/5212] sz.300328 宜安科技 取到2425条 | 已用96s ETA 26s
2026-08-26 19:59:59,785 | INFO  | [4103/5212] sz.300329 海伦钢琴 取到2425条 | 已用96s ETA 26s
2026-08-26 19:59:59,785 | INFO  | [4104/5212] sz.300331 苏大维格 取到2425条 | 已用96s ETA 26s
2026-08-26 20:00:30,203 | INFO  | [4105/5212] sz.300314 戴维医疗 取到2425条 | 已用126s ETA 34s
2026-08-26 20:00:30,203 | INFO  | [4106/5212] sz.300315 掌趣科技 取到2425条 | 已用126s ETA 34s
2026-08-26 20:00:30,203 | INFO  | [4107/5212] sz.300316 晶盛机电 取到2425条 | 已用126s ETA 34s
2026-08-26 20:00:30,203 | INFO  | [4108/5212] sz.300317 珈伟新能 取到2425条 | 已用126s ETA 34s
2026-08-26 20:00:30,203 | INFO  | [4109/5212] sz.300318 博晖创新 取到2425条 | 已用126s ETA 34s
2026-08-26 20:00:30,203 | INFO  | [4110/5212] sz.300319 麦捷科技 取到2425条 | 已用126s ETA 34s
2026-08-26 20:00:30,203 | INFO  | [4111/5212] sz.300320 海达股份 取到2425条 | 已用126s ETA 34s
2026-08-26 20:00:30,203 | INFO  | [4112/5212] sz.300321 同大股份 取到2425条 | 已用126s ETA 34s
2026-08-26 20:01:46,827 | INFO  | [4113/5212] sz.300332 天壕能源 取到2425条 | 已用203s ETA 54s
2026-08-26 20:01:46,828 | INFO  | [4114/5212] sz.300333 兆日科技 取到2425条 | 已用203s ETA 54s
2026-08-26 20:01:46,829 | INFO  | [4115/5212] sz.300334 津膜科技 取到2425条 | 已用203s ETA 54s
2026-08-26 20:01:46,829 | INFO  | [4116/5212] sz.300335 迪森股份 取到2425条 | 已用203s ETA 54s
2026-08-26 20:01:46,831 | INFO  | [4117/5212] sz.300337 银邦股份 取到2425条 | 已用203s ETA 54s
2026-08-26 20:01:46,832 | INFO  | [4118/5212] sz.300338 *ST开元 取到2425条 | 已用203s ETA 54s
2026-08-26 20:01:46,833 | INFO  | [4119/5212] sz.300339 润和软件 取到2425条 | 已用203s ETA 54s
2026-08-26 20:01:46,835 | INFO  | [4120/5212] sz.300340 科恒股份 取到2425条 | 已用203s ETA 54s
2026-08-26 20:01:58,942 | INFO  | [4121/5212] sz.300341 麦克奥迪 取到2425条 | 已用215s ETA 57s
2026-08-26 20:01:58,942 | INFO  | [4122/5212] sz.300342 天银机电 取到2425条 | 已用215s ETA 57s
2026-08-26 20:01:58,942 | INFO  | [4123/5212] sz.300343 联创股份 取到2425条 | 已用215s ETA 57s
2026-08-26 20:01:58,942 | INFO  | [4124/5212] sz.300345 华民股份 取到2425条 | 已用215s ETA 57s
2026-08-26 20:01:58,942 | INFO  | [4125/5212] sz.300346 南大光电 取到2425条 | 已用215s ETA 57s
2026-08-26 20:01:58,942 | INFO  | [4126/5212] sz.300347 泰格医药 取到2425条 | 已用215s ETA 57s
2026-08-26 20:01:58,942 | INFO  | [4127/5212] sz.300348 长亮科技 取到2425条 | 已用215s ETA 56s
2026-08-26 20:01:58,942 | INFO  | [4128/5212] sz.300349 金卡智能 取到2425条 | 已用215s ETA 56s
2026-08-26 20:03:06,578 | INFO  | [4129/5212] sz.300350 华鹏飞 取到2425条 | 已用283s ETA 74s
2026-08-26 20:03:06,578 | INFO  | [4130/5212] sz.300351 永贵电器 取到2425条 | 已用283s ETA 74s
2026-08-26 20:03:06,578 | INFO  | [4131/5212] sz.300352 ST信源 取到2425条 | 已用283s ETA 74s
2026-08-26 20:03:06,579 | INFO  | [4132/5212] sz.300353 东土科技 取到2425条 | 已用283s ETA 74s
2026-08-26 20:03:06,579 | INFO  | [4133/5212] sz.300354 东华测试 取到2425条 | 已用283s ETA 74s
2026-08-26 20:03:06,579 | INFO  | [4134/5212] sz.300355 蒙草生态 取到2425条 | 已用283s ETA 74s
2026-08-26 20:03:06,579 | INFO  | [4135/5212] sz.300357 我武生物 取到2425条 | 已用283s ETA 74s
2026-08-26 20:03:06,579 | INFO  | [4136/5212] sz.300358 楚天科技 取到2425条 | 已用283s ETA 73s
2026-08-26 20:03:29,069 | INFO  | [4137/5212] sz.300359 全通教育 取到2425条 | 已用305s ETA 79s
2026-08-26 20:03:29,070 | INFO  | [4138/5212] sz.300360 炬华科技 取到2425条 | 已用305s ETA 79s
2026-08-26 20:03:29,070 | INFO  | [4139/5212] sz.300363 博腾股份 取到2425条 | 已用305s ETA 79s
2026-08-26 20:03:29,070 | INFO  | [4140/5212] sz.300364 中文在线 取到2425条 | 已用305s ETA 79s
2026-08-26 20:03:29,070 | INFO  | [4141/5212] sz.300365 恒华科技 取到2425条 | 已用305s ETA 79s
2026-08-26 20:03:29,070 | INFO  | [4142/5212] sz.300366 ST创意 取到2425条 | 已用305s ETA 79s
2026-08-26 20:03:29,070 | INFO  | [4143/5212] sz.300368 汇金股份 取到2425条 | 已用305s ETA 79s
2026-08-26 20:03:29,070 | INFO  | [4144/5212] sz.300369 绿盟科技 取到2425条 | 已用305s ETA 79s
2026-08-26 20:04:51,480 | INFO  | [4145/5212] sz.300370 安控科技 取到2425条 | 已用387s ETA 100s
2026-08-26 20:04:51,480 | INFO  | [4146/5212] sz.300371 汇中股份 取到2425条 | 已用387s ETA 100s
2026-08-26 20:04:51,480 | INFO  | [4147/5212] sz.300373 扬杰科技 取到2425条 | 已用387s ETA 99s
2026-08-26 20:04:51,480 | INFO  | [4148/5212] sz.300374 中铁装配 取到2425条 | 已用387s ETA 99s
2026-08-26 20:04:51,481 | INFO  | [4149/5212] sz.300375 鹏翎股份 取到2425条 | 已用387s ETA 99s
2026-08-26 20:04:51,481 | INFO  | [4150/5212] sz.300376 易事特 取到2425条 | 已用387s ETA 99s
2026-08-26 20:04:51,481 | INFO  | [4151/5212] sz.300377 赢时胜 取到2425条 | 已用387s ETA 99s
2026-08-26 20:04:51,481 | INFO  | [4152/5212] sz.300378 鼎捷数智 取到2425条 | 已用387s ETA 99s
2026-08-26 20:05:01,393 | INFO  | [4153/5212] sz.300380 安硕信息 取到2425条 | 已用397s ETA 101s
2026-08-26 20:05:01,393 | INFO  | [4154/5212] sz.300381 溢多利 取到2425条 | 已用397s ETA 101s
2026-08-26 20:05:01,393 | INFO  | [4155/5212] sz.300382 斯莱克 取到2425条 | 已用397s ETA 101s
2026-08-26 20:05:01,394 | INFO  | [4156/5212] sz.300383 光环新网 取到2425条 | 已用397s ETA 101s
2026-08-26 20:05:01,394 | INFO  | [4157/5212] sz.300384 三联虹普 取到2425条 | 已用397s ETA 101s
2026-08-26 20:05:01,394 | INFO  | [4158/5212] sz.300385 ST雪浪 取到2425条 | 已用397s ETA 101s
2026-08-26 20:05:01,394 | INFO  | [4159/5212] sz.300386 飞天诚信 取到2425条 | 已用397s ETA 101s
2026-08-26 20:05:01,394 | INFO  | [4160/5212] sz.300387 富邦科技 取到2425条 | 已用397s ETA 100s
2026-08-26 20:06:26,257 | INFO  | [4161/5212] sz.300398 飞凯材料 取到2425条 | 已用482s ETA 122s
2026-08-26 20:06:26,258 | INFO  | [4162/5212] sz.300399 天利科技 取到2425条 | 已用482s ETA 122s
2026-08-26 20:06:26,258 | INFO  | [4163/5212] sz.300400 劲拓股份 取到2425条 | 已用482s ETA 122s
2026-08-26 20:06:26,258 | INFO  | [4164/5212] sz.300401 花园生物 取到2425条 | 已用482s ETA 121s
2026-08-26 20:06:26,258 | INFO  | [4165/5212] sz.300402 宝色股份 取到2425条 | 已用482s ETA 121s
2026-08-26 20:06:26,258 | INFO  | [4166/5212] sz.300403 汉宇集团 取到2425条 | 已用482s ETA 121s
2026-08-26 20:06:26,258 | INFO  | [4167/5212] sz.300404 博济医药 取到2425条 | 已用482s ETA 121s
2026-08-26 20:06:26,258 | INFO  | [4168/5212] sz.300405 科隆股份 取到2425条 | 已用482s ETA 121s
2026-08-26 20:06:48,201 | WARNING | sz.300395 第1次请求失败: error_code=10002007 msg=网络接收错误。
2026-08-26 20:06:51,980 | WARNING | sz.300408 第1次请求失败: error_code=10001001 msg=用户未登录
2026-08-26 20:08:09,957 | INFO  | [4169/5212] sz.300388 节能国祯 取到2425条 | 已用586s ETA 147s
2026-08-26 20:08:09,958 | INFO  | [4170/5212] sz.300389 艾比森 取到2425条 | 已用586s ETA 146s
2026-08-26 20:08:09,958 | INFO  | [4171/5212] sz.300390 天华新能 取到2425条 | 已用586s ETA 146s
2026-08-26 20:08:09,958 | INFO  | [4172/5212] sz.300393 中来股份 取到2425条 | 已用586s ETA 146s
2026-08-26 20:08:09,958 | INFO  | [4173/5212] sz.300394 天孚通信 取到2425条 | 已用586s ETA 146s
2026-08-26 20:08:09,958 | INFO  | [4174/5212] sz.300395 菲利华 取到2425条 | 已用586s ETA 146s
2026-08-26 20:08:09,958 | INFO  | [4175/5212] sz.300396 ST迪瑞 取到2425条 | 已用586s ETA 146s
2026-08-26 20:08:09,958 | INFO  | [4176/5212] sz.300397 天和防务 取到2425条 | 已用586s ETA 145s
2026-08-26 20:08:37,036 | INFO  | [4177/5212] sz.300406 九强生物 取到2425条 | 已用613s ETA 152s
2026-08-26 20:08:37,036 | INFO  | [4178/5212] sz.300407 凯发电气 取到2425条 | 已用613s ETA 152s
2026-08-26 20:08:37,036 | INFO  | [4179/5212] sz.300408 三环集团 取到2425条 | 已用613s ETA 152s
2026-08-26 20:08:37,036 | INFO  | [4180/5212] sz.300409 道氏技术 取到2425条 | 已用613s ETA 151s
2026-08-26 20:08:37,036 | INFO  | [4181/5212] sz.300410 正业科技 取到2425条 | 已用613s ETA 151s
2026-08-26 20:08:37,036 | INFO  | [4182/5212] sz.300411 金盾股份 取到2425条 | 已用613s ETA 151s
2026-08-26 20:08:37,036 | INFO  | [4183/5212] sz.300412 迦南科技 取到2425条 | 已用613s ETA 151s
2026-08-26 20:08:37,036 | INFO  | [4184/5212] sz.300413 芒果超媒 取到2425条 | 已用613s ETA 151s
2026-08-26 20:09:50,653 | WARNING | sz.300425 第1次请求失败: error_code=10002007 msg=网络接收错误。
2026-08-26 20:09:55,160 | INFO  | [4185/5212] sz.300414 中光防雷 取到2425条 | 已用691s ETA 170s
2026-08-26 20:09:55,160 | INFO  | [4186/5212] sz.300415 伊之密 取到2425条 | 已用691s ETA 169s
2026-08-26 20:09:55,160 | INFO  | [4187/5212] sz.300416 苏试试验 取到2425条 | 已用691s ETA 169s
2026-08-26 20:09:55,160 | INFO  | [4188/5212] sz.300417 南华仪器 取到2425条 | 已用691s ETA 169s
2026-08-26 20:09:55,160 | INFO  | [4189/5212] sz.300418 昆仑万维 取到2425条 | 已用691s ETA 169s
2026-08-26 20:09:55,161 | INFO  | [4190/5212] sz.300419 ST浩丰 取到2425条 | 已用691s ETA 169s
2026-08-26 20:09:55,161 | INFO  | [4191/5212] sz.300420 五洋自控 取到2425条 | 已用691s ETA 168s
2026-08-26 20:09:55,161 | INFO  | [4192/5212] sz.300421 力星股份 取到2000条 | 已用691s ETA 168s
2026-08-26 20:09:56,745 | WARNING | sz.300430 第1次请求失败: error_code=10001001 msg=用户未登录
2026-08-26 20:11:13,821 | INFO  | [4193/5212] sz.300422 博世科 取到2425条 | 已用770s ETA 187s
2026-08-26 20:11:13,821 | INFO  | [4194/5212] sz.300423 昇辉科技 取到2425条 | 已用770s ETA 187s
2026-08-26 20:11:13,821 | INFO  | [4195/5212] sz.300424 航新科技 取到2425条 | 已用770s ETA 187s
2026-08-26 20:11:13,821 | INFO  | [4196/5212] sz.300425 中建环能 取到2425条 | 已用770s ETA 186s
2026-08-26 20:11:13,821 | INFO  | [4197/5212] sz.300426 华智数媒 取到2425条 | 已用770s ETA 186s
2026-08-26 20:11:13,821 | INFO  | [4198/5212] sz.300427 红相股份 取到2425条 | 已用770s ETA 186s
2026-08-26 20:11:13,821 | INFO  | [4199/5212] sz.300428 立中集团 取到2425条 | 已用770s ETA 186s
2026-08-26 20:11:13,821 | INFO  | [4200/5212] sz.300429 强力新材 取到2425条 | 已用770s ETA 185s
2026-08-26 20:11:44,475 | INFO  | [4201/5212] sz.300430 *ST益通 取到2425条 | 已用800s ETA 193s
2026-08-26 20:11:44,475 | INFO  | [4202/5212] sz.300432 富临精工 取到2425条 | 已用800s ETA 192s
2026-08-26 20:11:44,475 | INFO  | [4203/5212] sz.300433 蓝思科技 取到2425条 | 已用800s ETA 192s
2026-08-26 20:11:44,475 | INFO  | [4204/5212] sz.300434 金石亚药 取到2425条 | 已用800s ETA 192s
2026-08-26 20:11:44,475 | INFO  | [4205/5212] sz.300435 中泰股份 取到2425条 | 已用800s ETA 192s
2026-08-26 20:11:44,476 | INFO  | [4206/5212] sz.300436 广生堂 取到2425条 | 已用800s ETA 191s
2026-08-26 20:11:44,476 | INFO  | [4207/5212] sz.300437 清水源 取到2425条 | 已用800s ETA 191s
2026-08-26 20:11:44,476 | INFO  | [4208/5212] sz.300438 鹏辉能源 取到2425条 | 已用800s ETA 191s
2026-08-26 20:12:41,355 | INFO  | [4209/5212] sz.300439 美康生物 取到2425条 | 已用857s ETA 204s
2026-08-26 20:12:41,355 | INFO  | [4210/5212] sz.300440 运达科技 取到2425条 | 已用857s ETA 204s
2026-08-26 20:12:41,355 | INFO  | [4211/5212] sz.300441 鲍斯股份 取到2425条 | 已用857s ETA 204s
2026-08-26 20:12:41,355 | INFO  | [4212/5212] sz.300442 润泽科技 取到2425条 | 已用857s ETA 204s
2026-08-26 20:12:41,355 | INFO  | [4213/5212] sz.300443 金雷股份 取到2425条 | 已用857s ETA 203s
2026-08-26 20:12:41,355 | INFO  | [4214/5212] sz.300444 双杰电气 取到2425条 | 已用857s ETA 203s
2026-08-26 20:12:41,355 | INFO  | [4215/5212] sz.300445 康斯特 取到2425条 | 已用857s ETA 203s
2026-08-26 20:12:41,355 | INFO  | [4216/5212] sz.300446 航天智造 取到2425条 | 已用857s ETA 203s
2026-08-26 20:13:00,999 | INFO  | [4217/5212] sz.300447 全信股份 取到2425条 | 已用877s ETA 207s
2026-08-26 20:13:00,999 | INFO  | [4218/5212] sz.300448 浩云科技 取到2425条 | 已用877s ETA 207s
2026-08-26 20:13:00,999 | INFO  | [4219/5212] sz.300449 汉邦高科 取到2425条 | 已用877s ETA 206s
2026-08-26 20:13:00,999 | INFO  | [4220/5212] sz.300450 先导智能 取到2425条 | 已用877s ETA 206s
2026-08-26 20:13:00,999 | INFO  | [4221/5212] sz.300451 创业慧康 取到2425条 | 已用877s ETA 206s
2026-08-26 20:13:00,999 | INFO  | [4222/5212] sz.300452 山河药辅 取到2425条 | 已用877s ETA 206s
2026-08-26 20:13:00,999 | INFO  | [4223/5212] sz.300453 三鑫医疗 取到2425条 | 已用877s ETA 205s
2026-08-26 20:13:00,999 | INFO  | [4224/5212] sz.300454 深信服 取到2011条 | 已用877s ETA 205s
2026-08-26 20:14:17,431 | INFO  | [4225/5212] sz.300455 航天智装 取到2425条 | 已用953s ETA 223s
2026-08-26 20:14:17,432 | INFO  | [4226/5212] sz.300456 赛微电子 取到2425条 | 已用953s ETA 222s
2026-08-26 20:14:17,432 | INFO  | [4227/5212] sz.300457 赢合科技 取到2425条 | 已用953s ETA 222s
2026-08-26 20:14:17,432 | INFO  | [4228/5212] sz.300458 全志科技 取到2425条 | 已用953s ETA 222s
2026-08-26 20:14:17,433 | INFO  | [4229/5212] sz.300459 汤姆猫 取到2425条 | 已用953s ETA 222s
2026-08-26 20:14:17,433 | INFO  | [4230/5212] sz.300460 ST惠伦 取到2425条 | 已用953s ETA 221s
2026-08-26 20:14:17,433 | INFO  | [4231/5212] sz.300461 田中精机 取到2425条 | 已用953s ETA 221s
2026-08-26 20:14:17,433 | INFO  | [4232/5212] sz.300462 ST华铭 取到2425条 | 已用953s ETA 221s
2026-08-26 20:14:26,013 | INFO  | [4233/5212] sz.300463 迈克生物 取到2425条 | 已用962s ETA 222s
2026-08-26 20:14:26,014 | INFO  | [4234/5212] sz.300464 星徽股份 取到2425条 | 已用962s ETA 222s
2026-08-26 20:14:26,014 | INFO  | [4235/5212] sz.300465 高伟达 取到2425条 | 已用962s ETA 222s
2026-08-26 20:14:26,014 | INFO  | [4236/5212] sz.300466 赛摩智能 取到2425条 | 已用962s ETA 222s
2026-08-26 20:14:26,014 | INFO  | [4237/5212] sz.300467 迅游科技 取到2425条 | 已用962s ETA 221s
2026-08-26 20:14:26,014 | INFO  | [4238/5212] sz.300468 四方精创 取到2425条 | 已用962s ETA 221s
2026-08-26 20:14:26,014 | INFO  | [4239/5212] sz.300469 信息发展 取到2425条 | 已用962s ETA 221s
2026-08-26 20:14:26,014 | INFO  | [4240/5212] sz.300470 中密控股 取到2425条 | 已用962s ETA 221s
2026-08-26 20:15:54,231 | INFO  | [4241/5212] sz.300479 神思电子 取到2425条 | 已用1050s ETA 240s
2026-08-26 20:15:54,231 | INFO  | [4242/5212] sz.300480 光力科技 取到2425条 | 已用1050s ETA 240s
2026-08-26 20:15:54,231 | INFO  | [4243/5212] sz.300481 濮阳惠成 取到2425条 | 已用1050s ETA 240s
2026-08-26 20:15:54,233 | INFO  | [4244/5212] sz.300482 万孚生物 取到2425条 | 已用1050s ETA 240s
2026-08-26 20:15:54,233 | INFO  | [4245/5212] sz.300483 首华燃气 取到2425条 | 已用1050s ETA 239s
2026-08-26 20:15:54,233 | INFO  | [4246/5212] sz.300484 蓝海华腾 取到2425条 | 已用1050s ETA 239s
2026-08-26 20:15:54,233 | INFO  | [4247/5212] sz.300485 赛升药业 取到2425条 | 已用1050s ETA 239s
2026-08-26 20:15:54,233 | INFO  | [4248/5212] sz.300486 东杰智能 取到2425条 | 已用1050s ETA 238s
2026-08-26 20:16:03,344 | INFO  | [4249/5212] sz.300471 厚普股份 取到2425条 | 已用1059s ETA 240s
2026-08-26 20:16:03,344 | INFO  | [4250/5212] sz.300472 *ST新元 取到2425条 | 已用1059s ETA 240s
2026-08-26 20:16:03,344 | INFO  | [4251/5212] sz.300473 德尔股份 取到2425条 | 已用1059s ETA 239s
2026-08-26 20:16:03,344 | INFO  | [4252/5212] sz.300474 景嘉微 取到2425条 | 已用1059s ETA 239s
2026-08-26 20:16:03,344 | INFO  | [4253/5212] sz.300475 香农芯创 取到2425条 | 已用1059s ETA 239s
2026-08-26 20:16:03,344 | INFO  | [4254/5212] sz.300476 胜宏科技 取到2425条 | 已用1059s ETA 239s
2026-08-26 20:16:03,344 | INFO  | [4255/5212] sz.300477 ST合纵 取到2425条 | 已用1059s ETA 238s
2026-08-26 20:16:03,344 | INFO  | [4256/5212] sz.300478 杭州高新 取到2425条 | 已用1059s ETA 238s
2026-08-26 20:17:29,364 | INFO  | [4257/5212] sz.300487 蓝晓科技 取到2425条 | 已用1145s ETA 257s
2026-08-26 20:17:29,365 | INFO  | [4258/5212] sz.300488 恒锋工具 取到2425条 | 已用1145s ETA 257s
2026-08-26 20:17:29,365 | INFO  | [4259/5212] sz.300489 光智科技 取到2425条 | 已用1145s ETA 256s
2026-08-26 20:17:29,365 | INFO  | [4260/5212] sz.300490 华自科技 取到2425条 | 已用1145s ETA 256s
2026-08-26 20:17:29,365 | INFO  | [4261/5212] sz.300491 通合科技 取到2425条 | 已用1145s ETA 256s
2026-08-26 20:17:29,365 | INFO  | [4262/5212] sz.300492 华图山鼎 取到2425条 | 已用1145s ETA 255s
2026-08-26 20:17:29,365 | INFO  | [4263/5212] sz.300493 润欣科技 取到2425条 | 已用1145s ETA 255s
2026-08-26 20:17:29,365 | INFO  | [4264/5212] sz.300494 盛天网络 取到2425条 | 已用1145s ETA 255s
2026-08-26 20:18:19,325 | INFO  | [4265/5212] sz.300496 中科创达 取到2425条 | 已用1195s ETA 265s
2026-08-26 20:18:19,327 | INFO  | [4266/5212] sz.300497 富祥股份 取到2425条 | 已用1195s ETA 265s
2026-08-26 20:18:19,327 | INFO  | [4267/5212] sz.300498 温氏股份 取到2425条 | 已用1195s ETA 265s
2026-08-26 20:18:19,328 | INFO  | [4268/5212] sz.300499 高澜股份 取到2425条 | 已用1195s ETA 264s
2026-08-26 20:18:19,328 | INFO  | [4269/5212] sz.300500 启迪设计 取到2425条 | 已用1195s ETA 264s
2026-08-26 20:18:19,328 | INFO  | [4270/5212] sz.300501 海顺新材 取到2425条 | 已用1195s ETA 264s
2026-08-26 20:18:19,328 | INFO  | [4271/5212] sz.300502 新易盛 取到2425条 | 已用1195s ETA 263s
2026-08-26 20:18:19,328 | INFO  | [4272/5212] sz.300503 昊志机电 取到2425条 | 已用1195s ETA 263s
2026-08-26 20:18:59,405 | INFO  | [4273/5212] sz.300504 天邑股份 取到2040条 | 已用1235s ETA 271s
2026-08-26 20:18:59,406 | INFO  | [4274/5212] sz.300505 川金诺 取到2425条 | 已用1235s ETA 271s
2026-08-26 20:18:59,406 | INFO  | [4275/5212] sz.300506 名家汇 取到2425条 | 已用1235s ETA 271s
2026-08-26 20:18:59,406 | INFO  | [4276/5212] sz.300507 苏奥传感 取到2425条 | 已用1235s ETA 270s
2026-08-26 20:18:59,406 | INFO  | [4277/5212] sz.300508 维宏股份 取到2425条 | 已用1235s ETA 270s
2026-08-26 20:18:59,406 | INFO  | [4278/5212] sz.300509 新美星 取到2425条 | 已用1235s ETA 270s
2026-08-26 20:18:59,406 | INFO  | [4279/5212] sz.300510 金冠股份 取到2425条 | 已用1235s ETA 269s
2026-08-26 20:18:59,406 | INFO  | [4280/5212] sz.300511 雪榕生物 取到2425条 | 已用1235s ETA 269s
2026-08-26 20:19:51,113 | INFO  | [4281/5212] sz.300512 中亚股份 取到2425条 | 已用1287s ETA 280s
2026-08-26 20:19:51,113 | INFO  | [4282/5212] sz.300513 恒实科技 取到2425条 | 已用1287s ETA 280s
2026-08-26 20:19:51,113 | INFO  | [4283/5212] sz.300514 友讯达 取到2268条 | 已用1287s ETA 279s
2026-08-26 20:19:51,113 | INFO  | [4284/5212] sz.300515 三德科技 取到2425条 | 已用1287s ETA 279s
2026-08-26 20:19:51,113 | INFO  | [4285/5212] sz.300516 久之洋 取到2425条 | 已用1287s ETA 278s
2026-08-26 20:19:51,113 | INFO  | [4286/5212] sz.300517 海波重科 取到2425条 | 已用1287s ETA 278s
2026-08-26 20:19:51,113 | INFO  | [4287/5212] sz.300518 新迅达 取到2425条 | 已用1287s ETA 278s
2026-08-26 20:19:51,113 | INFO  | [4288/5212] sz.300519 新光药业 取到2425条 | 已用1287s ETA 277s
2026-08-26 20:20:28,303 | INFO  | [4289/5212] sz.300520 科大国创 取到2425条 | 已用1324s ETA 285s
2026-08-26 20:20:28,303 | INFO  | [4290/5212] sz.300521 爱司凯 取到2425条 | 已用1324s ETA 285s
2026-08-26 20:20:28,303 | INFO  | [4291/5212] sz.300522 世名科技 取到2425条 | 已用1324s ETA 284s
2026-08-26 20:20:28,303 | INFO  | [4292/5212] sz.300523 辰安科技 取到2425条 | 已用1324s ETA 284s
2026-08-26 20:20:28,303 | INFO  | [4293/5212] sz.300525 博思软件 取到2425条 | 已用1324s ETA 283s
2026-08-26 20:20:28,303 | INFO  | [4294/5212] sz.300527 ST应急 取到2425条 | 已用1324s ETA 283s
2026-08-26 20:20:28,304 | INFO  | [4295/5212] sz.300528 幸福蓝海 取到2425条 | 已用1324s ETA 283s
2026-08-26 20:20:28,304 | INFO  | [4296/5212] sz.300529 健帆生物 取到2425条 | 已用1324s ETA 282s
2026-08-26 20:21:33,660 | INFO  | [4297/5212] sz.300530 领湃科技 取到2425条 | 已用1390s ETA 296s
2026-08-26 20:21:33,661 | INFO  | [4298/5212] sz.300531 优博讯 取到2425条 | 已用1390s ETA 296s
2026-08-26 20:21:33,661 | INFO  | [4299/5212] sz.300532 今天国际 取到2425条 | 已用1390s ETA 295s
2026-08-26 20:21:33,661 | INFO  | [4300/5212] sz.300533 冰川网络 取到2425条 | 已用1390s ETA 295s
2026-08-26 20:21:33,661 | INFO  | [4301/5212] sz.300534 陇神戎发 取到2414条 | 已用1390s ETA 294s
2026-08-26 20:21:33,661 | INFO  | [4302/5212] sz.300535 达威股份 取到2425条 | 已用1390s ETA 294s
2026-08-26 20:21:33,661 | INFO  | [4303/5212] sz.300536 农尚环境 取到2411条 | 已用1390s ETA 294s
2026-08-26 20:21:33,662 | INFO  | [4304/5212] sz.300537 广信材料 取到2424条 | 已用1390s ETA 293s
2026-08-26 20:21:49,023 | INFO  | [4305/5212] sz.300538 同益股份 取到2425条 | 已用1405s ETA 296s
2026-08-26 20:21:49,023 | INFO  | [4306/5212] sz.300539 横河精密 取到2424条 | 已用1405s ETA 296s
2026-08-26 20:21:49,023 | INFO  | [4307/5212] sz.300540 蜀道装备 取到2425条 | 已用1405s ETA 295s
2026-08-26 20:21:49,023 | INFO  | [4308/5212] sz.300541 先进数通 取到2414条 | 已用1405s ETA 295s
2026-08-26 20:21:49,023 | INFO  | [4309/5212] sz.300542 新晨科技 取到2411条 | 已用1405s ETA 294s
2026-08-26 20:21:49,023 | INFO  | [4310/5212] sz.300543 朗科智能 取到2417条 | 已用1405s ETA 294s
2026-08-26 20:21:49,023 | INFO  | [4311/5212] sz.300545 联得装备 取到2405条 | 已用1405s ETA 294s
2026-08-26 20:21:49,023 | INFO  | [4312/5212] sz.300546 雄帝科技 取到2405条 | 已用1405s ETA 293s
2026-08-26 20:23:32,687 | INFO  | [4313/5212] sz.300555 ST路通 取到2396条 | 已用1509s ETA 314s
2026-08-26 20:23:32,687 | INFO  | [4314/5212] sz.300556 丝路视觉 取到2383条 | 已用1509s ETA 314s
2026-08-26 20:23:32,688 | INFO  | [4315/5212] sz.300557 理工光科 取到2386条 | 已用1509s ETA 314s
2026-08-26 20:23:32,688 | INFO  | [4316/5212] sz.300558 贝达药业 取到2382条 | 已用1509s ETA 313s
2026-08-26 20:23:32,688 | INFO  | [4317/5212] sz.300559 佳发教育 取到2386条 | 已用1509s ETA 313s
2026-08-26 20:23:32,688 | INFO  | [4318/5212] sz.300560 中富通 取到2386条 | 已用1509s ETA 312s
2026-08-26 20:23:32,688 | INFO  | [4319/5212] sz.300561 汇金科技 取到2374条 | 已用1509s ETA 312s
2026-08-26 20:23:32,688 | INFO  | [4320/5212] sz.300562 乐心医疗 取到2375条 | 已用1509s ETA 312s
2026-08-26 20:24:16,985 | WARNING | sz.300554 第1次请求失败: error_code=10002007 msg=网络接收错误。
2026-08-26 20:24:23,486 | WARNING | sz.300566 第1次请求失败: error_code=10001001 msg=用户未登录
2026-08-26 20:24:36,296 | INFO  | [4321/5212] sz.300547 川环科技 取到2403条 | 已用1572s ETA 324s
2026-08-26 20:24:36,296 | INFO  | [4322/5212] sz.300548 长芯博创 取到2400条 | 已用1572s ETA 324s
2026-08-26 20:24:36,296 | INFO  | [4323/5212] sz.300549 优德精密 取到2403条 | 已用1572s ETA 323s
2026-08-26 20:24:36,296 | INFO  | [4324/5212] sz.300550 和仁科技 取到2396条 | 已用1572s ETA 323s
2026-08-26 20:24:36,297 | INFO  | [4325/5212] sz.300551 古鳌科技 取到2396条 | 已用1572s ETA 322s
2026-08-26 20:24:36,297 | INFO  | [4326/5212] sz.300552 万集科技 取到2393条 | 已用1572s ETA 322s
2026-08-26 20:24:36,297 | INFO  | [4327/5212] sz.300553 集智股份 取到2393条 | 已用1572s ETA 322s
2026-08-26 20:24:36,297 | INFO  | [4328/5212] sz.300554 三超新材 取到2271条 | 已用1572s ETA 321s
2026-08-26 20:25:47,115 | INFO  | [4329/5212] sz.300563 神宇股份 取到2377条 | 已用1643s ETA 335s
2026-08-26 20:25:47,115 | INFO  | [4330/5212] sz.300564 筑博设计 取到1649条 | 已用1643s ETA 335s
2026-08-26 20:25:47,115 | INFO  | [4331/5212] sz.300565 科信技术 取到2000条 | 已用1643s ETA 334s
2026-08-26 20:25:47,115 | INFO  | [4332/5212] sz.300566 激智科技 取到2376条 | 已用1643s ETA 334s
2026-08-26 20:25:47,115 | INFO  | [4333/5212] sz.300567 精测电子 取到2371条 | 已用1643s ETA 333s
2026-08-26 20:25:47,116 | INFO  | [4334/5212] sz.300568 星源材质 取到2364条 | 已用1643s ETA 333s
2026-08-26 20:25:47,116 | INFO  | [4335/5212] sz.300569 天能重工 取到2368条 | 已用1643s ETA 332s
2026-08-26 20:25:47,116 | INFO  | [4336/5212] sz.300570 太辰光 取到2361条 | 已用1643s ETA 332s
2026-08-26 20:26:33,364 | INFO  | [4337/5212] sz.300571 平治信息 取到2356条 | 已用1689s ETA 341s
2026-08-26 20:26:33,364 | INFO  | [4338/5212] sz.300572 安车检测 取到2361条 | 已用1689s ETA 340s
2026-08-26 20:26:33,364 | INFO  | [4339/5212] sz.300573 兴齐眼药 取到2359条 | 已用1689s ETA 340s
2026-08-26 20:26:33,366 | INFO  | [4340/5212] sz.300575 中旗股份 取到2351条 | 已用1689s ETA 339s
2026-08-26 20:26:33,366 | INFO  | [4341/5212] sz.300576 容大感光 取到2351条 | 已用1689s ETA 339s
2026-08-26 20:26:33,366 | INFO  | [4342/5212] sz.300577 开润股份 取到2350条 | 已用1689s ETA 338s
2026-08-26 20:26:33,366 | INFO  | [4343/5212] sz.300578 会畅科技 取到2326条 | 已用1689s ETA 338s
2026-08-26 20:26:33,366 | INFO  | [4344/5212] sz.300579 数字认证 取到2348条 | 已用1689s ETA 338s
2026-08-26 20:27:35,505 | INFO  | [4345/5212] sz.300580 贝斯特 取到2336条 | 已用1751s ETA 349s
2026-08-26 20:27:35,505 | INFO  | [4346/5212] sz.300581 晨曦航空 取到2351条 | 已用1751s ETA 349s
2026-08-26 20:27:35,505 | INFO  | [4347/5212] sz.300582 英飞特 取到2345条 | 已用1751s ETA 349s
2026-08-26 20:27:35,506 | INFO  | [4348/5212] sz.300583 赛托生物 取到2339条 | 已用1751s ETA 348s
2026-08-26 20:27:35,506 | INFO  | [4349/5212] sz.300584 海辰药业 取到2335条 | 已用1751s ETA 348s
2026-08-26 20:27:35,506 | INFO  | [4350/5212] sz.300585 奥联电子 取到2344条 | 已用1751s ETA 347s
2026-08-26 20:27:35,506 | INFO  | [4351/5212] sz.300586 美联新材 取到2341条 | 已用1751s ETA 347s
2026-08-26 20:27:35,506 | INFO  | [4352/5212] sz.300587 天铁科技 取到2340条 | 已用1751s ETA 346s
2026-08-26 20:28:14,656 | INFO  | [4353/5212] sz.300588 熙菱信息 取到2340条 | 已用1791s ETA 353s
2026-08-26 20:28:14,657 | INFO  | [4354/5212] sz.300589 江龙船艇 取到2334条 | 已用1791s ETA 353s
2026-08-26 20:28:14,657 | INFO  | [4355/5212] sz.300590 移为通信 取到2336条 | 已用1791s ETA 352s
2026-08-26 20:28:14,657 | INFO  | [4356/5212] sz.300591 万里马 取到2337条 | 已用1791s ETA 352s
2026-08-26 20:28:14,657 | INFO  | [4357/5212] sz.300592 华凯易佰 取到2329条 | 已用1791s ETA 351s
2026-08-26 20:28:14,657 | INFO  | [4358/5212] sz.300593 新雷能 取到2334条 | 已用1791s ETA 351s
2026-08-26 20:28:14,657 | INFO  | [4359/5212] sz.300594 ST朗进 取到1743条 | 已用1791s ETA 350s
2026-08-26 20:28:14,657 | INFO  | [4360/5212] sz.300595 欧普康视 取到2332条 | 已用1791s ETA 350s
2026-08-26 20:29:46,406 | INFO  | [4361/5212] sz.300596 利安隆 取到2330条 | 已用1882s ETA 367s
2026-08-26 20:29:46,406 | INFO  | [4362/5212] sz.300597 吉大通信 取到2328条 | 已用1882s ETA 367s
2026-08-26 20:29:46,406 | INFO  | [4363/5212] sz.300598 诚迈科技 取到2329条 | 已用1882s ETA 366s
2026-08-26 20:29:46,406 | INFO  | [4364/5212] sz.300599 雄塑科技 取到2328条 | 已用1882s ETA 366s
2026-08-26 20:29:46,406 | INFO  | [4365/5212] sz.300600 国瑞科技 取到2326条 | 已用1882s ETA 365s
2026-08-26 20:29:46,406 | INFO  | [4366/5212] sz.300601 康泰生物 取到2322条 | 已用1882s ETA 365s
2026-08-26 20:29:46,406 | INFO  | [4367/5212] sz.300602 飞荣达 取到2325条 | 已用1882s ETA 364s
2026-08-26 20:29:46,407 | INFO  | [4368/5212] sz.300603 立昂技术 取到2325条 | 已用1882s ETA 364s
2026-08-26 20:30:03,647 | INFO  | [4369/5212] sz.300604 长川科技 取到2275条 | 已用1900s ETA 367s
2026-08-26 20:30:03,647 | INFO  | [4370/5212] sz.300605 恒锋信息 取到2321条 | 已用1900s ETA 366s
2026-08-26 20:30:03,648 | INFO  | [4371/5212] sz.300606 金太阳 取到2321条 | 已用1900s ETA 365s
2026-08-26 20:30:03,648 | INFO  | [4372/5212] sz.300607 拓斯达 取到2320条 | 已用1900s ETA 365s
2026-08-26 20:30:03,648 | INFO  | [4373/5212] sz.300608 思特奇 取到2318条 | 已用1900s ETA 364s
2026-08-26 20:30:03,648 | INFO  | [4374/5212] sz.300609 汇纳科技 取到2316条 | 已用1900s ETA 364s
2026-08-26 20:30:03,648 | INFO  | [4375/5212] sz.300610 晨化股份 取到2318条 | 已用1900s ETA 363s
2026-08-26 20:30:03,648 | INFO  | [4376/5212] sz.300611 美力科技 取到2313条 | 已用1900s ETA 363s
2026-08-26 20:32:01,473 | INFO  | [4377/5212] sz.300620 光库科技 取到2299条 | 已用2017s ETA 385s
2026-08-26 20:32:01,474 | INFO  | [4378/5212] sz.300621 维业股份 取到2295条 | 已用2017s ETA 384s
2026-08-26 20:32:01,474 | INFO  | [4379/5212] sz.300622 博士眼镜 取到2296条 | 已用2017s ETA 384s
2026-08-26 20:32:01,474 | INFO  | [4380/5212] sz.300623 捷捷微电 取到2297条 | 已用2017s ETA 383s
2026-08-26 20:32:01,474 | INFO  | [4381/5212] sz.300624 万兴科技 取到2086条 | 已用2017s ETA 383s
2026-08-26 20:32:01,474 | INFO  | [4382/5212] sz.300625 三雄极光 取到2294条 | 已用2017s ETA 382s
2026-08-26 20:32:01,474 | INFO  | [4383/5212] sz.300626 华瑞股份 取到2293条 | 已用2017s ETA 382s
2026-08-26 20:32:01,474 | INFO  | [4384/5212] sz.300627 华测导航 取到2292条 | 已用2017s ETA 381s
2026-08-26 20:32:21,497 | INFO  | [4385/5212] sz.300612 宣亚国际 取到2316条 | 已用2037s ETA 384s
2026-08-26 20:32:21,498 | INFO  | [4386/5212] sz.300613 富瀚微 取到2313条 | 已用2037s ETA 384s
2026-08-26 20:32:21,498 | INFO  | [4387/5212] sz.300614 百川畅银 取到1276条 | 已用2037s ETA 383s
2026-08-26 20:32:21,498 | INFO  | [4388/5212] sz.300615 欣天科技 取到2316条 | 已用2037s ETA 383s
2026-08-26 20:32:21,498 | INFO  | [4389/5212] sz.300616 尚品宅配 取到2302条 | 已用2037s ETA 382s
2026-08-26 20:32:21,498 | INFO  | [4390/5212] sz.300617 安靠智电 取到2307条 | 已用2037s ETA 381s
2026-08-26 20:32:21,498 | INFO  | [4391/5212] sz.300618 寒锐钴业 取到2303条 | 已用2037s ETA 381s
2026-08-26 20:32:21,499 | INFO  | [4392/5212] sz.300619 金银河 取到2306条 | 已用2037s ETA 380s
2026-08-26 20:33:48,641 | INFO  | [4393/5212] sz.300637 扬帆新材 取到2278条 | 已用2125s ETA 396s
2026-08-26 20:33:48,641 | INFO  | [4394/5212] sz.300638 广和通 取到2277条 | 已用2125s ETA 396s
2026-08-26 20:33:48,641 | INFO  | [4395/5212] sz.300639 凯普生物 取到2278条 | 已用2125s ETA 395s
2026-08-26 20:33:48,641 | INFO  | [4396/5212] sz.300640 德艺文创 取到2275条 | 已用2125s ETA 394s
2026-08-26 20:33:48,641 | INFO  | [4397/5212] sz.300641 正丹股份 取到2274条 | 已用2125s ETA 394s
2026-08-26 20:33:48,641 | INFO  | [4398/5212] sz.300642 透景生命 取到2271条 | 已用2125s ETA 393s
2026-08-26 20:33:48,641 | INFO  | [4399/5212] sz.300643 万通智控 取到2262条 | 已用2125s ETA 393s
2026-08-26 20:33:48,641 | INFO  | [4400/5212] sz.300644 南京聚隆 取到2073条 | 已用2125s ETA 392s
2026-08-26 20:33:50,665 | INFO  | [4401/5212] sz.300628 亿联网络 取到2294条 | 已用2127s ETA 392s
2026-08-26 20:33:50,666 | INFO  | [4402/5212] sz.300629 新劲刚 取到2289条 | 已用2127s ETA 391s
2026-08-26 20:33:50,666 | INFO  | [4403/5212] sz.300631 久吾高科 取到2290条 | 已用2127s ETA 391s
2026-08-26 20:33:50,666 | INFO  | [4404/5212] sz.300632 光莆股份 取到2282条 | 已用2127s ETA 390s
2026-08-26 20:33:50,666 | INFO  | [4405/5212] sz.300633 开立医疗 取到2282条 | 已用2127s ETA 390s
2026-08-26 20:33:50,666 | INFO  | [4406/5212] sz.300634 彩讯股份 取到2045条 | 已用2127s ETA 389s
2026-08-26 20:33:50,666 | INFO  | [4407/5212] sz.300635 中达安 取到2284条 | 已用2127s ETA 388s
2026-08-26 20:33:50,666 | INFO  | [4408/5212] sz.300636 同和药业 取到2284条 | 已用2127s ETA 388s
2026-08-26 20:35:13,087 | INFO  | [4409/5212] sz.300654 世纪天鸿 取到2162条 | 已用2209s ETA 402s
2026-08-26 20:35:13,087 | INFO  | [4410/5212] sz.300655 晶瑞电材 取到2250条 | 已用2209s ETA 402s
2026-08-26 20:35:13,087 | INFO  | [4411/5212] sz.300656 民德电子 取到2252条 | 已用2209s ETA 401s
2026-08-26 20:35:13,087 | INFO  | [4412/5212] sz.300657 弘信电子 取到2250条 | 已用2209s ETA 401s
2026-08-26 20:35:13,087 | INFO  | [4413/5212] sz.300658 延江股份 取到2244条 | 已用2209s ETA 400s
2026-08-26 20:35:13,087 | INFO  | [4414/5212] sz.300659 中孚信息 取到2247条 | 已用2209s ETA 399s
2026-08-26 20:35:13,087 | INFO  | [4415/5212] sz.300660 江苏雷利 取到2244条 | 已用2209s ETA 399s
2026-08-26 20:35:13,087 | INFO  | [4416/5212] sz.300661 圣邦股份 取到2242条 | 已用2209s ETA 398s
2026-08-26 20:35:32,800 | INFO  | [4417/5212] sz.300645 正元智慧 取到2271条 | 已用2229s ETA 401s
2026-08-26 20:35:32,800 | INFO  | [4418/5212] sz.300647 超频三 取到2264条 | 已用2229s ETA 401s
2026-08-26 20:35:32,800 | INFO  | [4419/5212] sz.300648 星云股份 取到2269条 | 已用2229s ETA 400s
2026-08-26 20:35:32,800 | INFO  | [4420/5212] sz.300649 杭州园林 取到2262条 | 已用2229s ETA 399s
2026-08-26 20:35:32,800 | INFO  | [4421/5212] sz.300650 太龙股份 取到2264条 | 已用2229s ETA 399s
2026-08-26 20:35:32,800 | INFO  | [4422/5212] sz.300651 金陵体育 取到2260条 | 已用2229s ETA 398s
2026-08-26 20:35:32,800 | INFO  | [4423/5212] sz.300652 雷迪克 取到2255条 | 已用2229s ETA 398s
2026-08-26 20:35:32,800 | INFO  | [4424/5212] sz.300653 正海生物 取到2255条 | 已用2229s ETA 397s
2026-08-26 20:36:43,590 | INFO  | [4425/5212] sz.300662 科锐国际 取到2240条 | 已用2300s ETA 409s
2026-08-26 20:36:43,591 | INFO  | [4426/5212] sz.300663 科蓝软件 取到2240条 | 已用2300s ETA 408s
2026-08-26 20:36:43,591 | INFO  | [4427/5212] sz.300664 鹏鹞环保 取到2095条 | 已用2300s ETA 408s
2026-08-26 20:36:43,591 | INFO  | [4428/5212] sz.300665 飞鹿股份 取到2237条 | 已用2300s ETA 407s
2026-08-26 20:36:43,592 | INFO  | [4429/5212] sz.300666 江丰电子 取到2235条 | 已用2300s ETA 407s
2026-08-26 20:36:43,592 | INFO  | [4430/5212] sz.300667 必创科技 取到2233条 | 已用2300s ETA 406s
2026-08-26 20:36:43,592 | INFO  | [4431/5212] sz.300668 杰恩股份 取到2233条 | 已用2300s ETA 405s
2026-08-26 20:36:43,592 | INFO  | [4432/5212] sz.300669 沪宁股份 取到2225条 | 已用2300s ETA 405s
2026-08-26 20:37:08,382 | INFO  | [4433/5212] sz.300670 大烨智能 取到2223条 | 已用2324s ETA 408s
2026-08-26 20:37:08,382 | INFO  | [4434/5212] sz.300671 富满微 取到2221条 | 已用2324s ETA 408s
2026-08-26 20:37:08,382 | INFO  | [4435/5212] sz.300672 国科微 取到2216条 | 已用2324s ETA 407s
2026-08-26 20:37:08,382 | INFO  | [4436/5212] sz.300673 佩蒂股份 取到2217条 | 已用2324s ETA 407s
2026-08-26 20:37:08,383 | INFO  | [4437/5212] sz.300674 宇信科技 取到1893条 | 已用2324s ETA 406s
2026-08-26 20:37:08,383 | INFO  | [4438/5212] sz.300675 建科院 取到2211条 | 已用2324s ETA 405s
2026-08-26 20:37:08,383 | INFO  | [4439/5212] sz.300676 华大基因 取到2214条 | 已用2324s ETA 405s
2026-08-26 20:37:08,383 | INFO  | [4440/5212] sz.300677 英科医疗 取到2209条 | 已用2324s ETA 404s
2026-08-26 20:37:54,567 | INFO  | [4441/5212] sz.300678 中科信息 取到2204条 | 已用2370s ETA 412s
2026-08-26 20:37:54,567 | INFO  | [4442/5212] sz.300679 电连技术 取到2203条 | 已用2370s ETA 411s
2026-08-26 20:37:54,567 | INFO  | [4443/5212] sz.300680 隆盛科技 取到2207条 | 已用2370s ETA 410s
2026-08-26 20:37:54,567 | INFO  | [4444/5212] sz.300681 英搏尔 取到2207条 | 已用2370s ETA 410s
2026-08-26 20:37:54,567 | INFO  | [4445/5212] sz.300682 朗新科技 取到2202条 | 已用2370s ETA 409s
2026-08-26 20:37:54,567 | INFO  | [4446/5212] sz.300683 海特生物 取到2197条 | 已用2370s ETA 408s
2026-08-26 20:37:54,567 | INFO  | [4447/5212] sz.300684 中石科技 取到2101条 | 已用2370s ETA 408s
2026-08-26 20:37:54,567 | INFO  | [4448/5212] sz.300685 艾德生物 取到2201条 | 已用2370s ETA 407s
2026-08-26 20:38:47,431 | INFO  | [4449/5212] sz.300686 智动力 取到2199条 | 已用2423s ETA 416s
2026-08-26 20:38:47,432 | INFO  | [4450/5212] sz.300687 赛意信息 取到2200条 | 已用2423s ETA 415s
2026-08-26 20:38:47,432 | INFO  | [4451/5212] sz.300688 创业黑马 取到2195条 | 已用2423s ETA 414s
2026-08-26 20:38:47,432 | INFO  | [4452/5212] sz.300689 澄天伟业 取到2196条 | 已用2423s ETA 414s
2026-08-26 20:38:47,432 | INFO  | [4453/5212] sz.300690 双一科技 取到2197条 | 已用2423s ETA 413s
2026-08-26 20:38:47,432 | INFO  | [4454/5212] sz.300691 联合光电 取到2194条 | 已用2423s ETA 412s
2026-08-26 20:38:47,432 | INFO  | [4455/5212] sz.300692 中赋科技 取到2188条 | 已用2423s ETA 412s
2026-08-26 20:38:47,432 | INFO  | [4456/5212] sz.300693 盛弘股份 取到2187条 | 已用2423s ETA 411s
2026-08-26 20:38:59,379 | INFO  | [4457/5212] sz.300694 蠡湖股份 取到1910条 | 已用2435s ETA 413s
2026-08-26 20:38:59,379 | INFO  | [4458/5212] sz.300695 兆丰股份 取到2174条 | 已用2435s ETA 412s
2026-08-26 20:38:59,379 | INFO  | [4459/5212] sz.300696 爱乐达 取到2187条 | 已用2435s ETA 411s
2026-08-26 20:38:59,381 | INFO  | [4460/5212] sz.300697 电工合金 取到2175条 | 已用2435s ETA 411s
2026-08-26 20:38:59,381 | INFO  | [4461/5212] sz.300698 万马科技 取到2180条 | 已用2435s ETA 410s
2026-08-26 20:38:59,381 | INFO  | [4462/5212] sz.300699 光威复材 取到2179条 | 已用2435s ETA 409s
2026-08-26 20:38:59,381 | INFO  | [4463/5212] sz.300700 岱勒新材 取到2172条 | 已用2435s ETA 409s
2026-08-26 20:38:59,381 | INFO  | [4464/5212] sz.300701 森霸传感 取到2169条 | 已用2435s ETA 408s
2026-08-26 20:40:39,786 | INFO  | [4465/5212] sz.300711 广哈通信 取到2141条 | 已用2536s ETA 424s
2026-08-26 20:40:39,787 | INFO  | [4466/5212] sz.300712 永福股份 取到2142条 | 已用2536s ETA 424s
2026-08-26 20:40:39,787 | INFO  | [4467/5212] sz.300713 英可瑞 取到2141条 | 已用2536s ETA 423s
2026-08-26 20:40:39,787 | INFO  | [4468/5212] sz.300715 凯伦股份 取到2145条 | 已用2536s ETA 422s
2026-08-26 20:40:39,787 | INFO  | [4469/5212] sz.300716 *ST泉为 取到2135条 | 已用2536s ETA 422s
2026-08-26 20:40:39,787 | INFO  | [4470/5212] sz.300717 华信新材 取到2138条 | 已用2536s ETA 421s
2026-08-26 20:40:39,787 | INFO  | [4471/5212] sz.300718 长盛轴承 取到2138条 | 已用2536s ETA 420s
2026-08-26 20:40:39,787 | INFO  | [4472/5212] sz.300719 安达维尔 取到2135条 | 已用2536s ETA 420s
2026-08-26 20:40:46,472 | INFO  | [4473/5212] sz.300702 天宇股份 取到2167条 | 已用2542s ETA 420s
2026-08-26 20:40:46,472 | INFO  | [4474/5212] sz.300703 创源股份 取到2167条 | 已用2542s ETA 419s
2026-08-26 20:40:46,472 | INFO  | [4475/5212] sz.300705 九典制药 取到2157条 | 已用2542s ETA 419s
2026-08-26 20:40:46,472 | INFO  | [4476/5212] sz.300706 阿石创 取到2162条 | 已用2542s ETA 418s
2026-08-26 20:40:46,472 | INFO  | [4477/5212] sz.300707 威唐工业 取到2157条 | 已用2542s ETA 417s
2026-08-26 20:40:46,473 | INFO  | [4478/5212] sz.300708 聚灿光电 取到2153条 | 已用2542s ETA 417s
2026-08-26 20:40:46,473 | INFO  | [4479/5212] sz.300709 精研科技 取到2150条 | 已用2542s ETA 416s
2026-08-26 20:40:46,473 | INFO  | [4480/5212] sz.300710 万隆光电 取到2150条 | 已用2542s ETA 415s
2026-08-26 20:42:01,412 | INFO  | [4481/5212] sz.300720 海川智能 取到2138条 | 已用2617s ETA 427s
2026-08-26 20:42:01,412 | INFO  | [4482/5212] sz.300721 怡达股份 取到2131条 | 已用2617s ETA 426s
2026-08-26 20:42:01,412 | INFO  | [4483/5212] sz.300722 新余国科 取到2134条 | 已用2617s ETA 426s
2026-08-26 20:42:01,412 | INFO  | [4484/5212] sz.300723 一品红 取到2130条 | 已用2617s ETA 425s
2026-08-26 20:42:01,412 | INFO  | [4485/5212] sz.300724 捷佳伟创 取到1950条 | 已用2617s ETA 424s
2026-08-26 20:42:01,412 | INFO  | [4486/5212] sz.300725 药石科技 取到2134条 | 已用2617s ETA 424s
2026-08-26 20:42:01,412 | INFO  | [4487/5212] sz.300726 宏达电子 取到2127条 | 已用2617s ETA 423s
2026-08-26 20:42:01,412 | INFO  | [4488/5212] sz.300727 润禾材料 取到2123条 | 已用2617s ETA 422s
2026-08-26 20:42:40,092 | INFO  | [4489/5212] sz.300729 乐歌股份 取到2119条 | 已用2656s ETA 428s
2026-08-26 20:42:40,093 | INFO  | [4490/5212] sz.300730 科创信息 取到2117条 | 已用2656s ETA 427s
2026-08-26 20:42:40,093 | INFO  | [4491/5212] sz.300731 科创新源 取到2114条 | 已用2656s ETA 426s
2026-08-26 20:42:40,094 | INFO  | [4492/5212] sz.300732 设研院 取到2112条 | 已用2656s ETA 426s
2026-08-26 20:42:40,094 | INFO  | [4493/5212] sz.300733 西菱动力 取到2088条 | 已用2656s ETA 425s
2026-08-26 20:42:40,094 | INFO  | [4494/5212] sz.300735 光弘科技 取到2099条 | 已用2656s ETA 424s
2026-08-26 20:42:40,094 | INFO  | [4495/5212] sz.300736 百邦科技 取到2093条 | 已用2656s ETA 424s
2026-08-26 20:42:40,094 | INFO  | [4496/5212] sz.300737 科顺股份 取到2081条 | 已用2656s ETA 423s
2026-08-26 20:43:22,544 | INFO  | [4497/5212] sz.300738 奥飞数据 取到2085条 | 已用2698s ETA 429s
2026-08-26 20:43:22,544 | INFO  | [4498/5212] sz.300739 明阳电路 取到2076条 | 已用2698s ETA 428s
2026-08-26 20:43:22,544 | INFO  | [4499/5212] sz.300740 水羊股份 取到2071条 | 已用2698s ETA 428s
2026-08-26 20:43:22,544 | INFO  | [4500/5212] sz.300741 华宝股份 取到2061条 | 已用2698s ETA 427s
2026-08-26 20:43:22,544 | INFO  | [4501/5212] sz.300743 天地数码 取到2022条 | 已用2698s ETA 426s
2026-08-26 20:43:22,544 | INFO  | [4502/5212] sz.300745 欣锐科技 取到2006条 | 已用2698s ETA 426s
2026-08-26 20:43:22,544 | INFO  | [4503/5212] sz.300746 汉嘉数智 取到2004条 | 已用2698s ETA 425s
2026-08-26 20:43:22,544 | INFO  | [4504/5212] sz.300747 锐科激光 取到1984条 | 已用2698s ETA 424s
2026-08-26 20:44:10,660 | INFO  | [4505/5212] sz.300748 金力永磁 取到1920条 | 已用2747s ETA 431s
2026-08-26 20:44:10,661 | INFO  | [4506/5212] sz.300749 顶固集创 取到1919条 | 已用2747s ETA 430s
2026-08-26 20:44:10,661 | INFO  | [4507/5212] sz.300750 宁德时代 取到1993条 | 已用2747s ETA 430s
2026-08-26 20:44:10,661 | INFO  | [4508/5212] sz.300751 迈为股份 取到1891条 | 已用2747s ETA 429s
2026-08-26 20:44:10,661 | INFO  | [4509/5212] sz.300752 隆利科技 取到1876条 | 已用2747s ETA 428s
2026-08-26 20:44:10,661 | INFO  | [4510/5212] sz.300753 爱朋医疗 取到1867条 | 已用2747s ETA 428s
2026-08-26 20:44:10,661 | INFO  | [4511/5212] sz.300755 华致酒行 取到1836条 | 已用2747s ETA 427s
2026-08-26 20:44:10,661 | INFO  | [4512/5212] sz.300756 金马游乐 取到1856条 | 已用2747s ETA 426s
2026-08-26 20:44:41,303 | INFO  | [4513/5212] sz.300757 罗博特科 取到1851条 | 已用2777s ETA 430s
2026-08-26 20:44:41,303 | INFO  | [4514/5212] sz.300758 七彩化学 取到1823条 | 已用2777s ETA 429s
2026-08-26 20:44:41,304 | INFO  | [4515/5212] sz.300759 康龙化成 取到1837条 | 已用2777s ETA 429s
2026-08-26 20:44:41,304 | INFO  | [4516/5212] sz.300760 迈瑞医疗 取到1909条 | 已用2777s ETA 428s
2026-08-26 20:44:41,304 | INFO  | [4517/5212] sz.300761 立华股份 取到1827条 | 已用2777s ETA 427s
2026-08-26 20:44:41,304 | INFO  | [4518/5212] sz.300762 上海瀚讯 取到1809条 | 已用2777s ETA 427s
2026-08-26 20:44:41,304 | INFO  | [4519/5212] sz.300763 锦浪科技 取到1806条 | 已用2777s ETA 426s
2026-08-26 20:44:41,304 | INFO  | [4520/5212] sz.300765 石药创新 取到1803条 | 已用2777s ETA 425s
2026-08-26 20:45:48,126 | INFO  | [4521/5212] sz.300766 每日互动 取到1802条 | 已用2844s ETA 435s
2026-08-26 20:45:48,126 | INFO  | [4522/5212] sz.300767 震安科技 取到1798条 | 已用2844s ETA 434s
2026-08-26 20:45:48,126 | INFO  | [4523/5212] sz.300768 迪普科技 取到1789条 | 已用2844s ETA 433s
2026-08-26 20:45:48,126 | INFO  | [4524/5212] sz.300769 德方纳米 取到1788条 | 已用2844s ETA 433s
2026-08-26 20:45:48,127 | INFO  | [4525/5212] sz.300770 新媒股份 取到1784条 | 已用2844s ETA 432s
2026-08-26 20:45:48,127 | INFO  | [4526/5212] sz.300771 智莱科技 取到1783条 | 已用2844s ETA 431s
2026-08-26 20:45:48,127 | INFO  | [4527/5212] sz.300772 运达股份 取到1779条 | 已用2844s ETA 430s
2026-08-26 20:45:48,127 | INFO  | [4528/5212] sz.300773 拉卡拉 取到1780条 | 已用2844s ETA 430s
2026-08-26 20:45:51,057 | INFO  | [4529/5212] sz.300774 倍杰特 取到1226条 | 已用2847s ETA 429s
2026-08-26 20:45:51,057 | INFO  | [4530/5212] sz.300775 三角防务 取到1765条 | 已用2847s ETA 429s
2026-08-26 20:45:51,059 | INFO  | [4531/5212] sz.300776 帝尔激光 取到1767条 | 已用2847s ETA 428s
2026-08-26 20:45:51,059 | INFO  | [4532/5212] sz.300777 中简科技 取到1768条 | 已用2847s ETA 427s
2026-08-26 20:45:51,059 | INFO  | [4533/5212] sz.300778 新城市 取到1772条 | 已用2847s ETA 426s
2026-08-26 20:45:51,059 | INFO  | [4534/5212] sz.300779 惠城环保 取到1764条 | 已用2847s ETA 426s
2026-08-26 20:45:51,059 | INFO  | [4535/5212] sz.300780 德恩精工 取到1757条 | 已用2847s ETA 425s
2026-08-26 20:45:51,059 | INFO  | [4536/5212] sz.300781 因赛集团 取到1753条 | 已用2847s ETA 424s
2026-08-26 20:46:45,154 | INFO  | [4537/5212] sz.300782 卓胜微 取到1746条 | 已用2901s ETA 432s
2026-08-26 20:46:45,154 | INFO  | [4538/5212] sz.300783 三只松鼠 取到1728条 | 已用2901s ETA 431s
2026-08-26 20:46:45,155 | INFO  | [4539/5212] sz.300784 利安科技 取到539条 | 已用2901s ETA 430s
2026-08-26 20:46:45,155 | INFO  | [4540/5212] sz.300785 值得买 取到1727条 | 已用2901s ETA 429s
2026-08-26 20:46:45,155 | INFO  | [4541/5212] sz.300786 国林科技 取到1721条 | 已用2901s ETA 429s
2026-08-26 20:46:45,155 | INFO  | [4542/5212] sz.300787 海能实业 取到1704条 | 已用2901s ETA 428s
2026-08-26 20:46:45,155 | INFO  | [4543/5212] sz.300788 中信出版 取到1733条 | 已用2901s ETA 427s
2026-08-26 20:46:45,155 | INFO  | [4544/5212] sz.300789 唐源电气 取到1695条 | 已用2901s ETA 426s
2026-08-26 20:46:49,044 | INFO  | [4545/5212] sz.300790 宇瞳光学 取到1679条 | 已用2905s ETA 426s
2026-08-26 20:46:49,045 | INFO  | [4546/5212] sz.300791 仙乐健康 取到1676条 | 已用2905s ETA 426s
2026-08-26 20:46:49,045 | INFO  | [4547/5212] sz.300792 壹网壹创 取到1674条 | 已用2905s ETA 425s
2026-08-26 20:46:49,045 | INFO  | [4548/5212] sz.300793 佳禾智能 取到1664条 | 已用2905s ETA 424s
2026-08-26 20:46:49,045 | INFO  | [4549/5212] sz.300795 米奥会展 取到1662条 | 已用2905s ETA 423s
2026-08-26 20:46:49,045 | INFO  | [4550/5212] sz.300796 贝斯美 取到1644条 | 已用2905s ETA 423s
2026-08-26 20:46:49,045 | INFO  | [4551/5212] sz.300797 钢研纳克 取到1654条 | 已用2905s ETA 422s
2026-08-26 20:46:49,045 | INFO  | [4552/5212] sz.300798 锦鸡股份 取到1639条 | 已用2905s ETA 421s
2026-08-26 20:47:42,393 | INFO  | [4553/5212] sz.300808 久量股份 取到1634条 | 已用2958s ETA 428s
2026-08-26 20:47:42,393 | INFO  | [4554/5212] sz.300809 华辰装备 取到1631条 | 已用2958s ETA 427s
2026-08-26 20:47:42,393 | INFO  | [4555/5212] sz.300810 中科海讯 取到1629条 | 已用2958s ETA 427s
2026-08-26 20:47:42,393 | INFO  | [4556/5212] sz.300811 铂科新材 取到1613条 | 已用2958s ETA 426s
2026-08-26 20:47:42,393 | INFO  | [4557/5212] sz.300812 易天股份 取到1606条 | 已用2958s ETA 425s
2026-08-26 20:47:42,394 | INFO  | [4558/5212] sz.300813 泰林生物 取到1603条 | 已用2958s ETA 424s
2026-08-26 20:47:42,394 | INFO  | [4559/5212] sz.300814 中富电路 取到1220条 | 已用2958s ETA 424s
2026-08-26 20:47:42,394 | INFO  | [4560/5212] sz.300815 玉禾田 取到1596条 | 已用2958s ETA 423s
2026-08-26 20:48:00,676 | INFO  | [4561/5212] sz.300800 力合科技 取到1651条 | 已用2977s ETA 425s
2026-08-26 20:48:00,676 | INFO  | [4562/5212] sz.300801 泰和科技 取到1635条 | 已用2977s ETA 424s
2026-08-26 20:48:00,676 | INFO  | [4563/5212] sz.300802 矩子科技 取到1645条 | 已用2977s ETA 423s
2026-08-26 20:48:00,676 | INFO  | [4564/5212] sz.300803 指南针 取到1643条 | 已用2977s ETA 423s
2026-08-26 20:48:00,676 | INFO  | [4565/5212] sz.300804 广康生化 取到769条 | 已用2977s ETA 422s
2026-08-26 20:48:00,676 | INFO  | [4566/5212] sz.300805 电声股份 取到1640条 | 已用2977s ETA 421s
2026-08-26 20:48:00,676 | INFO  | [4567/5212] sz.300806 斯迪克 取到1638条 | 已用2977s ETA 420s
2026-08-26 20:48:00,676 | INFO  | [4568/5212] sz.300807 天迈科技 取到1620条 | 已用2977s ETA 420s
2026-08-26 20:48:46,328 | INFO  | [4569/5212] sz.300816 艾可蓝 取到1590条 | 已用3022s ETA 425s
2026-08-26 20:48:46,328 | INFO  | [4570/5212] sz.300817 双飞集团 取到1584条 | 已用3022s ETA 425s
2026-08-26 20:48:46,328 | INFO  | [4571/5212] sz.300818 耐普矿机 取到1588条 | 已用3022s ETA 424s
2026-08-26 20:48:46,329 | INFO  | [4572/5212] sz.300819 聚杰微纤 取到1567条 | 已用3022s ETA 423s
2026-08-26 20:48:46,329 | INFO  | [4573/5212] sz.300820 英杰电气 取到1587条 | 已用3022s ETA 422s
2026-08-26 20:48:46,329 | INFO  | [4574/5212] sz.300821 东岳硅材 取到1567条 | 已用3022s ETA 422s
2026-08-26 20:48:46,329 | INFO  | [4575/5212] sz.300822 贝仕达克 取到1566条 | 已用3022s ETA 421s
2026-08-26 20:48:46,329 | INFO  | [4576/5212] sz.300823 建科智能 取到1562条 | 已用3022s ETA 420s
2026-08-26 20:49:11,222 | INFO  | [4577/5212] sz.300824 北鼎股份 取到1500条 | 已用3047s ETA 423s
2026-08-26 20:49:11,223 | INFO  | [4578/5212] sz.300825 阿尔特 取到1556条 | 已用3047s ETA 422s
2026-08-26 20:49:11,223 | INFO  | [4579/5212] sz.300826 测绘股份 取到1551条 | 已用3047s ETA 421s
2026-08-26 20:49:11,223 | INFO  | [4580/5212] sz.300827 上能电气 取到1547条 | 已用3047s ETA 420s
2026-08-26 20:49:11,223 | INFO  | [4581/5212] sz.300828 锐新科技 取到1540条 | 已用3047s ETA 420s
2026-08-26 20:49:11,223 | INFO  | [4582/5212] sz.300829 金丹科技 取到1539条 | 已用3047s ETA 419s
2026-08-26 20:49:11,223 | INFO  | [4583/5212] sz.300830 金现代 取到1532条 | 已用3047s ETA 418s
2026-08-26 20:49:11,223 | INFO  | [4584/5212] sz.300831 ST派瑞 取到1531条 | 已用3047s ETA 417s
2026-08-26 20:50:01,634 | INFO  | [4585/5212] sz.300832 新产业 取到1528条 | 已用3098s ETA 424s
2026-08-26 20:50:01,634 | INFO  | [4586/5212] sz.300833 浩洋股份 取到1522条 | 已用3098s ETA 423s
2026-08-26 20:50:01,634 | INFO  | [4587/5212] sz.300834 星辉环材 取到1118条 | 已用3098s ETA 422s
2026-08-26 20:50:01,634 | INFO  | [4588/5212] sz.300835 龙磁科技 取到1519条 | 已用3098s ETA 421s
2026-08-26 20:50:01,634 | INFO  | [4589/5212] sz.300836 佰奥智能 取到1516条 | 已用3098s ETA 421s
2026-08-26 20:50:01,634 | INFO  | [4590/5212] sz.300837 浙矿股份 取到1510条 | 已用3098s ETA 420s
2026-08-26 20:50:01,634 | INFO  | [4591/5212] sz.300838 浙江力诺 取到1509条 | 已用3098s ETA 419s
2026-08-26 20:50:01,634 | INFO  | [4592/5212] sz.300839 博汇股份 取到1495条 | 已用3098s ETA 418s
2026-08-26 20:50:21,191 | INFO  | [4593/5212] sz.300840 酷特智能 取到1489条 | 已用3117s ETA 420s
2026-08-26 20:50:21,192 | INFO  | [4594/5212] sz.300841 康华生物 取到1503条 | 已用3117s ETA 419s
2026-08-26 20:50:21,192 | INFO  | [4595/5212] sz.300842 帝科股份 取到1501条 | 已用3117s ETA 419s
2026-08-26 20:50:21,192 | INFO  | [4596/5212] sz.300843 胜蓝股份 取到1493条 | 已用3117s ETA 418s
2026-08-26 20:50:21,192 | INFO  | [4597/5212] sz.300844 山水比德 取到1219条 | 已用3117s ETA 417s
2026-08-26 20:50:21,192 | INFO  | [4598/5212] sz.300845 捷安高科 取到1492条 | 已用3117s ETA 416s
2026-08-26 20:50:21,192 | INFO  | [4599/5212] sz.300846 首都在线 取到1494条 | 已用3117s ETA 415s
2026-08-26 20:50:21,192 | INFO  | [4600/5212] sz.300847 中船汉光 取到1488条 | 已用3117s ETA 415s
2026-08-26 20:51:00,964 | INFO  | [4601/5212] sz.300848 美瑞新材 取到1481条 | 已用3157s ETA 419s
2026-08-26 20:51:00,964 | INFO  | [4602/5212] sz.300849 锦盛新材 取到1487条 | 已用3157s ETA 418s
2026-08-26 20:51:00,964 | INFO  | [4603/5212] sz.300850 新强联 取到1486条 | 已用3157s ETA 418s
2026-08-26 20:51:00,964 | INFO  | [4604/5212] sz.300851 交大思诺 取到1482条 | 已用3157s ETA 417s
2026-08-26 20:51:00,965 | INFO  | [4605/5212] sz.300852 四会富仕 取到1486条 | 已用3157s ETA 416s
2026-08-26 20:51:00,965 | INFO  | [4606/5212] sz.300853 申昊科技 取到1477条 | 已用3157s ETA 415s
2026-08-26 20:51:00,965 | INFO  | [4607/5212] sz.300854 中兰环保 取到1195条 | 已用3157s ETA 415s
2026-08-26 20:51:00,965 | INFO  | [4608/5212] sz.300855 图南股份 取到1478条 | 已用3157s ETA 414s
2026-08-26 20:51:29,858 | INFO  | [4609/5212] sz.300856 科思股份 取到1479条 | 已用3186s ETA 417s
2026-08-26 20:51:29,858 | INFO  | [4610/5212] sz.300857 协创数据 取到1476条 | 已用3186s ETA 416s
2026-08-26 20:51:29,858 | INFO  | [4611/5212] sz.300858 科拓生物 取到1476条 | 已用3186s ETA 415s
2026-08-26 20:51:29,858 | INFO  | [4612/5212] sz.300859 西域旅游 取到1468条 | 已用3186s ETA 414s
2026-08-26 20:51:29,858 | INFO  | [4613/5212] sz.300860 锋尚文化 取到1456条 | 已用3186s ETA 414s
2026-08-26 20:51:29,858 | INFO  | [4614/5212] sz.300861 美畅股份 取到1456条 | 已用3186s ETA 413s
2026-08-26 20:51:29,858 | INFO  | [4615/5212] sz.300862 蓝盾光电 取到1456条 | 已用3186s ETA 412s
2026-08-26 20:51:29,858 | INFO  | [4616/5212] sz.300863 卡倍亿 取到1456条 | 已用3186s ETA 411s
2026-08-26 20:51:53,091 | INFO  | [4617/5212] sz.300864 南大环境 取到1456条 | 已用3209s ETA 414s
2026-08-26 20:51:53,092 | INFO  | [4618/5212] sz.300865 大宏立 取到1456条 | 已用3209s ETA 413s
2026-08-26 20:51:53,092 | INFO  | [4619/5212] sz.300866 安克创新 取到1456条 | 已用3209s ETA 412s
2026-08-26 20:51:53,092 | INFO  | [4620/5212] sz.300867 圣元环保 取到1456条 | 已用3209s ETA 411s
2026-08-26 20:51:53,092 | INFO  | [4621/5212] sz.300868 杰美特 取到1456条 | 已用3209s ETA 410s
2026-08-26 20:51:53,092 | INFO  | [4622/5212] sz.300869 康泰医学 取到1456条 | 已用3209s ETA 410s
2026-08-26 20:51:53,092 | INFO  | [4623/5212] sz.300870 欧陆通 取到1456条 | 已用3209s ETA 409s
2026-08-26 20:51:53,092 | INFO  | [4624/5212] sz.300871 回盛生物 取到1456条 | 已用3209s ETA 408s
2026-08-26 20:52:33,256 | INFO  | [4625/5212] sz.300872 天阳科技 取到1456条 | 已用3249s ETA 412s
2026-08-26 20:52:33,256 | INFO  | [4626/5212] sz.300873 海晨股份 取到1456条 | 已用3249s ETA 412s
2026-08-26 20:52:33,256 | INFO  | [4627/5212] sz.300875 捷强装备 取到1456条 | 已用3249s ETA 411s
2026-08-26 20:52:33,256 | INFO  | [4628/5212] sz.300876 蒙泰高新 取到1456条 | 已用3249s ETA 410s
2026-08-26 20:52:33,256 | INFO  | [4629/5212] sz.300877 金春股份 取到1456条 | 已用3249s ETA 409s
2026-08-26 20:52:33,256 | INFO  | [4630/5212] sz.300878 维康药业 取到1456条 | 已用3249s ETA 408s
2026-08-26 20:52:33,256 | INFO  | [4631/5212] sz.300879 大叶股份 取到1450条 | 已用3249s ETA 408s
2026-08-26 20:52:33,256 | INFO  | [4632/5212] sz.300880 迦南智能 取到1450条 | 已用3249s ETA 407s
2026-08-26 20:52:40,939 | INFO  | [4633/5212] sz.300881 盛德鑫泰 取到1450条 | 已用3257s ETA 407s
2026-08-26 20:52:40,939 | INFO  | [4634/5212] sz.300882 万胜智能 取到1443条 | 已用3257s ETA 406s
2026-08-26 20:52:40,940 | INFO  | [4635/5212] sz.300883 龙利得 取到1443条 | 已用3257s ETA 405s
2026-08-26 20:52:40,940 | INFO  | [4636/5212] sz.300884 狄耐克 取到1404条 | 已用3257s ETA 405s
2026-08-26 20:52:40,940 | INFO  | [4637/5212] sz.300885 海昌新材 取到1443条 | 已用3257s ETA 404s
2026-08-26 20:52:40,940 | INFO  | [4638/5212] sz.300886 华业香料 取到1439条 | 已用3257s ETA 403s
2026-08-26 20:52:40,940 | INFO  | [4639/5212] sz.300887 谱尼测试 取到1439条 | 已用3257s ETA 402s
2026-08-26 20:52:40,940 | INFO  | [4640/5212] sz.300888 稳健医疗 取到1438条 | 已用3257s ETA 401s
2026-08-26 20:53:28,487 | INFO  | [4641/5212] sz.300889 爱克股份 取到1439条 | 已用3304s ETA 407s
2026-08-26 20:53:28,488 | INFO  | [4642/5212] sz.300890 翔丰华 取到1438条 | 已用3304s ETA 406s
2026-08-26 20:53:28,488 | INFO  | [4643/5212] sz.300891 惠云钛业 取到1438条 | 已用3304s ETA 405s
2026-08-26 20:53:28,488 | INFO  | [4644/5212] sz.300892 品渥食品 取到1433条 | 已用3304s ETA 404s
2026-08-26 20:53:28,488 | INFO  | [4645/5212] sz.300893 松原安全 取到1433条 | 已用3304s ETA 403s
2026-08-26 20:53:28,488 | INFO  | [4646/5212] sz.300894 火星人 取到1369条 | 已用3304s ETA 403s
2026-08-26 20:53:28,488 | INFO  | [4647/5212] sz.300895 铜牛信息 取到1433条 | 已用3304s ETA 402s
2026-08-26 20:53:28,488 | INFO  | [4648/5212] sz.300896 爱美客 取到1431条 | 已用3304s ETA 401s
2026-08-26 20:53:34,554 | INFO  | [4649/5212] sz.300897 山科智能 取到1431条 | 已用3310s ETA 401s
2026-08-26 20:53:34,555 | INFO  | [4650/5212] sz.300898 熊猫乳品 取到1423条 | 已用3310s ETA 400s
2026-08-26 20:53:34,556 | INFO  | [4651/5212] sz.300899 上海凯鑫 取到1423条 | 已用3310s ETA 399s
2026-08-26 20:53:34,556 | INFO  | [4652/5212] sz.300900 广联航空 取到1414条 | 已用3310s ETA 399s
2026-08-26 20:53:34,556 | INFO  | [4653/5212] sz.300901 中胤时尚 取到1414条 | 已用3310s ETA 398s
2026-08-26 20:53:34,556 | INFO  | [4654/5212] sz.300902 国安达 取到1414条 | 已用3310s ETA 397s
2026-08-26 20:53:34,556 | INFO  | [4655/5212] sz.300903 科翔股份 取到1409条 | 已用3310s ETA 396s
2026-08-26 20:53:34,556 | INFO  | [4656/5212] sz.300904 威力传动 取到738条 | 已用3310s ETA 395s
2026-08-26 20:54:29,543 | INFO  | [4657/5212] sz.300913 兆龙互连 取到1387条 | 已用3365s ETA 401s
2026-08-26 20:54:29,543 | INFO  | [4658/5212] sz.300915 海融科技 取到1390条 | 已用3365s ETA 400s
2026-08-26 20:54:29,543 | INFO  | [4659/5212] sz.300916 朗特智能 取到1390条 | 已用3365s ETA 399s
2026-08-26 20:54:29,543 | INFO  | [4660/5212] sz.300917 特发服务 取到1377条 | 已用3365s ETA 399s
2026-08-26 20:54:29,544 | INFO  | [4661/5212] sz.300918 南山智尚 取到1376条 | 已用3365s ETA 398s
2026-08-26 20:54:29,544 | INFO  | [4662/5212] sz.300919 中伟新材 取到1375条 | 已用3365s ETA 397s
2026-08-26 20:54:29,544 | INFO  | [4663/5212] sz.300920 润阳科技 取到1373条 | 已用3365s ETA 396s
2026-08-26 20:54:29,544 | INFO  | [4664/5212] sz.300921 南凌科技 取到1376条 | 已用3365s ETA 395s
2026-08-26 20:54:31,597 | INFO  | [4665/5212] sz.300905 宝丽迪 取到1409条 | 已用3368s ETA 395s
2026-08-26 20:54:31,597 | INFO  | [4666/5212] sz.300906 日月明 取到1409条 | 已用3368s ETA 394s
2026-08-26 20:54:31,597 | INFO  | [4667/5212] sz.300907 康平科技 取到1400条 | 已用3368s ETA 393s
2026-08-26 20:54:31,597 | INFO  | [4668/5212] sz.300908 仲景食品 取到1397条 | 已用3368s ETA 392s
2026-08-26 20:54:31,597 | INFO  | [4669/5212] sz.300909 汇创达 取到1400条 | 已用3368s ETA 392s
2026-08-26 20:54:31,597 | INFO  | [4670/5212] sz.300910 瑞丰新材 取到1393条 | 已用3368s ETA 391s
2026-08-26 20:54:31,597 | INFO  | [4671/5212] sz.300911 亿田智能 取到1389条 | 已用3368s ETA 390s
2026-08-26 20:54:31,597 | INFO  | [4672/5212] sz.300912 凯龙高科 取到1387条 | 已用3368s ETA 389s
2026-08-26 20:55:22,586 | INFO  | [4673/5212] sz.300922 天秦装备 取到1373条 | 已用3419s ETA 394s
2026-08-26 20:55:22,586 | INFO  | [4674/5212] sz.300923 研奥股份 取到1374条 | 已用3419s ETA 393s
2026-08-26 20:55:22,586 | INFO  | [4675/5212] sz.300925 法本信息 取到1370条 | 已用3419s ETA 393s
2026-08-26 20:55:22,586 | INFO  | [4676/5212] sz.300926 博俊科技 取到1365条 | 已用3419s ETA 392s
2026-08-26 20:55:22,586 | INFO  | [4677/5212] sz.300927 江天化学 取到1365条 | 已用3419s ETA 391s
2026-08-26 20:55:22,586 | INFO  | [4678/5212] sz.300928 华安鑫创 取到1366条 | 已用3419s ETA 390s
2026-08-26 20:55:22,586 | INFO  | [4679/5212] sz.300929 华骐环保 取到1356条 | 已用3419s ETA 389s
2026-08-26 20:55:22,586 | INFO  | [4680/5212] sz.300930 屹通新材 取到1355条 | 已用3419s ETA 389s
2026-08-26 20:55:30,413 | INFO  | [4681/5212] sz.300931 通用电梯 取到1355条 | 已用3426s ETA 389s
2026-08-26 20:55:30,413 | INFO  | [4682/5212] sz.300932 三友联众 取到1354条 | 已用3426s ETA 388s
2026-08-26 20:55:30,413 | INFO  | [4683/5212] sz.300933 中辰股份 取到1354条 | 已用3426s ETA 387s
2026-08-26 20:55:30,413 | INFO  | [4684/5212] sz.300935 盈建科 取到1356条 | 已用3426s ETA 386s
2026-08-26 20:55:30,413 | INFO  | [4685/5212] sz.300936 中英科技 取到1352条 | 已用3426s ETA 385s
2026-08-26 20:55:30,413 | INFO  | [4686/5212] sz.300937 药易购 取到1351条 | 已用3426s ETA 385s
2026-08-26 20:55:30,413 | INFO  | [4687/5212] sz.300938 信测标准 取到1351条 | 已用3426s ETA 384s
2026-08-26 20:55:30,413 | INFO  | [4688/5212] sz.300939 秋田微 取到1350条 | 已用3426s ETA 383s
2026-08-26 20:56:11,491 | INFO  | [4689/5212] sz.300940 南极光 取到1346条 | 已用3467s ETA 387s
2026-08-26 20:56:11,491 | INFO  | [4690/5212] sz.300941 创识科技 取到1342条 | 已用3467s ETA 386s
2026-08-26 20:56:11,491 | INFO  | [4691/5212] sz.300942 易瑞生物 取到1342条 | 已用3467s ETA 385s
2026-08-26 20:56:11,492 | INFO  | [4692/5212] sz.300943 春晖智控 取到1341条 | 已用3467s ETA 384s
2026-08-26 20:56:11,492 | INFO  | [4693/5212] sz.300945 曼卡龙 取到1341条 | 已用3467s ETA 383s
2026-08-26 20:56:11,492 | INFO  | [4694/5212] sz.300946 恒而达 取到1343条 | 已用3467s ETA 383s
2026-08-26 20:56:11,492 | INFO  | [4695/5212] sz.300947 德必集团 取到1341条 | 已用3467s ETA 382s
2026-08-26 20:56:11,492 | INFO  | [4696/5212] sz.300948 冠中生态 取到1335条 | 已用3467s ETA 381s
2026-08-26 20:56:16,424 | INFO  | [4697/5212] sz.300949 奥雅股份 取到1334条 | 已用3472s ETA 381s
2026-08-26 20:56:16,424 | INFO  | [4698/5212] sz.300950 德固特 取到1331条 | 已用3472s ETA 380s
2026-08-26 20:56:16,424 | INFO  | [4699/5212] sz.300951 博硕科技 取到1334条 | 已用3472s ETA 379s
2026-08-26 20:56:16,424 | INFO  | [4700/5212] sz.300952 恒辉安防 取到1325条 | 已用3472s ETA 378s
2026-08-26 20:56:16,424 | INFO  | [4701/5212] sz.300953 震裕科技 取到1320条 | 已用3472s ETA 377s
2026-08-26 20:56:16,424 | INFO  | [4702/5212] sz.300955 嘉亨家化 取到1316条 | 已用3472s ETA 377s
2026-08-26 20:56:16,424 | INFO  | [4703/5212] sz.300956 英力股份 取到1314条 | 已用3472s ETA 376s
2026-08-26 20:56:16,424 | INFO  | [4704/5212] sz.300957 贝泰妮 取到1315条 | 已用3472s ETA 375s
2026-08-26 20:56:55,478 | INFO  | [4705/5212] sz.300958 建工修复 取到1313条 | 已用3511s ETA 378s
2026-08-26 20:56:55,478 | INFO  | [4706/5212] sz.300959 线上线下 取到1318条 | 已用3511s ETA 378s
2026-08-26 20:56:55,478 | INFO  | [4707/5212] sz.300960 通业科技 取到1313条 | 已用3511s ETA 377s
2026-08-26 20:56:55,478 | INFO  | [4708/5212] sz.300961 深水海纳 取到1312条 | 已用3511s ETA 376s
2026-08-26 20:56:55,478 | INFO  | [4709/5212] sz.300962 中金辐照 取到1305条 | 已用3511s ETA 375s
2026-08-26 20:56:55,478 | INFO  | [4710/5212] sz.300963 中洲特材 取到1305条 | 已用3511s ETA 374s
2026-08-26 20:56:55,478 | INFO  | [4711/5212] sz.300964 本川智能 取到1225条 | 已用3511s ETA 373s
2026-08-26 20:56:55,478 | INFO  | [4712/5212] sz.300965 恒宇信通 取到1309条 | 已用3511s ETA 373s
2026-08-26 20:56:59,908 | INFO  | [4713/5212] sz.300966 共同药业 取到1305条 | 已用3516s ETA 372s
2026-08-26 20:56:59,908 | INFO  | [4714/5212] sz.300967 晓鸣股份 取到1303条 | 已用3516s ETA 371s
2026-08-26 20:56:59,908 | INFO  | [4715/5212] sz.300968 格林精密 取到1301条 | 已用3516s ETA 371s
2026-08-26 20:56:59,908 | INFO  | [4716/5212] sz.300969 恒帅股份 取到1304条 | 已用3516s ETA 370s
2026-08-26 20:56:59,908 | INFO  | [4717/5212] sz.300970 华绿生物 取到1304条 | 已用3516s ETA 369s
2026-08-26 20:56:59,908 | INFO  | [4718/5212] sz.300971 博亚精工 取到1301条 | 已用3516s ETA 368s
2026-08-26 20:56:59,908 | INFO  | [4719/5212] sz.300972 万辰集团 取到1299条 | 已用3516s ETA 367s
2026-08-26 20:56:59,909 | INFO  | [4720/5212] sz.300973 立高食品 取到1301条 | 已用3516s ETA 366s
2026-08-26 20:57:46,429 | INFO  | [4721/5212] sz.300975 商络电子 取到1297条 | 已用3562s ETA 370s
2026-08-26 20:57:46,431 | INFO  | [4722/5212] sz.300976 达瑞电子 取到1299条 | 已用3562s ETA 370s
2026-08-26 20:57:46,431 | INFO  | [4723/5212] sz.300977 深圳瑞捷 取到1298条 | 已用3562s ETA 369s
2026-08-26 20:57:46,431 | INFO  | [4724/5212] sz.300978 东箭科技 取到1294条 | 已用3562s ETA 368s
2026-08-26 20:57:46,431 | INFO  | [4725/5212] sz.300979 华利集团 取到1294条 | 已用3562s ETA 367s
2026-08-26 20:57:46,431 | INFO  | [4726/5212] sz.300980 祥源新材 取到1297条 | 已用3562s ETA 366s
2026-08-26 20:57:46,431 | INFO  | [4727/5212] sz.300981 中红医疗 取到1293条 | 已用3562s ETA 366s
2026-08-26 20:57:46,431 | INFO  | [4728/5212] sz.300982 苏文电能 取到1293条 | 已用3562s ETA 365s
2026-08-26 20:57:57,153 | INFO  | [4729/5212] sz.300983 尤安设计 取到1298条 | 已用3573s ETA 365s
2026-08-26 20:57:57,153 | INFO  | [4730/5212] sz.300984 金沃股份 取到1259条 | 已用3573s ETA 364s
2026-08-26 20:57:57,153 | INFO  | [4731/5212] sz.300985 致远新能 取到1291条 | 已用3573s ETA 363s
2026-08-26 20:57:57,153 | INFO  | [4732/5212] sz.300986 志特新材 取到1290条 | 已用3573s ETA 362s
2026-08-26 20:57:57,153 | INFO  | [4733/5212] sz.300987 川网传媒 取到1286条 | 已用3573s ETA 362s
2026-08-26 20:57:57,153 | INFO  | [4734/5212] sz.300988 津荣天宇 取到1285条 | 已用3573s ETA 361s
2026-08-26 20:57:57,153 | INFO  | [4735/5212] sz.300989 蕾奥规划 取到1288条 | 已用3573s ETA 360s
2026-08-26 20:57:57,153 | INFO  | [4736/5212] sz.300990 同飞股份 取到1285条 | 已用3573s ETA 359s
2026-08-26 20:58:35,844 | INFO  | [4737/5212] sz.300991 创益通 取到1279条 | 已用3612s ETA 362s
2026-08-26 20:58:35,844 | INFO  | [4738/5212] sz.300992 泰福泵业 取到1276条 | 已用3612s ETA 361s
2026-08-26 20:58:35,844 | INFO  | [4739/5212] sz.300993 玉马科技 取到1277条 | 已用3612s ETA 360s
2026-08-26 20:58:35,844 | INFO  | [4740/5212] sz.300994 久祺股份 取到1220条 | 已用3612s ETA 360s
2026-08-26 20:58:35,845 | INFO  | [4741/5212] sz.300995 奇德新材 取到1275条 | 已用3612s ETA 359s
2026-08-26 20:58:35,845 | INFO  | [4742/5212] sz.300996 普联软件 取到1269条 | 已用3612s ETA 358s
2026-08-26 20:58:35,845 | INFO  | [4743/5212] sz.300997 欢乐家 取到1270条 | 已用3612s ETA 357s
2026-08-26 20:58:35,845 | INFO  | [4744/5212] sz.300998 宁波方正 取到1270条 | 已用3612s ETA 356s
2026-08-26 20:59:16,763 | WARNING | sz.301001 第1次请求失败: error_code=10002007 msg=网络接收错误。
2026-08-26 20:59:23,598 | INFO  | [4745/5212] sz.301007 德迈仕 取到1261条 | 已用3660s ETA 360s
2026-08-26 20:59:23,600 | INFO  | [4746/5212] sz.301008 宏昌科技 取到1263条 | 已用3660s ETA 359s
2026-08-26 20:59:23,600 | INFO  | [4747/5212] sz.301009 可靠股份 取到1260条 | 已用3660s ETA 358s
2026-08-26 20:59:23,600 | INFO  | [4748/5212] sz.301010 晶雪节能 取到1259条 | 已用3660s ETA 358s
2026-08-26 20:59:23,600 | INFO  | [4749/5212] sz.301011 华立科技 取到1260条 | 已用3660s ETA 357s
2026-08-26 20:59:23,600 | INFO  | [4750/5212] sz.301012 扬电科技 取到1257条 | 已用3660s ETA 356s
2026-08-26 20:59:23,600 | INFO  | [4751/5212] sz.301013 利和兴 取到1252条 | 已用3660s ETA 355s
2026-08-26 20:59:23,600 | INFO  | [4752/5212] sz.301015 百洋医药 取到1251条 | 已用3660s ETA 354s
2026-08-26 20:59:24,829 | WARNING | sz.301016 第1次请求失败: error_code=10001001 msg=用户未登录
2026-08-26 21:00:01,700 | WARNING | sz.301003 第1次请求失败: error_code=10002007 msg=网络接收错误。
2026-08-26 21:00:30,431 | INFO  | [4753/5212] sz.300999 金龙鱼 取到1424条 | 已用3726s ETA 360s
2026-08-26 21:00:30,431 | INFO  | [4754/5212] sz.301000 肇民科技 取到1273条 | 已用3726s ETA 359s
2026-08-26 21:00:30,431 | INFO  | [4755/5212] sz.301001 凯淳股份 取到1273条 | 已用3726s ETA 358s
2026-08-26 21:00:30,431 | INFO  | [4756/5212] sz.301002 崧盛股份 取到1267条 | 已用3726s ETA 357s
2026-08-26 21:00:30,431 | INFO  | [4757/5212] sz.301003 江苏博云 取到1271条 | 已用3726s ETA 356s
2026-08-26 21:00:30,431 | INFO  | [4758/5212] sz.301004 嘉益股份 取到1254条 | 已用3726s ETA 356s
2026-08-26 21:00:30,431 | INFO  | [4759/5212] sz.301005 超捷股份 取到1271条 | 已用3726s ETA 355s
2026-08-26 21:00:30,431 | INFO  | [4760/5212] sz.301006 迈拓股份 取到1267条 | 已用3726s ETA 354s
2026-08-26 21:01:21,003 | INFO  | [4761/5212] sz.301024 霍普股份 取到1231条 | 已用3777s ETA 358s
2026-08-26 21:01:21,003 | INFO  | [4762/5212] sz.301025 读客文化 取到1238条 | 已用3777s ETA 357s
2026-08-26 21:01:21,003 | INFO  | [4763/5212] sz.301026 浩通科技 取到1239条 | 已用3777s ETA 356s
2026-08-26 21:01:21,003 | INFO  | [4764/5212] sz.301027 华蓝集团 取到1240条 | 已用3777s ETA 355s
2026-08-26 21:01:21,003 | INFO  | [4765/5212] sz.301028 鼎熔岩 取到1237条 | 已用3777s ETA 354s
2026-08-26 21:01:21,003 | INFO  | [4766/5212] sz.301029 怡合达 取到1234条 | 已用3777s ETA 353s
2026-08-26 21:01:21,003 | INFO  | [4767/5212] sz.301030 *ST仕净 取到1235条 | 已用3777s ETA 353s
2026-08-26 21:01:21,003 | INFO  | [4768/5212] sz.301031 中熔电气 取到1240条 | 已用3777s ETA 352s
2026-08-26 21:02:40,291 | INFO  | [4769/5212] sz.301032 新柴股份 取到1235条 | 已用3856s ETA 358s
2026-08-26 21:02:40,291 | INFO  | [4770/5212] sz.301033 迈普医学 取到1233条 | 已用3856s ETA 357s
2026-08-26 21:02:40,291 | INFO  | [4771/5212] sz.301035 润丰股份 取到1231条 | 已用3856s ETA 356s
2026-08-26 21:02:40,291 | INFO  | [4772/5212] sz.301036 双乐股份 取到1230条 | 已用3856s ETA 356s
2026-08-26 21:02:40,291 | INFO  | [4773/5212] sz.301037 保立佳 取到1229条 | 已用3856s ETA 355s
2026-08-26 21:02:40,291 | INFO  | [4774/5212] sz.301038 深水规院 取到1226条 | 已用3856s ETA 354s
2026-08-26 21:02:40,291 | INFO  | [4775/5212] sz.301039 中集车辆 取到1245条 | 已用3856s ETA 353s
2026-08-26 21:02:40,291 | INFO  | [4776/5212] sz.301040 中环海陆 取到1227条 | 已用3856s ETA 352s
2026-08-26 21:03:42,857 | INFO  | [4777/5212] sz.301041 金百泽 取到1221条 | 已用3919s ETA 357s
2026-08-26 21:03:42,857 | INFO  | [4778/5212] sz.301042 安联锐视 取到1225条 | 已用3919s ETA 356s
2026-08-26 21:03:42,857 | INFO  | [4779/5212] sz.301043 绿岛风 取到1221条 | 已用3919s ETA 355s
2026-08-26 21:03:42,857 | INFO  | [4780/5212] sz.301045 天禄科技 取到1219条 | 已用3919s ETA 354s
2026-08-26 21:03:42,857 | INFO  | [4781/5212] sz.301046 能辉科技 取到1217条 | 已用3919s ETA 353s
2026-08-26 21:03:42,857 | INFO  | [4782/5212] sz.301047 义翘神州 取到1218条 | 已用3919s ETA 352s
2026-08-26 21:03:42,857 | INFO  | [4783/5212] sz.301048 金鹰重工 取到1216条 | 已用3919s ETA 351s
2026-08-26 21:03:42,857 | INFO  | [4784/5212] sz.301049 超越科技 取到1212条 | 已用3919s ETA 351s
2026-08-26 21:04:35,462 | INFO  | [4785/5212] sz.301050 雷电微力 取到1212条 | 已用3971s ETA 354s
2026-08-26 21:04:35,462 | INFO  | [4786/5212] sz.301051 信濠光电 取到1209条 | 已用3971s ETA 353s
2026-08-26 21:04:35,462 | INFO  | [4787/5212] sz.301052 果麦文化 取到1208条 | 已用3971s ETA 353s
2026-08-26 21:04:35,462 | INFO  | [4788/5212] sz.301053 远信工业 取到1206条 | 已用3971s ETA 352s
2026-08-26 21:04:35,462 | INFO  | [4789/5212] sz.301055 张小泉 取到1203条 | 已用3971s ETA 351s
2026-08-26 21:04:35,462 | INFO  | [4790/5212] sz.301056 森赫股份 取到1202条 | 已用3971s ETA 350s
2026-08-26 21:04:35,462 | INFO  | [4791/5212] sz.301057 汇隆新材 取到1200条 | 已用3971s ETA 349s
2026-08-26 21:04:35,462 | INFO  | [4792/5212] sz.301058 中粮科工 取到1200条 | 已用3971s ETA 348s
2026-08-26 21:05:27,980 | INFO  | [4793/5212] sz.301059 金三江 取到1198条 | 已用4024s ETA 352s
2026-08-26 21:05:27,980 | INFO  | [4794/5212] sz.301060 兰卫医学 取到1198条 | 已用4024s ETA 351s
2026-08-26 21:05:27,980 | INFO  | [4795/5212] sz.301061 匠心家居 取到1198条 | 已用4024s ETA 350s
2026-08-26 21:05:27,980 | INFO  | [4796/5212] sz.301062 上海艾录 取到1197条 | 已用4024s ETA 349s
2026-08-26 21:05:27,980 | INFO  | [4797/5212] sz.301063 海锅股份 取到1191条 | 已用4024s ETA 348s
2026-08-26 21:05:27,980 | INFO  | [4798/5212] sz.301065 本立科技 取到1197条 | 已用4024s ETA 347s
2026-08-26 21:05:27,980 | INFO  | [4799/5212] sz.301066 万事利 取到1193条 | 已用4024s ETA 346s
2026-08-26 21:05:27,980 | INFO  | [4800/5212] sz.301067 显盈科技 取到1193条 | 已用4024s ETA 345s
2026-08-26 21:06:10,633 | INFO  | [4801/5212] sz.301068 大地海洋 取到1189条 | 已用4067s ETA 348s
2026-08-26 21:06:10,633 | INFO  | [4802/5212] sz.301069 凯盛新材 取到1190条 | 已用4067s ETA 347s
2026-08-26 21:06:10,633 | INFO  | [4803/5212] sz.301070 开勒股份 取到1192条 | 已用4067s ETA 346s
2026-08-26 21:06:10,634 | INFO  | [4804/5212] sz.301071 力量钻石 取到1191条 | 已用4067s ETA 345s
2026-08-26 21:06:10,634 | INFO  | [4805/5212] sz.301072 中捷精工 取到1188条 | 已用4067s ETA 344s
2026-08-26 21:06:10,634 | INFO  | [4806/5212] sz.301073 君亭酒店 取到1187条 | 已用4067s ETA 344s
2026-08-26 21:06:10,634 | INFO  | [4807/5212] sz.301075 多瑞医药 取到1188条 | 已用4067s ETA 343s
2026-08-26 21:06:10,634 | INFO  | [4808/5212] sz.301076 新瀚新材 取到1185条 | 已用4067s ETA 342s
2026-08-26 21:07:27,444 | INFO  | [4809/5212] sz.301077 星华新材 取到1187条 | 已用4143s ETA 347s
2026-08-26 21:07:27,444 | INFO  | [4810/5212] sz.301078 孩子王 取到1182条 | 已用4143s ETA 346s
2026-08-26 21:07:27,445 | INFO  | [4811/5212] sz.301079 邵阳液压 取到1179条 | 已用4143s ETA 345s
2026-08-26 21:07:27,445 | INFO  | [4812/5212] sz.301080 百普赛斯 取到1180条 | 已用4143s ETA 344s
2026-08-26 21:07:27,445 | INFO  | [4813/5212] sz.301081 严牌股份 取到1178条 | 已用4143s ETA 343s
2026-08-26 21:07:27,445 | INFO  | [4814/5212] sz.301082 久盛电气 取到1173条 | 已用4143s ETA 343s
2026-08-26 21:07:27,445 | INFO  | [4815/5212] sz.301083 百胜智能 取到1177条 | 已用4143s ETA 342s
2026-08-26 21:07:27,445 | INFO  | [4816/5212] sz.301085 亚康股份 取到1180条 | 已用4143s ETA 341s
2026-08-26 21:08:12,117 | INFO  | [4817/5212] sz.301086 鸿富瀚 取到1178条 | 已用4188s ETA 343s
2026-08-26 21:08:12,117 | INFO  | [4818/5212] sz.301087 可孚医疗 取到1175条 | 已用4188s ETA 342s
2026-08-26 21:08:12,117 | INFO  | [4819/5212] sz.301088 戎美股份 取到1172条 | 已用4188s ETA 342s
2026-08-26 21:08:12,117 | INFO  | [4820/5212] sz.301089 拓新药业 取到1173条 | 已用4188s ETA 341s
2026-08-26 21:08:12,117 | INFO  | [4821/5212] sz.301090 华润材料 取到1174条 | 已用4188s ETA 340s
2026-08-26 21:08:12,117 | INFO  | [4822/5212] sz.301091 深城交 取到1171条 | 已用4188s ETA 339s
2026-08-26 21:08:12,117 | INFO  | [4823/5212] sz.301092 争光股份 取到1169条 | 已用4188s ETA 338s
2026-08-26 21:08:12,117 | INFO  | [4824/5212] sz.301093 华兰股份 取到1170条 | 已用4188s ETA 337s
2026-08-26 21:09:06,194 | INFO  | [4825/5212] sz.301095 广立微 取到983条 | 已用4242s ETA 340s
2026-08-26 21:09:06,194 | INFO  | [4826/5212] sz.301096 百诚医药 取到1135条 | 已用4242s ETA 339s
2026-08-26 21:09:06,195 | INFO  | [4827/5212] sz.301097 天益医疗 取到1065条 | 已用4242s ETA 338s
2026-08-26 21:09:06,195 | INFO  | [4828/5212] sz.301098 金埔园林 取到1161条 | 已用4242s ETA 337s
2026-08-26 21:09:06,195 | INFO  | [4829/5212] sz.301099 雅创电子 取到1155条 | 已用4242s ETA 336s
2026-08-26 21:09:06,195 | INFO  | [4830/5212] sz.301100 风光股份 取到1136条 | 已用4242s ETA 336s
2026-08-26 21:09:06,195 | INFO  | [4831/5212] sz.301101 明月镜片 取到1137条 | 已用4242s ETA 335s
2026-08-26 21:09:06,195 | INFO  | [4832/5212] sz.301102 兆讯传媒 取到1071条 | 已用4242s ETA 334s
2026-08-26 21:10:09,487 | INFO  | [4833/5212] sz.301103 何氏眼科 取到1075条 | 已用4305s ETA 338s
2026-08-26 21:10:09,487 | INFO  | [4834/5212] sz.301105 鸿铭股份 取到884条 | 已用4305s ETA 337s
2026-08-26 21:10:09,488 | INFO  | [4835/5212] sz.301106 骏成科技 取到1107条 | 已用4305s ETA 336s
2026-08-26 21:10:09,488 | INFO  | [4836/5212] sz.301107 瑜欣电子 取到1035条 | 已用4305s ETA 335s
2026-08-26 21:10:09,488 | INFO  | [4837/5212] sz.301108 洁雅股份 取到1146条 | 已用4305s ETA 334s
2026-08-26 21:10:09,488 | INFO  | [4838/5212] sz.301109 军信股份 取到1061条 | 已用4305s ETA 333s
2026-08-26 21:10:09,488 | INFO  | [4839/5212] sz.301110 青木科技 取到1082条 | 已用4305s ETA 332s
2026-08-26 21:10:09,488 | INFO  | [4840/5212] sz.301111 粤万年青 取到1144条 | 已用4305s ETA 331s
2026-08-26 21:10:58,609 | INFO  | [4841/5212] sz.301112 信邦智能 取到1010条 | 已用4355s ETA 334s
2026-08-26 21:10:58,610 | INFO  | [4842/5212] sz.301113 雅艺科技 取到1133条 | 已用4355s ETA 333s
2026-08-26 21:10:58,610 | INFO  | [4843/5212] sz.301115 联检科技 取到965条 | 已用4355s ETA 332s
2026-08-26 21:10:58,610 | INFO  | [4844/5212] sz.301116 益客食品 取到1115条 | 已用4355s ETA 331s
2026-08-26 21:10:58,610 | INFO  | [4845/5212] sz.301117 ST佳缘 取到1116条 | 已用4355s ETA 330s
2026-08-26 21:10:58,610 | INFO  | [4846/5212] sz.301118 恒光股份 取到1157条 | 已用4355s ETA 329s
2026-08-26 21:10:58,610 | INFO  | [4847/5212] sz.301119 正强股份 取到1155条 | 已用4355s ETA 328s
2026-08-26 21:10:58,610 | INFO  | [4848/5212] sz.301120 新特电气 取到1057条 | 已用4355s ETA 327s
2026-08-26 21:11:49,565 | INFO  | [4849/5212] sz.301121 紫建电子 取到982条 | 已用4405s ETA 330s
2026-08-26 21:11:49,565 | INFO  | [4850/5212] sz.301122 采纳股份 取到1109条 | 已用4405s ETA 329s
2026-08-26 21:11:49,566 | INFO  | [4851/5212] sz.301123 奕东电子 取到1110条 | 已用4405s ETA 328s
2026-08-26 21:11:49,566 | INFO  | [4852/5212] sz.301125 腾亚精工 取到1025条 | 已用4405s ETA 327s
2026-08-26 21:11:49,566 | INFO  | [4853/5212] sz.301126 达嘉维康 取到1144条 | 已用4405s ETA 326s
2026-08-26 21:11:49,567 | INFO  | [4854/5212] sz.301127 武汉天源 取到1127条 | 已用4405s ETA 325s
2026-08-26 21:11:49,567 | INFO  | [4855/5212] sz.301128 强瑞技术 取到1163条 | 已用4405s ETA 324s
2026-08-26 21:11:49,567 | INFO  | [4856/5212] sz.301129 瑞纳智能 取到1169条 | 已用4405s ETA 323s
2026-08-26 21:12:39,937 | INFO  | [4857/5212] sz.301130 西点药业 取到1094条 | 已用4456s ETA 326s
2026-08-26 21:12:39,937 | INFO  | [4858/5212] sz.301131 聚赛龙 取到1081条 | 已用4456s ETA 325s
2026-08-26 21:12:39,937 | INFO  | [4859/5212] sz.301132 满坤科技 取到980条 | 已用4456s ETA 324s
2026-08-26 21:12:39,937 | INFO  | [4860/5212] sz.301133 金钟股份 取到1151条 | 已用4456s ETA 323s
2026-08-26 21:12:39,939 | INFO  | [4861/5212] sz.301135 瑞德智能 取到1062条 | 已用4456s ETA 322s
2026-08-26 21:12:39,939 | INFO  | [4862/5212] sz.301136 招标股份 取到1120条 | 已用4456s ETA 321s
2026-08-26 21:12:39,939 | INFO  | [4863/5212] sz.301137 哈焊华通 取到1075条 | 已用4456s ETA 320s
2026-08-26 21:12:39,939 | INFO  | [4864/5212] sz.301138 华研精机 取到1138条 | 已用4456s ETA 319s
2026-08-26 21:13:28,165 | INFO  | [4865/5212] sz.301139 *ST元道 取到1003条 | 已用4504s ETA 321s
2026-08-26 21:13:28,166 | INFO  | [4866/5212] sz.301141 中科磁业 取到824条 | 已用4504s ETA 320s
2026-08-26 21:13:28,166 | INFO  | [4867/5212] sz.301148 嘉戎技术 取到1055条 | 已用4504s ETA 319s
2026-08-26 21:13:28,166 | INFO  | [4868/5212] sz.301149 隆华新材 取到1163条 | 已用4504s ETA 318s
2026-08-26 21:13:28,166 | INFO  | [4869/5212] sz.301150 中一科技 取到1055条 | 已用4504s ETA 317s
2026-08-26 21:13:28,166 | INFO  | [4870/5212] sz.301151 冠龙节能 取到1063条 | 已用4504s ETA 316s
2026-08-26 21:13:28,166 | INFO  | [4871/5212] sz.301152 天力锂能 取到967条 | 已用4504s ETA 315s
2026-08-26 21:13:28,166 | INFO  | [4872/5212] sz.301153 中科江南 取到1039条 | 已用4504s ETA 314s
2026-08-26 21:14:55,745 | INFO  | [4873/5212] sz.301155 海力风电 取到1153条 | 已用4592s ETA 319s
2026-08-26 21:14:55,745 | INFO  | [4874/5212] sz.301156 美农生物 取到1018条 | 已用4592s ETA 318s
2026-08-26 21:14:55,746 | INFO  | [4875/5212] sz.301157 华塑科技 取到841条 | 已用4592s ETA 317s
2026-08-26 21:14:55,746 | INFO  | [4876/5212] sz.301158 德石股份 取到1116条 | 已用4592s ETA 316s
2026-08-26 21:14:55,746 | INFO  | [4877/5212] sz.301159 三维天地 取到1122条 | 已用4592s ETA 315s
2026-08-26 21:14:55,746 | INFO  | [4878/5212] sz.301160 翔楼新材 取到1027条 | 已用4592s ETA 314s
2026-08-26 21:14:55,746 | INFO  | [4879/5212] sz.301161 唯万密封 取到956条 | 已用4592s ETA 313s
2026-08-26 21:14:55,746 | INFO  | [4880/5212] sz.301162 国能日新 取到1049条 | 已用4592s ETA 312s
2026-08-26 21:15:35,865 | INFO  | [4881/5212] sz.301163 宏德股份 取到1057条 | 已用4632s ETA 314s
2026-08-26 21:15:35,866 | INFO  | [4882/5212] sz.301165 锐捷网络 取到913条 | 已用4632s ETA 313s
2026-08-26 21:15:35,866 | INFO  | [4883/5212] sz.301166 优宁维 取到1129条 | 已用4632s ETA 312s
2026-08-26 21:15:35,866 | INFO  | [4884/5212] sz.301167 建研设计 取到1145条 | 已用4632s ETA 311s
2026-08-26 21:15:35,866 | INFO  | [4885/5212] sz.301168 通灵股份 取到1141条 | 已用4632s ETA 310s
2026-08-26 21:15:35,866 | INFO  | [4886/5212] sz.301169 零点有数 取到1168条 | 已用4632s ETA 309s
2026-08-26 21:15:35,866 | INFO  | [4887/5212] sz.301170 锡南科技 取到769条 | 已用4632s ETA 308s
2026-08-26 21:15:35,866 | INFO  | [4888/5212] sz.301171 易点天下 取到973条 | 已用4632s ETA 307s
2026-08-26 21:16:23,141 | WARNING | sz.301172 第1次请求失败: error_code=10002007 msg=网络接收错误。
2026-08-26 21:17:51,976 | INFO  | [4889/5212] sz.301172 君逸数码 取到748条 | 已用4768s ETA 315s
2026-08-26 21:17:51,976 | INFO  | [4890/5212] sz.301173 毓恬冠佳 取到363条 | 已用4768s ETA 314s
2026-08-26 21:17:51,976 | INFO  | [4891/5212] sz.301175 中科环保 取到1003条 | 已用4768s ETA 313s
2026-08-26 21:17:51,977 | INFO  | [4892/5212] sz.301176 逸豪新材 取到946条 | 已用4768s ETA 312s
2026-08-26 21:17:51,977 | INFO  | [4893/5212] sz.301177 迪阿股份 取到1138条 | 已用4768s ETA 311s
2026-08-26 21:17:51,977 | INFO  | [4894/5212] sz.301178 天亿马 取到1161条 | 已用4768s ETA 310s
2026-08-26 21:17:51,977 | INFO  | [4895/5212] sz.301179 泽宇智能 取到1143条 | 已用4768s ETA 309s
2026-08-26 21:17:51,977 | INFO  | [4896/5212] sz.301180 万祥科技 取到1159条 | 已用4768s ETA 308s
2026-08-26 21:18:35,565 | INFO  | [4897/5212] sz.301181 标榜股份 取到1096条 | 已用4811s ETA 309s
2026-08-26 21:18:35,565 | INFO  | [4898/5212] sz.301182 凯旺科技 取到1132条 | 已用4811s ETA 308s
2026-08-26 21:18:35,565 | INFO  | [4899/5212] sz.301183 东田微 取到1035条 | 已用4811s ETA 307s
2026-08-26 21:18:35,565 | INFO  | [4900/5212] sz.301185 鸥玛软件 取到1156条 | 已用4811s ETA 306s
2026-08-26 21:18:35,565 | INFO  | [4901/5212] sz.301186 超达装备 取到1132条 | 已用4811s ETA 305s
2026-08-26 21:18:35,565 | INFO  | [4902/5212] sz.301187 欧圣电气 取到1054条 | 已用4811s ETA 304s
2026-08-26 21:18:35,565 | INFO  | [4903/5212] sz.301188 力诺药包 取到1162条 | 已用4811s ETA 303s
2026-08-26 21:18:35,565 | INFO  | [4904/5212] sz.301189 奥尼电子 取到1129条 | 已用4811s ETA 302s
2026-08-26 21:19:54,604 | INFO  | [4905/5212] sz.301190 善水科技 取到1131条 | 已用4891s ETA 306s
2026-08-26 21:19:54,605 | INFO  | [4906/5212] sz.301191 菲菱科思 取到1033条 | 已用4891s ETA 305s
2026-08-26 21:19:54,605 | INFO  | [4907/5212] sz.301192 泰祥股份 取到979条 | 已用4891s ETA 304s
2026-08-26 21:19:54,605 | INFO  | [4908/5212] sz.301193 家联科技 取到1142条 | 已用4891s ETA 303s
2026-08-26 21:19:54,605 | INFO  | [4909/5212] sz.301195 北路智控 取到987条 | 已用4891s ETA 302s
2026-08-26 21:19:54,605 | INFO  | [4910/5212] sz.301196 唯科科技 取到1120条 | 已用4891s ETA 301s
2026-08-26 21:19:54,605 | INFO  | [4911/5212] sz.301197 工大科雅 取到982条 | 已用4891s ETA 300s
2026-08-26 21:19:54,605 | INFO  | [4912/5212] sz.301198 喜悦智行 取到1147条 | 已用4891s ETA 299s
2026-08-26 21:20:27,066 | INFO  | [4913/5212] sz.301199 迈赫股份 取到1144条 | 已用4923s ETA 300s
2026-08-26 21:20:27,067 | INFO  | [4914/5212] sz.301200 大族数控 取到1091条 | 已用4923s ETA 299s
2026-08-26 21:20:27,067 | INFO  | [4915/5212] sz.301201 诚达药业 取到1113条 | 已用4923s ETA 297s
2026-08-26 21:20:27,067 | INFO  | [4916/5212] sz.301202 朗威股份 取到763条 | 已用4923s ETA 296s
2026-08-26 21:20:27,067 | INFO  | [4917/5212] sz.301203 国泰环保 取到823条 | 已用4923s ETA 295s
2026-08-26 21:20:27,067 | INFO  | [4918/5212] sz.301205 联特科技 取到957条 | 已用4923s ETA 294s
2026-08-26 21:20:27,067 | INFO  | [4919/5212] sz.301206 三元生物 取到1103条 | 已用4923s ETA 293s
2026-08-26 21:20:27,067 | INFO  | [4920/5212] sz.301207 华兰疫苗 取到1097条 | 已用4923s ETA 292s
2026-08-26 21:21:05,773 | INFO  | [4921/5212] sz.301208 中亦科技 取到1004条 | 已用4962s ETA 293s
2026-08-26 21:21:05,773 | INFO  | [4922/5212] sz.301209 联合化学 取到969条 | 已用4962s ETA 292s
2026-08-26 21:21:05,774 | INFO  | [4923/5212] sz.301210 金杨精密 取到766条 | 已用4962s ETA 291s
2026-08-26 21:21:05,774 | INFO  | [4924/5212] sz.301211 亨迪药业 取到1133条 | 已用4962s ETA 290s
2026-08-26 21:21:05,774 | INFO  | [4925/5212] sz.301212 联盛化学 取到1057条 | 已用4962s ETA 289s
2026-08-26 21:21:05,774 | INFO  | [4926/5212] sz.301213 观想科技 取到1145条 | 已用4962s ETA 288s
2026-08-26 21:21:05,774 | INFO  | [4927/5212] sz.301215 中汽股份 取到1085条 | 已用4962s ETA 287s
2026-08-26 21:21:05,774 | INFO  | [4928/5212] sz.301216 万凯新材 取到1070条 | 已用4962s ETA 286s
2026-08-26 21:21:48,237 | INFO  | [4929/5212] sz.301217 铜冠铜箔 取到1108条 | 已用5004s ETA 287s
2026-08-26 21:21:48,238 | INFO  | [4930/5212] sz.301218 华是科技 取到1086条 | 已用5004s ETA 286s
2026-08-26 21:21:48,238 | INFO  | [4931/5212] sz.301219 腾远钴业 取到1078条 | 已用5004s ETA 285s
2026-08-26 21:21:48,238 | INFO  | [4932/5212] sz.301220 亚香股份 取到1015条 | 已用5004s ETA 284s
2026-08-26 21:21:48,238 | INFO  | [4933/5212] sz.301221 光庭信息 取到1133条 | 已用5004s ETA 283s
2026-08-26 21:21:48,240 | INFO  | [4934/5212] sz.301222 浙江恒威 取到1084条 | 已用5004s ETA 282s
2026-08-26 21:21:48,241 | INFO  | [4935/5212] sz.301223 中荣股份 取到931条 | 已用5004s ETA 281s
2026-08-26 21:21:48,241 | INFO  | [4936/5212] sz.301225 恒勃股份 取到774条 | 已用5004s ETA 280s
2026-08-26 21:22:20,801 | INFO  | [4937/5212] sz.301226 祥明智能 取到1072条 | 已用5037s ETA 281s
2026-08-26 21:22:20,801 | INFO  | [4938/5212] sz.301227 森鹰窗业 取到948条 | 已用5037s ETA 279s
2026-08-26 21:22:20,801 | INFO  | [4939/5212] sz.301228 实朴检测 取到1107条 | 已用5037s ETA 278s
2026-08-26 21:22:20,801 | INFO  | [4940/5212] sz.301229 纽泰格 取到1095条 | 已用5037s ETA 277s
2026-08-26 21:22:20,801 | INFO  | [4941/5212] sz.301230 泓博医药 取到927条 | 已用5037s ETA 276s
2026-08-26 21:22:20,801 | INFO  | [4942/5212] sz.301231 荣信文化 取到959条 | 已用5037s ETA 275s
2026-08-26 21:22:20,801 | INFO  | [4943/5212] sz.301232 飞沃科技 取到775条 | 已用5037s ETA 274s
2026-08-26 21:22:20,801 | INFO  | [4944/5212] sz.301233 盛帮股份 取到1005条 | 已用5037s ETA 273s
2026-08-26 21:23:27,922 | INFO  | [4945/5212] sz.301234 五洲医疗 取到1006条 | 已用5104s ETA 276s
2026-08-26 21:23:27,922 | INFO  | [4946/5212] sz.301235 华康洁净 取到1107条 | 已用5104s ETA 274s
2026-08-26 21:23:27,922 | INFO  | [4947/5212] sz.301236 软通动力 取到1080条 | 已用5104s ETA 273s
2026-08-26 21:23:27,922 | INFO  | [4948/5212] sz.301237 和顺科技 取到1074条 | 已用5104s ETA 272s
2026-08-26 21:23:27,922 | INFO  | [4949/5212] sz.301238 瑞泰新材 取到1018条 | 已用5104s ETA 271s
2026-08-26 21:23:27,922 | INFO  | [4950/5212] sz.301239 普瑞眼科 取到1006条 | 已用5104s ETA 270s
2026-08-26 21:23:27,922 | INFO  | [4951/5212] sz.301246 宏源药业 取到834条 | 已用5104s ETA 269s
2026-08-26 21:23:27,922 | INFO  | [4952/5212] sz.301248 杰创智能 取到1056条 | 已用5104s ETA 268s
2026-08-26 21:24:11,010 | INFO  | [4953/5212] sz.301251 威尔高 取到718条 | 已用5147s ETA 269s
2026-08-26 21:24:11,011 | INFO  | [4954/5212] sz.301252 同星科技 取到790条 | 已用5147s ETA 268s
2026-08-26 21:24:11,011 | INFO  | [4955/5212] sz.301255 通力科技 取到887条 | 已用5147s ETA 267s
2026-08-26 21:24:11,011 | INFO  | [4956/5212] sz.301256 华融化学 取到1075条 | 已用5147s ETA 266s
2026-08-26 21:24:11,011 | INFO  | [4957/5212] sz.301257 普蕊斯 取到1040条 | 已用5147s ETA 265s
2026-08-26 21:24:11,011 | INFO  | [4958/5212] sz.301258 富士莱 取到1070条 | 已用5147s ETA 264s
2026-08-26 21:24:11,011 | INFO  | [4959/5212] sz.301259 艾布鲁 取到1052条 | 已用5147s ETA 263s
2026-08-26 21:24:11,011 | INFO  | [4960/5212] sz.301260 格力博 取到862条 | 已用5147s ETA 261s
2026-08-26 21:24:52,897 | INFO  | [4961/5212] sz.301261 恒工精密 取到760条 | 已用5189s ETA 263s
2026-08-26 21:24:52,897 | INFO  | [4962/5212] sz.301262 海看股份 取到772条 | 已用5189s ETA 261s
2026-08-26 21:24:52,897 | INFO  | [4963/5212] sz.301263 泰恩康 取到1070条 | 已用5189s ETA 260s
2026-08-26 21:24:52,898 | INFO  | [4964/5212] sz.301265 华新科技 取到894条 | 已用5189s ETA 259s
2026-08-26 21:24:52,898 | INFO  | [4965/5212] sz.301266 宇邦新材 取到1025条 | 已用5189s ETA 258s
2026-08-26 21:24:52,898 | INFO  | [4966/5212] sz.301267 华厦眼科 取到923条 | 已用5189s ETA 257s
2026-08-26 21:24:52,898 | INFO  | [4967/5212] sz.301268 铭利达 取到1065条 | 已用5189s ETA 256s
2026-08-26 21:24:52,898 | INFO  | [4968/5212] sz.301269 华大九天 取到988条 | 已用5189s ETA 255s
2026-08-26 21:25:24,891 | INFO  | [4969/5212] sz.301270 汉仪股份 取到965条 | 已用5221s ETA 255s
2026-08-26 21:25:24,891 | INFO  | [4970/5212] sz.301272 英华特 取到757条 | 已用5221s ETA 254s
2026-08-26 21:25:24,891 | INFO  | [4971/5212] sz.301273 瑞晨环保 取到932条 | 已用5221s ETA 253s
2026-08-26 21:25:24,891 | INFO  | [4972/5212] sz.301275 汉朔科技 取到357条 | 已用5221s ETA 252s
2026-08-26 21:25:24,891 | INFO  | [4973/5212] sz.301276 嘉曼服饰 取到958条 | 已用5221s ETA 251s
2026-08-26 21:25:24,891 | INFO  | [4974/5212] sz.301277 新天地 取到916条 | 已用5221s ETA 250s
2026-08-26 21:25:24,891 | INFO  | [4975/5212] sz.301278 快可电子 取到984条 | 已用5221s ETA 249s
2026-08-26 21:25:24,891 | INFO  | [4976/5212] sz.301279 金道科技 取到1061条 | 已用5221s ETA 248s
2026-08-26 21:25:49,738 | INFO  | [4977/5212] sz.301280 珠城科技 取到888条 | 已用5246s ETA 248s
2026-08-26 21:25:49,738 | INFO  | [4978/5212] sz.301281 科源制药 取到823条 | 已用5246s ETA 247s
2026-08-26 21:25:49,738 | INFO  | [4979/5212] sz.301282 金禄电子 取到968条 | 已用5246s ETA 245s
2026-08-26 21:25:49,739 | INFO  | [4980/5212] sz.301283 聚胶股份 取到963条 | 已用5246s ETA 244s
2026-08-26 21:25:49,739 | INFO  | [4981/5212] sz.301285 鸿日达 取到946条 | 已用5246s ETA 243s
2026-08-26 21:25:49,739 | INFO  | [4982/5212] sz.301286 侨源股份 取到1021条 | 已用5246s ETA 242s
2026-08-26 21:25:49,739 | INFO  | [4983/5212] sz.301287 康力源 取到776条 | 已用5246s ETA 241s
2026-08-26 21:25:49,739 | INFO  | [4984/5212] sz.301288 清研环境 取到1054条 | 已用5246s ETA 240s
2026-08-26 21:26:29,783 | INFO  | [4985/5212] sz.301289 国缆检测 取到1015条 | 已用5286s ETA 241s
2026-08-26 21:26:29,783 | INFO  | [4986/5212] sz.301290 东星医疗 取到906条 | 已用5286s ETA 240s
2026-08-26 21:26:29,784 | INFO  | [4987/5212] sz.301291 明阳电气 取到766条 | 已用5286s ETA 238s
2026-08-26 21:26:29,784 | INFO  | [4988/5212] sz.301292 海科新源 取到761条 | 已用5286s ETA 237s
2026-08-26 21:26:29,784 | INFO  | [4989/5212] sz.301293 三博脑科 取到804条 | 已用5286s ETA 236s
2026-08-26 21:26:29,784 | INFO  | [4990/5212] sz.301295 美硕科技 取到768条 | 已用5286s ETA 235s
2026-08-26 21:26:29,784 | INFO  | [4991/5212] sz.301296 新巨丰 取到963条 | 已用5286s ETA 234s
2026-08-26 21:26:29,784 | INFO  | [4992/5212] sz.301297 富乐德 取到884条 | 已用5286s ETA 233s
2026-08-26 21:27:15,751 | INFO  | [4993/5212] sz.301298 东利机械 取到1027条 | 已用5332s ETA 234s
2026-08-26 21:27:15,751 | INFO  | [4994/5212] sz.301299 卓创资讯 取到936条 | 已用5332s ETA 233s
2026-08-26 21:27:15,751 | INFO  | [4995/5212] sz.301300 远翔新材 取到973条 | 已用5332s ETA 232s
2026-08-26 21:27:15,751 | INFO  | [4996/5212] sz.301301 川宁生物 取到887条 | 已用5332s ETA 231s
2026-08-26 21:27:15,751 | INFO  | [4997/5212] sz.301302 华如科技 取到1014条 | 已用5332s ETA 229s
2026-08-26 21:27:15,751 | INFO  | [4998/5212] sz.301303 真兰仪表 取到854条 | 已用5332s ETA 228s
2026-08-26 21:27:15,751 | INFO  | [4999/5212] sz.301305 朗坤科技 取到792条 | 已用5332s ETA 227s
2026-08-26 21:27:15,753 | INFO  | [5000/5212] sz.301306 西测测试 取到991条 | 已用5332s ETA 226s
2026-08-26 21:28:01,646 | INFO  | [5001/5212] sz.301307 美利信 取到810条 | 已用5378s ETA 227s
2026-08-26 21:28:01,646 | INFO  | [5002/5212] sz.301308 江波龙 取到983条 | 已用5378s ETA 226s
2026-08-26 21:28:01,646 | INFO  | [5003/5212] sz.301309 万得凯 取到953条 | 已用5378s ETA 225s
2026-08-26 21:28:01,646 | INFO  | [5004/5212] sz.301310 鑫宏业 取到784条 | 已用5378s ETA 224s
2026-08-26 21:28:01,647 | INFO  | [5005/5212] sz.301311 昆船智能 取到906条 | 已用5378s ETA 222s
2026-08-26 21:28:01,647 | INFO  | [5006/5212] sz.301312 智立方 取到1002条 | 已用5378s ETA 221s
2026-08-26 21:28:01,647 | INFO  | [5007/5212] sz.301313 凡拓数创 取到944条 | 已用5378s ETA 220s
2026-08-26 21:28:01,647 | INFO  | [5008/5212] sz.301314 科瑞思 取到828条 | 已用5378s ETA 219s
2026-08-26 21:28:44,578 | INFO  | [5009/5212] sz.301315 威士顿 取到771条 | 已用5421s ETA 220s
2026-08-26 21:28:44,578 | INFO  | [5010/5212] sz.301316 慧博云通 取到940条 | 已用5421s ETA 219s
2026-08-26 21:28:44,578 | INFO  | [5011/5212] sz.301317 鑫磊股份 取到871条 | 已用5421s ETA 217s
2026-08-26 21:28:44,578 | INFO  | [5012/5212] sz.301318 维海德 取到980条 | 已用5421s ETA 216s
2026-08-26 21:28:44,579 | INFO  | [5013/5212] sz.301319 唯特偶 取到945条 | 已用5421s ETA 215s
2026-08-26 21:28:44,579 | INFO  | [5014/5212] sz.301320 豪江智能 取到779条 | 已用5421s ETA 214s
2026-08-26 21:28:44,579 | INFO  | [5015/5212] sz.301321 翰博高新 取到974条 | 已用5421s ETA 213s
2026-08-26 21:28:44,579 | INFO  | [5016/5212] sz.301322 绿通科技 取到844条 | 已用5421s ETA 212s
2026-08-26 21:29:32,244 | INFO  | [5017/5212] sz.301323 新莱福 取到782条 | 已用5468s ETA 213s
2026-08-26 21:29:32,245 | INFO  | [5018/5212] sz.301325 曼恩斯特 取到799条 | 已用5468s ETA 211s
2026-08-26 21:29:32,245 | INFO  | [5019/5212] sz.301326 捷邦科技 取到951条 | 已用5468s ETA 210s
2026-08-26 21:29:32,245 | INFO  | [5020/5212] sz.301327 华宝新能 取到953条 | 已用5468s ETA 209s
2026-08-26 21:29:32,245 | INFO  | [5021/5212] sz.301328 维峰电子 取到959条 | 已用5468s ETA 208s
2026-08-26 21:29:32,245 | INFO  | [5022/5212] sz.301329 信音电子 取到755条 | 已用5468s ETA 207s
2026-08-26 21:29:32,245 | INFO  | [5023/5212] sz.301330 熵基科技 取到975条 | 已用5468s ETA 206s
2026-08-26 21:29:32,245 | INFO  | [5024/5212] sz.301331 恩威医药 取到951条 | 已用5468s ETA 205s
2026-08-26 21:30:09,095 | INFO  | [5025/5212] sz.301332 德尔玛 取到795条 | 已用5505s ETA 205s
2026-08-26 21:30:09,095 | INFO  | [5026/5212] sz.301333 诺思格 取到986条 | 已用5505s ETA 204s
2026-08-26 21:30:09,095 | INFO  | [5027/5212] sz.301335 天元宠物 取到914条 | 已用5505s ETA 203s
2026-08-26 21:30:09,095 | INFO  | [5028/5212] sz.301336 趣睡科技 取到978条 | 已用5505s ETA 201s
2026-08-26 21:30:09,095 | INFO  | [5029/5212] sz.301337 亚华电子 取到789条 | 已用5505s ETA 200s
2026-08-26 21:30:09,095 | INFO  | [5030/5212] sz.301338 凯格精机 取到976条 | 已用5505s ETA 199s
2026-08-26 21:30:09,095 | INFO  | [5031/5212] sz.301339 通行宝 取到958条 | 已用5505s ETA 198s
2026-08-26 21:30:09,096 | INFO  | [5032/5212] sz.301345 涛涛车业 取到833条 | 已用5505s ETA 197s
2026-08-26 21:30:43,397 | INFO  | [5033/5212] sz.301348 蓝箭电子 取到737条 | 已用5539s ETA 197s
2026-08-26 21:30:43,398 | INFO  | [5034/5212] sz.301349 信德新材 取到958条 | 已用5539s ETA 196s
2026-08-26 21:30:43,398 | INFO  | [5035/5212] sz.301353 普莱得 取到787条 | 已用5539s ETA 195s
2026-08-26 21:30:43,398 | INFO  | [5036/5212] sz.301355 南王科技 取到778条 | 已用5539s ETA 194s
2026-08-26 21:30:43,398 | INFO  | [5037/5212] sz.301356 天振股份 取到918条 | 已用5539s ETA 192s
2026-08-26 21:30:43,398 | INFO  | [5038/5212] sz.301357 北方长龙 取到814条 | 已用5539s ETA 191s
2026-08-26 21:30:43,398 | INFO  | [5039/5212] sz.301358 湖南裕能 取到861条 | 已用5539s ETA 190s
2026-08-26 21:30:43,398 | INFO  | [5040/5212] sz.301359 东南电子 取到921条 | 已用5539s ETA 189s
2026-08-26 21:31:20,992 | INFO  | [5041/5212] sz.301360 荣旗科技 取到809条 | 已用5577s ETA 189s
2026-08-26 21:31:20,992 | INFO  | [5042/5212] sz.301361 众智科技 取到916条 | 已用5577s ETA 188s
2026-08-26 21:31:20,992 | INFO  | [5043/5212] sz.301362 民爆光电 取到741条 | 已用5577s ETA 187s
2026-08-26 21:31:20,992 | INFO  | [5044/5212] sz.301363 美好医疗 取到941条 | 已用5577s ETA 186s
2026-08-26 21:31:20,992 | INFO  | [5045/5212] sz.301365 矩阵股份 取到912条 | 已用5577s ETA 185s
2026-08-26 21:31:20,992 | INFO  | [5046/5212] sz.301366 一博科技 取到948条 | 已用5577s ETA 183s
2026-08-26 21:31:20,992 | INFO  | [5047/5212] sz.301367 瑞迈特 取到927条 | 已用5577s ETA 182s
2026-08-26 21:31:20,992 | INFO  | [5048/5212] sz.301368 丰立智能 取到895条 | 已用5577s ETA 181s
2026-08-26 21:32:17,004 | INFO  | [5049/5212] sz.301369 联动科技 取到950条 | 已用5633s ETA 182s
2026-08-26 21:32:17,004 | INFO  | [5050/5212] sz.301370 国科恒泰 取到758条 | 已用5633s ETA 181s
2026-08-26 21:32:17,004 | INFO  | [5051/5212] sz.301371 敷尔佳 取到744条 | 已用5633s ETA 180s
2026-08-26 21:32:17,004 | INFO  | [5052/5212] sz.301372 科净源 取到736条 | 已用5633s ETA 178s
2026-08-26 21:32:17,004 | INFO  | [5053/5212] sz.301373 凌玮科技 取到862条 | 已用5633s ETA 177s
2026-08-26 21:32:17,004 | INFO  | [5054/5212] sz.301376 致欧科技 取到771条 | 已用5633s ETA 176s
2026-08-26 21:32:17,004 | INFO  | [5055/5212] sz.301377 鼎泰高科 取到912条 | 已用5633s ETA 175s
2026-08-26 21:32:17,004 | INFO  | [5056/5212] sz.301378 通达海 取到834条 | 已用5633s ETA 174s
2026-08-26 21:33:04,745 | INFO  | [5057/5212] sz.301379 天山电子 取到927条 | 已用5681s ETA 174s
2026-08-26 21:33:04,745 | INFO  | [5058/5212] sz.301380 挖金客 取到932条 | 已用5681s ETA 173s
2026-08-26 21:33:04,745 | INFO  | [5059/5212] sz.301381 赛维时代 取到758条 | 已用5681s ETA 172s
2026-08-26 21:33:04,745 | INFO  | [5060/5212] sz.301382 蜂助手 取到796条 | 已用5681s ETA 171s
2026-08-26 21:33:04,745 | INFO  | [5061/5212] sz.301383 天键股份 取到779条 | 已用5681s ETA 169s
2026-08-26 21:33:04,745 | INFO  | [5062/5212] sz.301386 未来电器 取到827条 | 已用5681s ETA 168s
2026-08-26 21:33:04,745 | INFO  | [5063/5212] sz.301387 光大同创 取到814条 | 已用5681s ETA 167s
2026-08-26 21:33:04,745 | INFO  | [5064/5212] sz.301388 欣灵电气 取到921条 | 已用5681s ETA 166s
2026-08-26 21:33:34,082 | INFO  | [5065/5212] sz.301389 隆扬电子 取到928条 | 已用5710s ETA 166s
2026-08-26 21:33:34,082 | INFO  | [5066/5212] sz.301390 经纬股份 取到803条 | 已用5710s ETA 165s
2026-08-26 21:33:34,082 | INFO  | [5067/5212] sz.301391 卡莱特 取到905条 | 已用5710s ETA 163s
2026-08-26 21:33:34,082 | INFO  | [5068/5212] sz.301392 汇成真空 取到541条 | 已用5710s ETA 162s
2026-08-26 21:33:34,082 | INFO  | [5069/5212] sz.301393 昊帆生物 取到758条 | 已用5710s ETA 161s
2026-08-26 21:33:34,082 | INFO  | [5070/5212] sz.301395 仁信新材 取到765条 | 已用5710s ETA 160s
2026-08-26 21:33:34,082 | INFO  | [5071/5212] sz.301396 宏景科技 取到919条 | 已用5710s ETA 159s
2026-08-26 21:33:34,084 | INFO  | [5072/5212] sz.301397 溯联股份 取到768条 | 已用5710s ETA 158s
2026-08-26 21:34:02,212 | INFO  | [5073/5212] sz.301398 星源卓镁 取到895条 | 已用5738s ETA 157s
2026-08-26 21:34:02,212 | INFO  | [5074/5212] sz.301399 英特科技 取到792条 | 已用5738s ETA 156s
2026-08-26 21:34:02,212 | INFO  | [5075/5212] sz.301408 华人健康 取到847条 | 已用5738s ETA 155s
2026-08-26 21:34:02,212 | INFO  | [5076/5212] sz.301413 安培龙 取到651条 | 已用5738s ETA 154s
2026-08-26 21:34:02,212 | INFO  | [5077/5212] sz.301418 协昌科技 取到730条 | 已用5738s ETA 153s
2026-08-26 21:34:02,212 | INFO  | [5078/5212] sz.301419 阿莱德 取到861条 | 已用5738s ETA 151s
2026-08-26 21:34:02,212 | INFO  | [5079/5212] sz.301421 波长光电 取到728条 | 已用5738s ETA 150s
2026-08-26 21:34:02,212 | INFO  | [5080/5212] sz.301428 世纪恒通 取到794条 | 已用5738s ETA 149s
2026-08-26 21:34:41,089 | INFO  | [5081/5212] sz.301429 森泰股份 取到815条 | 已用5777s ETA 149s
2026-08-26 21:34:41,090 | INFO  | [5082/5212] sz.301439 泓淋电力 取到835条 | 已用5777s ETA 148s
2026-08-26 21:34:41,090 | INFO  | [5083/5212] sz.301446 福事特 取到749条 | 已用5777s ETA 147s
2026-08-26 21:34:41,090 | INFO  | [5084/5212] sz.301448 开创电气 取到773条 | 已用5777s ETA 145s
2026-08-26 21:34:41,090 | INFO  | [5085/5212] sz.301449 天溯计量 取到163条 | 已用5777s ETA 144s
2026-08-26 21:34:41,090 | INFO  | [5086/5212] sz.301456 盘古智能 取到756条 | 已用5777s ETA 143s
2026-08-26 21:34:41,090 | INFO  | [5087/5212] sz.301458 钧崴电子 取到393条 | 已用5777s ETA 142s
2026-08-26 21:34:41,090 | INFO  | [5088/5212] sz.301459 丰茂股份 取到654条 | 已用5777s ETA 141s
2026-08-26 21:35:22,066 | INFO  | [5089/5212] sz.301468 博盈特焊 取到750条 | 已用5818s ETA 141s
2026-08-26 21:35:22,067 | INFO  | [5090/5212] sz.301469 恒达新材 取到729条 | 已用5818s ETA 139s
2026-08-26 21:35:22,067 | INFO  | [5091/5212] sz.301479 弘景光电 取到352条 | 已用5818s ETA 138s
2026-08-26 21:35:22,067 | INFO  | [5092/5212] sz.301486 致尚科技 取到761条 | 已用5818s ETA 137s
2026-08-26 21:35:22,067 | INFO  | [5093/5212] sz.301487 盟固利 取到738条 | 已用5818s ETA 136s
2026-08-26 21:35:22,067 | INFO  | [5094/5212] sz.301488 豪恩汽电 取到764条 | 已用5818s ETA 135s
2026-08-26 21:35:22,067 | INFO  | [5095/5212] sz.301489 思泉新材 取到690条 | 已用5818s ETA 134s
2026-08-26 21:35:22,067 | INFO  | [5096/5212] sz.301491 汉桑科技 取到256条 | 已用5818s ETA 132s
2026-08-26 21:35:56,547 | INFO  | [5097/5212] sz.301498 乖宝宠物 取到733条 | 已用5852s ETA 132s
2026-08-26 21:35:56,547 | INFO  | [5098/5212] sz.301499 维科精密 取到751条 | 已用5852s ETA 131s
2026-08-26 21:35:56,547 | INFO  | [5099/5212] sz.301500 飞南资源 取到707条 | 已用5852s ETA 130s
2026-08-26 21:35:56,548 | INFO  | [5100/5212] sz.301501 恒鑫生活 取到351条 | 已用5852s ETA 129s
2026-08-26 21:35:56,548 | INFO  | [5101/5212] sz.301502 华阳智能 取到618条 | 已用5852s ETA 127s
2026-08-26 21:35:56,548 | INFO  | [5102/5212] sz.301503 智迪科技 取到755条 | 已用5852s ETA 126s
2026-08-26 21:35:56,548 | INFO  | [5103/5212] sz.301505 苏州规划 取到753条 | 已用5852s ETA 125s
2026-08-26 21:35:56,548 | INFO  | [5104/5212] sz.301507 民生健康 取到719条 | 已用5852s ETA 124s
2026-08-26 21:36:41,651 | INFO  | [5105/5212] sz.301508 中机认检 取到662条 | 已用5898s ETA 124s
2026-08-26 21:36:41,651 | INFO  | [5106/5212] sz.301509 金凯生科 取到742条 | 已用5898s ETA 122s
2026-08-26 21:36:41,651 | INFO  | [5107/5212] sz.301510 固高科技 取到734条 | 已用5898s ETA 121s
2026-08-26 21:36:41,651 | INFO  | [5108/5212] sz.301511 德福科技 取到732条 | 已用5898s ETA 120s
2026-08-26 21:36:41,651 | INFO  | [5109/5212] sz.301512 智信精密 取到752条 | 已用5898s ETA 119s
2026-08-26 21:36:41,651 | INFO  | [5110/5212] sz.301513 尚水智能 取到89条 | 已用5898s ETA 118s
2026-08-26 21:36:41,651 | INFO  | [5111/5212] sz.301515 港通医疗 取到749条 | 已用5898s ETA 117s
2026-08-26 21:36:41,651 | INFO  | [5112/5212] sz.301516 中远通 取到657条 | 已用5898s ETA 115s
2026-08-26 21:37:04,646 | INFO  | [5113/5212] sz.301517 陕西华达 取到695条 | 已用5921s ETA 115s
2026-08-26 21:37:04,647 | INFO  | [5114/5212] sz.301518 长华化学 取到742条 | 已用5921s ETA 113s
2026-08-26 21:37:04,647 | INFO  | [5115/5212] sz.301519 舜禹股份 取到747条 | 已用5921s ETA 112s
2026-08-26 21:37:04,647 | INFO  | [5116/5212] sz.301520 万邦医药 取到705条 | 已用5921s ETA 111s
2026-08-26 21:37:04,647 | INFO  | [5117/5212] sz.301522 上大股份 取到454条 | 已用5921s ETA 110s
2026-08-26 21:37:04,648 | INFO  | [5118/5212] sz.301525 儒竞科技 取到723条 | 已用5921s ETA 109s
2026-08-26 21:37:04,648 | INFO  | [5119/5212] sz.301526 国际复材 取到645条 | 已用5921s ETA 108s
2026-08-26 21:37:04,648 | INFO  | [5120/5212] sz.301528 多浦乐 取到725条 | 已用5921s ETA 106s
2026-08-26 21:37:23,716 | INFO  | [5121/5212] sz.301529 福赛科技 取到715条 | 已用5940s ETA 106s
2026-08-26 21:37:23,717 | INFO  | [5122/5212] sz.301531 春光集团 取到76条 | 已用5940s ETA 104s
2026-08-26 21:37:23,717 | INFO  | [5123/5212] sz.301533 威马农机 取到731条 | 已用5940s ETA 103s
2026-08-26 21:37:23,717 | INFO  | [5124/5212] sz.301535 浙江华远 取到345条 | 已用5940s ETA 102s
2026-08-26 21:37:23,717 | INFO  | [5125/5212] sz.301536 星宸科技 取到585条 | 已用5940s ETA 101s
2026-08-26 21:37:23,717 | INFO  | [5126/5212] sz.301538 骏鼎达 取到591条 | 已用5940s ETA 100s
2026-08-26 21:37:23,717 | INFO  | [5127/5212] sz.301539 宏鑫科技 取到575条 | 已用5940s ETA 98s
2026-08-26 21:37:23,717 | INFO  | [5128/5212] sz.301548 崇德科技 取到708条 | 已用5940s ETA 97s
2026-08-26 21:37:52,169 | INFO  | [5129/5212] sz.301550 斯菱智驱 取到711条 | 已用5968s ETA 97s
2026-08-26 21:37:52,169 | INFO  | [5130/5212] sz.301551 无线传媒 取到463条 | 已用5968s ETA 95s
2026-08-26 21:37:52,169 | INFO  | [5131/5212] sz.301552 科力装备 取到509条 | 已用5968s ETA 94s
2026-08-26 21:37:52,169 | INFO  | [5132/5212] sz.301555 惠柏新材 取到685条 | 已用5968s ETA 93s
2026-08-26 21:37:52,169 | INFO  | [5133/5212] sz.301556 托普云农 取到453条 | 已用5968s ETA 92s
2026-08-26 21:37:52,169 | INFO  | [5134/5212] sz.301557 常友科技 取到362条 | 已用5968s ETA 91s
2026-08-26 21:37:52,169 | INFO  | [5135/5212] sz.301558 三态股份 取到702条 | 已用5968s ETA 89s
2026-08-26 21:37:52,170 | INFO  | [5136/5212] sz.301559 中集环科 取到699条 | 已用5968s ETA 88s
2026-08-26 21:38:24,885 | INFO  | [5137/5212] sz.301560 众捷汽车 取到325条 | 已用6001s ETA 88s
2026-08-26 21:38:24,885 | INFO  | [5138/5212] sz.301563 云汉芯城 取到217条 | 已用6001s ETA 86s
2026-08-26 21:38:24,885 | INFO  | [5139/5212] sz.301565 中仑新材 取到531条 | 已用6001s ETA 85s
2026-08-26 21:38:24,886 | INFO  | [5140/5212] sz.301566 达利凯普 取到642条 | 已用6001s ETA 84s
2026-08-26 21:38:24,886 | INFO  | [5141/5212] sz.301567 贝隆精密 取到631条 | 已用6001s ETA 83s
2026-08-26 21:38:24,886 | INFO  | [5142/5212] sz.301568 思泰克 取到665条 | 已用6001s ETA 82s
2026-08-26 21:38:24,886 | INFO  | [5143/5212] sz.301571 国科天成 取到487条 | 已用6001s ETA 81s
2026-08-26 21:38:24,886 | INFO  | [5144/5212] sz.301575 艾芬达 取到231条 | 已用6001s ETA 79s
2026-08-26 21:38:41,398 | INFO  | [5145/5212] sz.301577 美信科技 取到625条 | 已用6017s ETA 78s
2026-08-26 21:38:41,399 | INFO  | [5146/5212] sz.301578 辰奕智能 取到643条 | 已用6017s ETA 77s
2026-08-26 21:38:41,399 | INFO  | [5147/5212] sz.301580 爱迪特 取到527条 | 已用6017s ETA 76s
2026-08-26 21:38:41,399 | INFO  | [5148/5212] sz.301581 黄山谷捷 取到398条 | 已用6017s ETA 75s
2026-08-26 21:38:41,399 | INFO  | [5149/5212] sz.301583 托伦斯 取到33条 | 已用6017s ETA 74s
2026-08-26 21:38:41,399 | INFO  | [5150/5212] sz.301584 建发致新 取到220条 | 已用6017s ETA 72s
2026-08-26 21:38:41,399 | INFO  | [5151/5212] sz.301585 蓝宇股份 取到407条 | 已用6017s ETA 71s
2026-08-26 21:38:41,399 | INFO  | [5152/5212] sz.301586 佳力奇 取到482条 | 已用6017s ETA 70s
2026-08-26 21:39:02,563 | INFO  | [5153/5212] sz.301587 中瑞股份 取到580条 | 已用6038s ETA 69s
2026-08-26 21:39:02,564 | INFO  | [5154/5212] sz.301588 美新科技 取到596条 | 已用6038s ETA 68s
2026-08-26 21:39:02,564 | INFO  | [5155/5212] sz.301589 诺瓦星云 取到614条 | 已用6038s ETA 67s
2026-08-26 21:39:02,564 | INFO  | [5156/5212] sz.301590 优优绿能 取到300条 | 已用6038s ETA 66s
2026-08-26 21:39:02,564 | INFO  | [5157/5212] sz.301591 肯特股份 取到606条 | 已用6038s ETA 64s
2026-08-26 21:39:02,564 | INFO  | [5158/5212] sz.301592 六九一二 取到448条 | 已用6038s ETA 63s
2026-08-26 21:39:02,564 | INFO  | [5159/5212] sz.301595 太力科技 取到312条 | 已用6038s ETA 62s
2026-08-26 21:39:02,564 | INFO  | [5160/5212] sz.301596 瑞迪智驱 取到558条 | 已用6038s ETA 61s
2026-08-26 21:39:22,668 | INFO  | [5161/5212] sz.301598 博科测试 取到407条 | 已用6059s ETA 60s
2026-08-26 21:39:22,668 | INFO  | [5162/5212] sz.301599 理奇智能 取到80条 | 已用6059s ETA 59s
2026-08-26 21:39:22,668 | INFO  | [5163/5212] sz.301600 慧翰股份 取到472条 | 已用6059s ETA 57s
2026-08-26 21:39:22,669 | INFO  | [5164/5212] sz.301601 惠通科技 取到390条 | 已用6059s ETA 56s
2026-08-26 21:39:22,669 | INFO  | [5165/5212] sz.301602 超研股份 取到385条 | 已用6059s ETA 55s
2026-08-26 21:39:22,669 | INFO  | [5166/5212] sz.301603 乔锋智能 取到517条 | 已用6059s ETA 54s
2026-08-26 21:39:22,669 | INFO  | [5167/5212] sz.301606 绿联科技 取到505条 | 已用6059s ETA 53s
2026-08-26 21:39:22,669 | INFO  | [5168/5212] sz.301607 富特科技 取到477条 | 已用6059s ETA 52s
2026-08-26 21:39:45,185 | INFO  | [5169/5212] sz.301608 博实结 取到501条 | 已用6081s ETA 51s
2026-08-26 21:39:45,186 | INFO  | [5170/5212] sz.301609 山大电力 取到266条 | 已用6081s ETA 49s
2026-08-26 21:39:45,186 | INFO  | [5171/5212] sz.301611 珂玛科技 取到490条 | 已用6081s ETA 48s
2026-08-26 21:39:45,186 | INFO  | [5172/5212] sz.301613 新铝时代 取到447条 | 已用6081s ETA 47s
2026-08-26 21:39:45,186 | INFO  | [5173/5212] sz.301616 浙江华业 取到345条 | 已用6081s ETA 46s
2026-08-26 21:39:45,186 | INFO  | [5174/5212] sz.301617 博苑新材 取到414条 | 已用6081s ETA 45s
2026-08-26 21:39:45,186 | INFO  | [5175/5212] sz.301618 长联科技 取到461条 | 已用6081s ETA 43s
2026-08-26 21:39:45,186 | INFO  | [5176/5212] sz.301622 英思特 取到419条 | 已用6081s ETA 42s
2026-08-26 21:40:02,866 | INFO  | [5177/5212] sz.301626 苏州天脉 取到448条 | 已用6099s ETA 41s
2026-08-26 21:40:02,866 | INFO  | [5178/5212] sz.301628 强达电路 取到443条 | 已用6099s ETA 40s
2026-08-26 21:40:02,866 | INFO  | [5179/5212] sz.301629 矽电股份 取到348条 | 已用6099s ETA 39s
2026-08-26 21:40:02,866 | INFO  | [5180/5212] sz.301630 同宇新材 取到275条 | 已用6099s ETA 38s
2026-08-26 21:40:02,866 | INFO  | [5181/5212] sz.301631 壹连科技 取到427条 | 已用6099s ETA 36s
2026-08-26 21:40:02,866 | INFO  | [5182/5212] sz.301632 广东建科 取到252条 | 已用6099s ETA 35s
2026-08-26 21:40:02,867 | INFO  | [5183/5212] sz.301633 港迪技术 取到438条 | 已用6099s ETA 34s
2026-08-26 21:40:02,867 | INFO  | [5184/5212] sz.301636 泽润新能 取到313条 | 已用6099s ETA 33s
2026-08-26 21:40:12,444 | INFO  | [5185/5212] sz.301638 南网数字 取到188条 | 已用6108s ETA 32s
2026-08-26 21:40:12,445 | INFO  | [5186/5212] sz.301655 绿控传动 取到4条 | 已用6108s ETA 31s
2026-08-26 21:40:12,445 | INFO  | [5187/5212] sz.301656 联合动力 取到220条 | 已用6108s ETA 29s
2026-08-26 21:40:12,445 | INFO  | [5188/5212] sz.301658 首航新能 取到341条 | 已用6108s ETA 28s
2026-08-26 21:40:12,445 | INFO  | [5189/5212] sz.301662 宏工科技 取到331条 | 已用6108s ETA 27s
2026-08-26 21:40:12,445 | INFO  | [5190/5212] sz.301665 泰禾股份 取到335条 | 已用6108s ETA 26s
2026-08-26 21:40:12,445 | INFO  | [5191/5212] sz.301666 大普微 取到90条 | 已用6108s ETA 25s
2026-08-26 21:40:12,445 | INFO  | [5192/5212] sz.301667 纳百川 取到163条 | 已用6108s ETA 24s
2026-08-26 21:40:19,950 | INFO  | [5193/5212] sz.301668 昊创瑞通 取到219条 | 已用6116s ETA 22s
2026-08-26 21:40:19,950 | INFO  | [5194/5212] sz.301669 高特电子 取到55条 | 已用6116s ETA 21s
2026-08-26 21:40:19,950 | INFO  | [5195/5212] sz.301677 欣兴工具 取到19条 | 已用6116s ETA 20s
2026-08-26 21:40:19,950 | INFO  | [5196/5212] sz.301678 新恒汇 取到289条 | 已用6116s ETA 19s
2026-08-26 21:40:19,950 | INFO  | [5197/5212] sz.301680 固德电材 取到118条 | 已用6116s ETA 18s
2026-08-26 21:40:19,950 | INFO  | [5198/5212] sz.301682 宏明电子 取到105条 | 已用6116s ETA 16s
2026-08-26 21:40:19,950 | INFO  | [5199/5212] sz.301683 慧谷新材 取到100条 | 已用6116s ETA 15s
2026-08-26 21:40:19,950 | INFO  | [5200/5212] sz.301687 新广益 取到157条 | 已用6116s ETA 14s
2026-08-26 21:40:37,404 | INFO  | [5201/5212] sz.301696 三瑞智能 取到94条 | 已用6133s ETA 13s
2026-08-26 21:40:37,405 | INFO  | [5202/5212] sz.301707 展芯股份 取到13条 | 已用6133s ETA 12s
2026-08-26 21:40:37,405 | INFO  | [5203/5212] sz.301717 超纯应材 取到11条 | 已用6133s ETA 11s
2026-08-26 21:40:37,405 | INFO  | [5204/5212] sz.302132 中航成飞 取到2425条 | 已用6133s ETA 9s
