板块: 沪深主板(3193只) | 恐慌阈值 60 | 资金 100万 每笔2.0万
个股回测: 18986笔 信号, 用时6s
量比过滤(信号日量/前8日均量 ≥ 1.5): 7757 -> 1973 笔
计算流通市值(成交额/换手率×100, 亿元)...
市值过滤(流通市值 [50, 500]亿): 1973 -> 924 笔
恐慌日过滤: 保留 924 笔 (丢弃 18062 笔孤立信号) | 恐慌日 44 天
==============================================================
个股层(已扣成本): 924笔  胜率88.2%  平均净+11.48%  PF12.54
==============================================================
逐年(交易层):
  2017:    13笔  平均净-1.08%  胜率46%
  2018:    74笔  平均净+7.30%  胜率85%
  2019:     5笔  平均净+3.97%  胜率60%
  2020:   203笔  平均净+15.78%  胜率100%
  2021:     2笔  平均净+18.00%  胜率100%
  2022:   125笔  平均净+9.71%  胜率89%
  2024:   308笔  平均净+12.40%  胜率81%
  2025:   187笔  平均净+9.13%  胜率92%
  2026:     7笔  平均净+10.71%  胜率100%
交易明细: trades_panic.csv

==============================================================
组合模拟(资金 100万, 每笔 2.0万)
==============================================================
建仓顺序: 市值从小到大优先(资金不足时小市值先拿仓位)
期末净值        : 181.6万  (初始 100万)
总收益率        : +81.6%    年化(CAGR) +6.2%
最大回撤(日频)  : 3.8%
建仓 444 笔 / 跳过 480 笔 (命中率 48.1%)
并发持仓: 最大 89 | 平均 1.7 | 期末 0
日频夏普(年化)  : 1.42

逐年资金归属(日频净值):
  2016: 收益+0.0%  年内回撤0.0%  期末100万
  2017: 收益-0.3%  年内回撤0.9%  期末99万
  2018: 收益+9.4%  年内回撤1.3%  期末109万
  2019: 收益+0.3%  年内回撤0.3%  期末109万
  2020: 收益+16.7%  年内回撤0.9%  期末127万
  2021: 收益+0.6%  年内回撤0.0%  期末128万
  2022: 收益+11.0%  年内回撤1.6%  期末142万
  2023: 收益+0.0%  年内回撤0.0%  期末142万
  2024: 收益+13.0%  年内回撤3.8%  期末161万
  2025: 收益+12.0%  年内回撤1.4%  期末180万
  2026: 收益+0.7%  年内回撤0.1%  期末181万
净值曲线已保存: trades_panic_nav_100w.csv
