板块: 沪深主板(3193只) | 恐慌阈值 60 | 资金 100万 每笔10.0万
个股回测: 18986笔 信号, 用时6s
量比过滤(信号日量/前8日均量 ≥ 1.5): 7757 -> 1973 笔
计算流通市值(成交额/换手率×100, 亿元)...
市值过滤(流通市值 [100, 500]亿): 1973 -> 429 笔
恐慌日过滤: 保留 429 笔 (丢弃 18557 笔孤立信号) | 恐慌日 44 天
==============================================================
个股层(已扣成本): 429笔  胜率89.5%  平均净+10.97%  PF13.13
==============================================================
逐年(交易层):
  2017:     9笔  平均净-0.19%  胜率56%
  2018:    39笔  平均净+6.50%  胜率85%
  2019:     2笔  平均净+5.21%  胜率50%
  2020:    99笔  平均净+15.19%  胜率100%
  2022:    74笔  平均净+9.57%  胜率89%
  2024:   106笔  平均净+13.05%  胜率84%
  2025:    96笔  平均净+8.46%  胜率91%
  2026:     4笔  平均净+9.02%  胜率100%
交易明细: trades_panic.csv

==============================================================
组合模拟(资金 100万, 每笔 10.0万)
==============================================================
建仓顺序: 市值从小到大优先(资金不足时小市值先拿仓位)
期末净值        : 213.5万  (初始 100万)
总收益率        : +113.5%    年化(CAGR) +7.9%
最大回撤(日频)  : 3.9%
建仓 136 笔 / 跳过 293 笔 (命中率 31.7%)
并发持仓: 最大 19 | 平均 0.5 | 期末 0
日频夏普(年化)  : 1.34

逐年资金归属(日频净值):
  2016: 收益+0.0%  年内回撤0.0%  期末100万
  2017: 收益-0.5%  年内回撤3.0%  期末99万
  2018: 收益+24.0%  年内回撤3.9%  期末123万
  2019: 收益+0.9%  年内回撤1.0%  期末124万
  2020: 收益+15.4%  年内回撤1.3%  期末143万
  2021: 收益+0.0%  年内回撤0.0%  期末143万
  2022: 收益+11.4%  年内回撤2.9%  期末160万
  2023: 收益+0.0%  年内回撤0.0%  期末160万
  2024: 收益+13.5%  年内回撤3.7%  期末181万
  2025: 收益+15.6%  年内回撤1.7%  期末209万
  2026: 收益+1.7%  年内回撤0.3%  期末213万
净值曲线已保存: trades_panic_nav_100w.csv
