板块: 沪深主板(3193只) | 恐慌阈值 60 | 资金 100万 每笔2.0万
个股回测: 18986笔 信号, 用时8s
量比过滤(信号日量/前8日均量 ≥ 0.75): 7757 -> 6036 笔
计算流通市值(成交额/换手率×100, 亿元)...
市值过滤(流通市值 [100, 500]亿): 6036 -> 1306 笔
恐慌日过滤: 保留 1306 笔 (丢弃 17680 笔孤立信号) | 恐慌日 46 天
==============================================================
个股层(已扣成本): 1306笔  胜率80.3%  平均净+7.34%  PF5.62
==============================================================
逐年(交易层):
  2016:     8笔  平均净-0.39%  胜率38%
  2017:    68笔  平均净+2.73%  胜率76%
  2018:   240笔  平均净+5.00%  胜率79%
  2019:    47笔  平均净+0.29%  胜率51%
  2020:   133笔  平均净+15.32%  胜率99%
  2021:     6笔  平均净+13.38%  胜率100%
  2022:   274笔  平均净+8.35%  胜率86%
  2024:   279笔  平均净+7.65%  胜率66%
  2025:   167笔  平均净+7.87%  胜率93%
  2026:    84笔  平均净+3.97%  胜率79%
交易明细: trades_panic.csv

==============================================================
组合模拟(资金 100万, 每笔 2.0万)
==============================================================
建仓顺序: 市值从小到大优先(资金不足时小市值先拿仓位)
期末净值        : 202.2万  (初始 100万)
总收益率        : +102.2%    年化(CAGR) +7.3%
最大回撤(日频)  : 7.6%
建仓 918 笔 / 跳过 388 笔 (命中率 70.3%)
并发持仓: 最大 105 | 平均 3.5 | 期末 0
日频夏普(年化)  : 1.28

逐年资金归属(日频净值):
  2016: 收益+0.4%  年内回撤0.5%  期末100万
  2017: 收益+2.2%  年内回撤1.8%  期末102万
  2018: 收益+18.1%  年内回撤3.3%  期末121万
  2019: 收益+0.7%  年内回撤3.1%  期末122万
  2020: 收益+16.4%  年内回撤0.9%  期末142万
  2021: 收益+0.8%  年内回撤0.0%  期末143万
  2022: 收益+11.8%  年内回撤3.1%  期末160万
  2023: 收益+0.0%  年内回撤0.0%  期末160万
  2024: 收益+10.3%  年内回撤7.6%  期末177万
  2025: 收益+10.7%  年内回撤2.2%  期末196万
  2026: 收益+2.9%  年内回撤1.1%  期末202万
净值曲线已保存: trades_panic_nav_100w.csv
