板块: 沪深主板(3193只) | 恐慌阈值 60 | 资金 100万 每笔2.0万
个股回测: 18986笔 信号, 用时7s
计算流通市值(成交额/换手率×100, 亿元)...
市值过滤(流通市值 [100, 500]亿): 7757 -> 1650 笔
恐慌日过滤: 保留 1650 笔 (丢弃 17336 笔孤立信号) | 恐慌日 46 天
==============================================================
个股层(已扣成本): 1650笔  胜率78.3%  平均净+6.57%  PF4.78
==============================================================
逐年(交易层):
  2016:    11笔  平均净-1.43%  胜率36%
  2017:    82笔  平均净+1.78%  胜率70%
  2018:   319笔  平均净+5.66%  胜率81%
  2019:   153笔  平均净+0.79%  胜率57%
  2020:   143笔  平均净+14.75%  胜率99%
  2021:    14笔  平均净+10.15%  胜率93%
  2022:   301笔  平均净+8.24%  胜率86%
  2024:   301笔  平均净+6.79%  胜率63%
  2025:   190笔  平均净+7.67%  胜率92%
  2026:   136笔  平均净+3.99%  胜率79%
交易明细: trades_panic.csv

==============================================================
组合模拟(资金 100万, 每笔 2.0万)
==============================================================
建仓顺序: 市值从小到大优先(资金不足时小市值先拿仓位)
期末净值        : 218.9万  (初始 100万)
总收益率        : +118.9%    年化(CAGR) +8.2%
最大回撤(日频)  : 8.5%
建仓 1156 笔 / 跳过 494 笔 (命中率 70.1%)
并发持仓: 最大 112 | 平均 4.4 | 期末 0
日频夏普(年化)  : 1.28

逐年资金归属(日频净值):
  2016: 收益+0.1%  年内回撤0.8%  期末100万
  2017: 收益+1.6%  年内回撤2.8%  期末101万
  2018: 收益+22.9%  年内回撤3.5%  期末125万
  2019: 收益+1.8%  年内回撤5.6%  期末127万
  2020: 收益+17.4%  年内回撤0.9%  期末150万
  2021: 收益+1.5%  年内回撤0.1%  期末152万
  2022: 收益+13.2%  年内回撤3.1%  期末172万
  2023: 收益+0.0%  年内回撤0.0%  期末172万
  2024: 收益+9.2%  年内回撤8.5%  期末188万
  2025: 收益+11.4%  年内回撤2.3%  期末209万
  2026: 收益+4.3%  年内回撤1.2%  期末218万
净值曲线已保存: trades_panic_nav_100w.csv
