板块: 沪深主板(3193只) | 恐慌阈值 60 | 资金 100万 每笔2.0万
个股回测: 18986笔 信号, 用时7s
量比过滤(信号日量/前8日均量 ≥ 1): 7757 -> 4302 笔
计算流通市值(成交额/换手率×100, 亿元)...
市值过滤(流通市值 [100, 500]亿): 4302 -> 950 笔
恐慌日过滤: 保留 950 笔 (丢弃 18036 笔孤立信号) | 恐慌日 46 天
==============================================================
个股层(已扣成本): 950笔  胜率84.5%  平均净+8.83%  PF8.01
==============================================================
逐年(交易层):
  2016:     3笔  平均净-2.03%  胜率33%
  2017:    36笔  平均净+2.53%  胜率72%
  2018:   137笔  平均净+5.66%  胜率83%
  2019:    14笔  平均净+0.18%  胜率43%
  2020:   124笔  平均净+15.61%  胜率100%
  2021:     2笔  平均净+16.08%  胜率100%
  2022:   217笔  平均净+9.02%  胜率88%
  2024:   237笔  平均净+9.41%  胜率73%
  2025:   145笔  平均净+8.09%  胜率93%
  2026:    35笔  平均净+5.78%  胜率83%
交易明细: trades_panic.csv

==============================================================
组合模拟(资金 100万, 每笔 2.0万)
==============================================================
建仓顺序: 市值从小到大优先(资金不足时小市值先拿仓位)
期末净值        : 191.2万  (初始 100万)
总收益率        : +91.2%    年化(CAGR) +6.7%
最大回撤(日频)  : 4.9%
建仓 648 笔 / 跳过 302 笔 (命中率 68.2%)
并发持仓: 最大 100 | 平均 2.5 | 期末 0
日频夏普(年化)  : 1.34

逐年资金归属(日频净值):
  2016: 收益+0.2%  年内回撤0.1%  期末100万
  2017: 收益+1.2%  年内回撤1.2%  期末101万
  2018: 收益+14.1%  年内回撤3.0%  期末115万
  2019: 收益+0.2%  年内回撤1.0%  期末116万
  2020: 收益+16.0%  年内回撤0.8%  期末134万
  2021: 收益+0.4%  年内回撤0.0%  期末135万
  2022: 收益+11.5%  年内回撤2.8%  期末150万
  2023: 收益+0.0%  年内回撤0.0%  期末150万
  2024: 收益+12.8%  年内回撤4.9%  期末170万
  2025: 收益+10.0%  年内回撤2.2%  期末187万
  2026: 收益+2.1%  年内回撤0.3%  期末191万
净值曲线已保存: trades_panic_nav_100w.csv
