板块: 3193只 | 再平衡: 每20日(119期, 2016-11-30~2026-08-19) | top10 | 买<=-6%/卖>=+6% @MA20
选股: 217549 个(期×股)有效股息率, 用时8s
每期选中 10 只(中位), 选中股息率中位数 12.1%
高抛低吸回测: 489笔, 用时9s
==============================================================
个股层(已扣成本): 489笔  胜率45.6%  平均净+0.51%  PF1.14  平均持16根
==============================================================

按出场方式:
出场         笔数      占比      平均收益       胜率
HIGH      119   24.3%    13.47%   100.0%
SL        181   37.0%    -8.38%     0.0%
TIME       87   17.8%     0.82%    50.6%
DESEL     102   20.9%     0.92%    58.8%

逐年(交易层):
  2016:     3笔  平均净+6.53%  胜率100%
  2017:    29笔  平均净+1.11%  胜率62%
  2018:    79笔  平均净-0.13%  胜率42%
  2019:    53笔  平均净-0.40%  胜率45%
  2020:    42笔  平均净+0.85%  胜率40%
  2021:    60笔  平均净+1.09%  胜率48%
  2022:    67笔  平均净+1.61%  胜率55%
  2023:    31笔  平均净+0.08%  胜率45%
  2024:    58笔  平均净+0.08%  胜率36%
  2025:    28笔  平均净+0.63%  胜率43%
  2026:    39笔  平均净-0.08%  胜率38%

交易明细: trades_dividend_band_wide.csv

==============================================================
组合模拟(资金 100万, 每笔 10万, top10只高股息)
==============================================================
期末净值        : 130.7万  (初始 100万)
总收益率        : +30.7%    年化(CAGR) +2.7%
期间            : 2016-08-29 ~ 2026-08-25
最大回撤(日频)  : 16.0%
建仓 487 笔 / 跳过 2 笔 (命中率 99.6%)
并发持仓: 最大 10 | 平均 3.0 | 期末 0
日频夏普(年化)  : 0.35

==============================================================
基准: 买入持有高股息篮子(等权, hfq 全收益, 同期)
==============================================================
期末净值        : 1.46  (初始1)
总收益率        : +46.1%    年化(CAGR) +4.0%
最大回撤        : 29.7%
高抛低吸 vs 持有: +30.7% vs +46.1% → 持有篮子胜

逐年资金归属(高抛低吸, 日频净值):
  2016: 收益+0.5%  年内回撤0.4%  期末100万
  2017: 收益+3.5%  年内回撤4.4%  期末104万
  2018: 收益-0.9%  年内回撤14.7%  期末103万
  2019: 收益-0.4%  年内回撤12.6%  期末102万
  2020: 收益+6.0%  年内回撤9.4%  期末108万
  2021: 收益+6.1%  年内回撤7.5%  期末115万
  2022: 收益+5.9%  年内回撤8.7%  期末122万
  2023: 收益+3.8%  年内回撤4.0%  期末127万
  2024: 收益+1.5%  年内回撤8.4%  期末129万
  2025: 收益+0.2%  年内回撤3.0%  期末129万
  2026: 收益+0.9%  年内回撤10.2%  期末130万
净值曲线已保存: trades_dividend_band_wide_nav_100w.csv
