板块: 3193只 | 再平衡: 每20日(119期, 2016-11-30~2026-08-19) | top10 | 买<=-4%/卖>=+4% @MA20
选股: 229986 个(期×股)有效股息率, 用时9s
每期选中 10 只(中位), 选中股息率中位数 12.6%
高抛低吸回测: 720笔, 用时8s
==============================================================
个股层(已扣成本): 720笔  胜率48.3%  平均净+0.13%  PF1.04  平均持15根
==============================================================

按出场方式:
出场         笔数      占比      平均收益       胜率
HIGH      255   35.4%     9.41%    99.6%
SL        262   36.4%    -8.43%     0.0%
TIME       85   11.8%    -1.23%    37.6%
DESEL     118   16.4%     0.07%    52.5%

逐年(交易层):
  2016:     5笔  平均净+3.67%  胜率100%
  2017:    44笔  平均净+0.20%  胜率61%
  2018:   107笔  平均净-0.71%  胜率42%
  2019:    78笔  平均净+0.18%  胜率53%
  2020:    67笔  平均净-0.22%  胜率43%
  2021:    76笔  平均净+0.83%  胜率49%
  2022:    92笔  平均净+0.57%  胜率50%
  2023:    58笔  平均净+0.08%  胜率50%
  2024:    89笔  平均净-0.42%  胜率42%
  2025:    53笔  平均净+1.57%  胜率55%
  2026:    51笔  平均净-0.43%  胜率45%

交易明细: trades_dividend_band_nope.csv

==============================================================
组合模拟(资金 100万, 每笔 10万, top10只高股息)
==============================================================
期末净值        : 110.6万  (初始 100万)
总收益率        : +10.6%    年化(CAGR) +1.0%
期间            : 2016-08-29 ~ 2026-08-25
最大回撤(日频)  : 19.9%
建仓 710 笔 / 跳过 10 笔 (命中率 98.6%)
并发持仓: 最大 10 | 平均 4.1 | 期末 0
日频夏普(年化)  : 0.15

==============================================================
基准: 买入持有高股息篮子(等权, hfq 全收益, 同期)
==============================================================
期末净值        : 1.36  (初始1)
总收益率        : +35.6%    年化(CAGR) +3.2%
最大回撤        : 29.7%
高抛低吸 vs 持有: +10.6% vs +35.6% → 持有篮子胜

逐年资金归属(高抛低吸, 日频净值):
  2016: 收益+0.2%  年内回撤0.6%  期末100万
  2017: 收益+1.7%  年内回撤6.6%  期末102万
  2018: 收益-9.4%  年内回撤19.2%  期末93万
  2019: 收益+2.2%  年内回撤17.3%  期末94万
  2020: 收益+1.9%  年内回撤6.8%  期末97万
  2021: 收益+1.2%  年内回撤10.8%  期末98万
  2022: 收益+3.0%  年内回撤11.4%  期末101万
  2023: 收益+6.2%  年内回撤6.2%  期末108万
  2024: 收益-2.0%  年内回撤15.0%  期末106万
  2025: 收益+5.4%  年内回撤3.0%  期末111万
  2026: 收益-1.0%  年内回撤11.7%  期末110万
净值曲线已保存: trades_dividend_band_nope_nav_100w.csv
