板块: 3193只 | 再平衡: 每20日(119期, 2016-11-30~2026-08-19) | top20 | 买<=-4%/卖>=+4% @MA20
选股: 217549 个(期×股)有效股息率, 用时11s
每期选中 20 只(中位), 选中股息率中位数 10.2%
高抛低吸回测: 1380笔, 用时9s
==============================================================
个股层(已扣成本): 1380笔  胜率48.1%  平均净+0.17%  PF1.05  平均持15根
==============================================================

按出场方式:
出场         笔数      占比      平均收益       胜率
HIGH      491   35.6%     9.39%    99.6%
SL        495   35.9%    -8.41%     0.0%
TIME      181   13.1%    -0.95%    39.8%
DESEL     213   15.4%    -0.16%    48.4%

逐年(交易层):
  2016:     9笔  平均净+3.00%  胜率100%
  2017:    88笔  平均净+0.22%  胜率57%
  2018:   207笔  平均净-0.76%  胜率41%
  2019:   145笔  平均净+0.39%  胜率52%
  2020:   130笔  平均净+0.83%  胜率46%
  2021:   151笔  平均净+1.47%  胜率56%
  2022:   174笔  平均净-0.22%  胜率46%
  2023:    99笔  平均净+0.55%  胜率54%
  2024:   182笔  平均净-0.39%  胜率38%
  2025:    94笔  平均净+1.08%  胜率53%
  2026:   101笔  平均净-0.81%  胜率47%

交易明细: trades_dividend_band_top20.csv

==============================================================
组合模拟(资金 100万, 每笔 10万, top20只高股息)
==============================================================
期末净值        : 89.3万  (初始 100万)
总收益率        : -10.7%    年化(CAGR) -1.1%
期间            : 2016-08-29 ~ 2026-08-25
最大回撤(日频)  : 30.7%
建仓 967 笔 / 跳过 413 笔 (命中率 70.1%)
并发持仓: 最大 11 | 平均 5.7 | 期末 0
日频夏普(年化)  : -0.00

==============================================================
基准: 买入持有高股息篮子(等权, hfq 全收益, 同期)
==============================================================
期末净值        : 1.58  (初始1)
总收益率        : +57.9%    年化(CAGR) +4.8%
最大回撤        : 28.1%
高抛低吸 vs 持有: -10.7% vs +57.9% → 持有篮子胜

逐年资金归属(高抛低吸, 日频净值):
  2016: 收益+0.2%  年内回撤0.7%  期末100万
  2017: 收益+1.0%  年内回撤10.3%  期末101万
  2018: 收益-17.6%  年内回撤22.6%  期末85万
  2019: 收益+8.2%  年内回撤20.9%  期末91万
  2020: 收益-5.0%  年内回撤10.4%  期末87万
  2021: 收益+6.5%  年内回撤10.6%  期末94万
  2022: 收益-13.8%  年内回撤23.1%  期末81万
  2023: 收益+15.8%  年内回撤6.6%  期末95万
  2024: 收益-3.9%  年内回撤23.1%  期末92万
  2025: 收益+4.6%  年内回撤6.3%  期末95万
  2026: 收益-7.2%  年内回撤21.4%  期末89万
净值曲线已保存: trades_dividend_band_top20_nav_100w.csv
