板块: 3193只 | 再平衡: 每20日(119期, 2016-11-30~2026-08-19) | top10 | 买<=-3%/卖>=+3% @MA20
选股: 217549 个(期×股)有效股息率, 用时8s
每期选中 10 只(中位), 选中股息率中位数 12.1%
高抛低吸回测: 829笔, 用时8s
==============================================================
个股层(已扣成本): 829笔  胜率50.5%  平均净+0.01%  PF1.00  平均持14根
==============================================================

按出场方式:
出场         笔数      占比      平均收益       胜率
HIGH      335   40.4%     7.57%    99.7%
SL        278   33.5%    -8.46%     0.0%
TIME       74    8.9%    -1.96%    28.4%
DESEL     142   17.1%    -0.24%    45.1%

逐年(交易层):
  2016:     6笔  平均净+3.65%  胜率100%
  2017:    52笔  平均净+0.56%  胜率65%
  2018:   117笔  平均净-0.57%  胜率45%
  2019:    85笔  平均净+0.00%  胜率53%
  2020:    83笔  平均净-0.94%  胜率45%
  2021:    85笔  平均净+1.16%  胜率55%
  2022:   106笔  平均净-0.08%  胜率48%
  2023:    68笔  平均净+0.19%  胜率51%
  2024:   100笔  平均净-0.73%  胜率43%
  2025:    66笔  平均净+1.11%  胜率58%
  2026:    61笔  平均净-0.10%  胜率49%

交易明细: trades_dividend_band_tight.csv

==============================================================
组合模拟(资金 100万, 每笔 10万, top10只高股息)
==============================================================
期末净值        : 102.0万  (初始 100万)
总收益率        : +2.0%    年化(CAGR) +0.2%
期间            : 2016-08-29 ~ 2026-08-25
最大回撤(日频)  : 23.3%
建仓 812 笔 / 跳过 17 笔 (命中率 97.9%)
并发持仓: 最大 10 | 平均 4.4 | 期末 0
日频夏普(年化)  : 0.08

==============================================================
基准: 买入持有高股息篮子(等权, hfq 全收益, 同期)
==============================================================
期末净值        : 1.46  (初始1)
总收益率        : +46.1%    年化(CAGR) +4.0%
最大回撤        : 29.7%
高抛低吸 vs 持有: +2.0% vs +46.1% → 持有篮子胜

逐年资金归属(高抛低吸, 日频净值):
  2016: 收益+0.2%  年内回撤0.8%  期末100万
  2017: 收益+3.9%  年内回撤5.9%  期末104万
  2018: 收益-10.1%  年内回撤19.3%  期末94万
  2019: 收益+3.5%  年内回撤18.0%  期末97万
  2020: 收益-3.5%  年内回撤9.8%  期末94万
  2021: 收益+1.7%  年内回撤12.5%  期末96万
  2022: 收益+0.3%  年内回撤10.3%  期末96万
  2023: 收益+5.0%  年内回撤7.4%  期末101万
  2024: 收益-3.0%  年内回撤15.4%  期末99万
  2025: 收益+4.6%  年内回撤4.2%  期末102万
  2026: 收益-0.6%  年内回撤13.5%  期末101万
净值曲线已保存: trades_dividend_band_tight_nav_100w.csv
