扫描组合数: 24
载入 5212 只股票数据...
可用 5212 只
  [5/24] 完成 | 用时32s
  [10/24] 完成 | 用时50s
  [15/24] 完成 | 用时74s
  [20/24] 完成 | 用时98s
  [24/24] 完成 | 用时116s

扫描完成，总用时 117s

================================================================================
排名  MA      窗   回踩     止盈    止损         笔数    净PF      平均净      胜率      成本       净累计
--------------------------------------------------------------------------------
1   5/24    6   0.10   3     2.0     50419   0.95   -0.15%   45.5%   0.36%    -7461%
2   5/24    6   0.10   4     2.0     50418   0.95   -0.17%   44.2%   0.36%    -8457%
3   5/24    6   0.10   5     2.0     50418   0.95   -0.18%   43.8%   0.36%    -8854%
4   5/24    6   0.10   6     2.0     50418   0.94   -0.19%   43.6%   0.36%    -9632%
5   5/24    6   0.10   3     1.5     50615   0.94   -0.18%   41.8%   0.36%    -9107%
6   5/24    6   0.10   4     1.5     50614   0.94   -0.20%   40.5%   0.36%    -9899%
7   5/24    6   0.10   5     1.5     50614   0.93   -0.20%   40.1%   0.36%   -10363%
8   5/24    6   0.10   6     1.5     50614   0.93   -0.22%   40.0%   0.36%   -11110%
9   5/24    6   0.05   3     2.0     27261   0.93   -0.23%   44.8%   0.36%    -6281%
10  5/24    6   0.05   5     2.0     27261   0.92   -0.25%   43.2%   0.36%    -6834%
11  5/24    6   0.05   4     2.0     27261   0.92   -0.25%   43.6%   0.36%    -6836%
12  5/24    6   0.05   3     1.5     27316   0.92   -0.24%   41.3%   0.36%    -6552%
13  5/24    6   0.10   3     1.0     50879   0.92   -0.22%   34.0%   0.36%   -11042%
14  5/24    6   0.05   5     1.5     27316   0.92   -0.26%   39.7%   0.36%    -7013%
15  5/24    6   0.05   6     2.0     27261   0.92   -0.27%   43.0%   0.36%    -7414%
16  5/24    6   0.05   4     1.5     27316   0.92   -0.26%   40.1%   0.36%    -7003%
17  5/24    6   0.10   4     1.0     50878   0.91   -0.23%   32.9%   0.36%   -11875%
18  5/24    6   0.05   6     1.5     27316   0.91   -0.28%   39.5%   0.36%    -7626%
19  5/24    6   0.10   5     1.0     50878   0.91   -0.24%   32.5%   0.36%   -12304%
20  5/24    6   0.05   3     1.0     27394   0.91   -0.24%   33.8%   0.36%    -6540%
21  5/24    6   0.05   5     1.0     27394   0.91   -0.25%   32.3%   0.36%    -6894%
22  5/24    6   0.10   6     1.0     50878   0.91   -0.25%   32.3%   0.36%   -12853%
23  5/24    6   0.05   4     1.0     27394   0.91   -0.25%   32.6%   0.36%    -6943%
24  5/24    6   0.05   6     1.0     27394   0.90   -0.27%   32.1%   0.36%    -7399%
--------------------------------------------------------------------------------
扣成本后净PF>1 的组合: 0/24  (* 标记)

已保存: sweep_results.csv
